<?xml version="1.0"?>
<link_info>
   <banner>TI ARM Linker Unix v15.12.1.LTS</banner>
   <copyright>Copyright (c) 1996-2015 Texas Instruments Incorporated</copyright>
   <link_time>0x5761b68d</link_time>
   <link_errors>0x0</link_errors>
   <output_file>RLWE.out</output_file>
   <entry_point>
      <name>_c_int00</name>
      <address>0x1fd1</address>
   </entry_point>
   <input_file_list>
      <input_file id="fl-2">
         <path>./</path>
         <kind>object</kind>
         <file>main.obj</file>
         <name>main.obj</name>
      </input_file>
      <input_file id="fl-3">
         <path>./</path>
         <kind>object</kind>
         <file>startup_msp432p401r_ccs.obj</file>
         <name>startup_msp432p401r_ccs.obj</name>
      </input_file>
      <input_file id="fl-4">
         <path>./</path>
         <kind>object</kind>
         <file>system_msp432p401r.obj</file>
         <name>system_msp432p401r.obj</name>
      </input_file>
      <input_file id="fl-be">
         <path>/home/jnortiz/ti_0/ccsv6/tools/compiler/ti-cgt-arm_15.12.1.LTS/lib/</path>
         <kind>archive</kind>
         <file>rtsv7M4_T_le_v4SPD16_eabi.lib</file>
         <name>boot.obj</name>
      </input_file>
      <input_file id="fl-bf">
         <path>/home/jnortiz/ti_0/ccsv6/tools/compiler/ti-cgt-arm_15.12.1.LTS/lib/</path>
         <kind>archive</kind>
         <file>rtsv7M4_T_le_v4SPD16_eabi.lib</file>
         <name>copy_decompress_none.obj</name>
      </input_file>
      <input_file id="fl-c0">
         <path>/home/jnortiz/ti_0/ccsv6/tools/compiler/ti-cgt-arm_15.12.1.LTS/lib/</path>
         <kind>archive</kind>
         <file>rtsv7M4_T_le_v4SPD16_eabi.lib</file>
         <name>copy_decompress_rle.obj</name>
      </input_file>
      <input_file id="fl-c1">
         <path>/home/jnortiz/ti_0/ccsv6/tools/compiler/ti-cgt-arm_15.12.1.LTS/lib/</path>
         <kind>archive</kind>
         <file>rtsv7M4_T_le_v4SPD16_eabi.lib</file>
         <name>copy_zero_init.obj</name>
      </input_file>
      <input_file id="fl-c2">
         <path>/home/jnortiz/ti_0/ccsv6/tools/compiler/ti-cgt-arm_15.12.1.LTS/lib/</path>
         <kind>archive</kind>
         <file>rtsv7M4_T_le_v4SPD16_eabi.lib</file>
         <name>exit.obj</name>
      </input_file>
      <input_file id="fl-c3">
         <path>/home/jnortiz/ti_0/ccsv6/tools/compiler/ti-cgt-arm_15.12.1.LTS/lib/</path>
         <kind>archive</kind>
         <file>rtsv7M4_T_le_v4SPD16_eabi.lib</file>
         <name>memcpy_t2.obj</name>
      </input_file>
      <input_file id="fl-c4">
         <path>/home/jnortiz/ti_0/ccsv6/tools/compiler/ti-cgt-arm_15.12.1.LTS/lib/</path>
         <kind>archive</kind>
         <file>rtsv7M4_T_le_v4SPD16_eabi.lib</file>
         <name>memset_t2.obj</name>
      </input_file>
      <input_file id="fl-c5">
         <path>/home/jnortiz/ti_0/ccsv6/tools/compiler/ti-cgt-arm_15.12.1.LTS/lib/</path>
         <kind>archive</kind>
         <file>rtsv7M4_T_le_v4SPD16_eabi.lib</file>
         <name>mpu_init.obj</name>
      </input_file>
      <input_file id="fl-c6">
         <path>/home/jnortiz/ti_0/ccsv6/tools/compiler/ti-cgt-arm_15.12.1.LTS/lib/</path>
         <kind>archive</kind>
         <file>rtsv7M4_T_le_v4SPD16_eabi.lib</file>
         <name>pre_init.obj</name>
      </input_file>
      <input_file id="fl-c7">
         <path>/home/jnortiz/ti_0/ccsv6/tools/compiler/ti-cgt-arm_15.12.1.LTS/lib/</path>
         <kind>archive</kind>
         <file>rtsv7M4_T_le_v4SPD16_eabi.lib</file>
         <name>rand.obj</name>
      </input_file>
      <input_file id="fl-c8">
         <path>/home/jnortiz/ti_0/ccsv6/tools/compiler/ti-cgt-arm_15.12.1.LTS/lib/</path>
         <kind>archive</kind>
         <file>rtsv7M4_T_le_v4SPD16_eabi.lib</file>
         <name>stkdepth_vars.obj</name>
      </input_file>
      <input_file id="fl-c9">
         <path>/home/jnortiz/ti_0/ccsv6/tools/compiler/ti-cgt-arm_15.12.1.LTS/lib/</path>
         <kind>archive</kind>
         <file>rtsv7M4_T_le_v4SPD16_eabi.lib</file>
         <name>time.obj</name>
      </input_file>
      <input_file id="fl-ca">
         <path>/home/jnortiz/ti_0/ccsv6/tools/compiler/ti-cgt-arm_15.12.1.LTS/lib/</path>
         <kind>archive</kind>
         <file>rtsv7M4_T_le_v4SPD16_eabi.lib</file>
         <name>trgdrv.obj</name>
      </input_file>
      <input_file id="fl-cb">
         <path>/home/jnortiz/ti_0/ccsv6/tools/compiler/ti-cgt-arm_15.12.1.LTS/lib/</path>
         <kind>archive</kind>
         <file>rtsv7M4_T_le_v4SPD16_eabi.lib</file>
         <name>trgmsg.obj</name>
      </input_file>
      <input_file id="fl-cc">
         <path>/home/jnortiz/ti_0/ccsv6/tools/compiler/ti-cgt-arm_15.12.1.LTS/lib/</path>
         <kind>archive</kind>
         <file>rtsv7M4_T_le_v4SPD16_eabi.lib</file>
         <name>_lock.obj</name>
      </input_file>
      <input_file id="fl-cd">
         <path>/home/jnortiz/ti_0/ccsv6/tools/compiler/ti-cgt-arm_15.12.1.LTS/lib/</path>
         <kind>archive</kind>
         <file>rtsv7M4_T_le_v4SPD16_eabi.lib</file>
         <name>args_main.obj</name>
      </input_file>
      <input_file id="fl-ce">
         <path>/home/jnortiz/ti_0/ccsv6/tools/compiler/ti-cgt-arm_15.12.1.LTS/lib/</path>
         <kind>archive</kind>
         <file>rtsv7M4_T_le_v4SPD16_eabi.lib</file>
         <name>autoinit.obj</name>
      </input_file>
      <input_file id="fl-cf">
         <path>/home/jnortiz/ti_0/ccsv6/tools/compiler/ti-cgt-arm_15.12.1.LTS/lib/</path>
         <kind>archive</kind>
         <file>rtsv7M4_T_le_v4SPD16_eabi.lib</file>
         <name>cpy_tbl.obj</name>
      </input_file>
      <input_file id="fl-d0">
         <path>/home/jnortiz/ti_0/ccsv6/tools/compiler/ti-cgt-arm_15.12.1.LTS/lib/</path>
         <kind>archive</kind>
         <file>rtsv7M4_T_le_v4SPD16_eabi.lib</file>
         <name>startup.obj</name>
      </input_file>
      <input_file id="fl-d1">
         <path>/home/jnortiz/ti_0/ccsv6/tools/compiler/ti-cgt-arm_15.12.1.LTS/lib/</path>
         <kind>archive</kind>
         <file>rtsv7M4_T_le_v4SPD16_eabi.lib</file>
         <name>strcpy.obj</name>
      </input_file>
      <input_file id="fl-d2">
         <path>/home/jnortiz/ti_0/ccsv6/tools/compiler/ti-cgt-arm_15.12.1.LTS/lib/</path>
         <kind>archive</kind>
         <file>rtsv7M4_T_le_v4SPD16_eabi.lib</file>
         <name>strlen.obj</name>
      </input_file>
   </input_file_list>
   <object_component_list>
      <object_component id="oc-2a">
         <name>.intvecs:retain</name>
         <load_address>0x0</load_address>
         <run_address>0x0</run_address>
         <size>0x140</size>
         <input_file_ref idref="fl-3"/>
      </object_component>
      <object_component id="oc-a6">
         <name>.text</name>
         <load_address>0x1440</load_address>
         <run_address>0x1440</run_address>
         <size>0x388</size>
         <input_file_ref idref="fl-2"/>
      </object_component>
      <object_component id="oc-11a">
         <name>.text</name>
         <load_address>0x17c8</load_address>
         <run_address>0x17c8</run_address>
         <size>0x324</size>
         <input_file_ref idref="fl-ca"/>
      </object_component>
      <object_component id="oc-b9">
         <name>.text</name>
         <load_address>0x1aec</load_address>
         <run_address>0x1aec</run_address>
         <size>0x288</size>
         <input_file_ref idref="fl-4"/>
      </object_component>
      <object_component id="oc-2e">
         <name>.text</name>
         <load_address>0x1d74</load_address>
         <run_address>0x1d74</run_address>
         <size>0x9c</size>
         <input_file_ref idref="fl-c3"/>
      </object_component>
      <object_component id="oc-47">
         <name>.text</name>
         <load_address>0x1e10</load_address>
         <run_address>0x1e10</run_address>
         <size>0x7a</size>
         <input_file_ref idref="fl-c4"/>
      </object_component>
      <object_component id="oc-53">
         <name>.text</name>
         <load_address>0x1e8a</load_address>
         <run_address>0x1e8a</run_address>
         <size>0x2</size>
         <input_file_ref idref="fl-c5"/>
      </object_component>
      <object_component id="oc-5f">
         <name>.text</name>
         <load_address>0x1e8c</load_address>
         <run_address>0x1e8c</run_address>
         <size>0x70</size>
         <input_file_ref idref="fl-ce"/>
      </object_component>
      <object_component id="oc-3a">
         <name>.text</name>
         <load_address>0x1efc</load_address>
         <run_address>0x1efc</run_address>
         <size>0x6a</size>
         <input_file_ref idref="fl-c0"/>
      </object_component>
      <object_component id="oc-9e">
         <name>.text</name>
         <load_address>0x1f66</load_address>
         <run_address>0x1f66</run_address>
         <size>0x2</size>
         <input_file_ref idref="fl-d0"/>
      </object_component>
      <object_component id="oc-14b">
         <name>.text</name>
         <load_address>0x1f68</load_address>
         <run_address>0x1f68</run_address>
         <size>0x68</size>
         <input_file_ref idref="fl-cb"/>
      </object_component>
      <object_component id="oc-24">
         <name>.text</name>
         <load_address>0x1fd0</load_address>
         <run_address>0x1fd0</run_address>
         <size>0x54</size>
         <input_file_ref idref="fl-be"/>
      </object_component>
      <object_component id="oc-6b">
         <name>.text</name>
         <load_address>0x2024</load_address>
         <run_address>0x2024</run_address>
         <size>0x54</size>
         <input_file_ref idref="fl-c2"/>
      </object_component>
      <object_component id="oc-98">
         <name>.text</name>
         <load_address>0x2078</load_address>
         <run_address>0x2078</run_address>
         <size>0x4c</size>
         <input_file_ref idref="fl-cf"/>
      </object_component>
      <object_component id="oc-d1">
         <name>.text</name>
         <load_address>0x20c4</load_address>
         <run_address>0x20c4</run_address>
         <size>0x4c</size>
         <input_file_ref idref="fl-c7"/>
      </object_component>
      <object_component id="oc-65">
         <name>.text</name>
         <load_address>0x2110</load_address>
         <run_address>0x2110</run_address>
         <size>0x18</size>
         <input_file_ref idref="fl-cd"/>
      </object_component>
      <object_component id="oc-fe">
         <name>.text</name>
         <load_address>0x2128</load_address>
         <run_address>0x2128</run_address>
         <size>0x14</size>
         <input_file_ref idref="fl-cc"/>
      </object_component>
      <object_component id="oc-157">
         <name>.text</name>
         <load_address>0x213c</load_address>
         <run_address>0x213c</run_address>
         <size>0x14</size>
         <input_file_ref idref="fl-d1"/>
      </object_component>
      <object_component id="oc-151">
         <name>.text</name>
         <load_address>0x2150</load_address>
         <run_address>0x2150</run_address>
         <size>0x14</size>
         <input_file_ref idref="fl-d2"/>
      </object_component>
      <object_component id="oc-75">
         <name>.text</name>
         <load_address>0x2164</load_address>
         <run_address>0x2164</run_address>
         <size>0x12</size>
         <input_file_ref idref="fl-3"/>
      </object_component>
      <object_component id="oc-12">
         <name>.text:decompress:none</name>
         <load_address>0x2176</load_address>
         <run_address>0x2176</run_address>
         <size>0xe</size>
         <input_file_ref idref="fl-bf"/>
      </object_component>
      <object_component id="oc-d7">
         <name>.text</name>
         <load_address>0x2184</load_address>
         <run_address>0x2184</run_address>
         <size>0xe</size>
         <input_file_ref idref="fl-c9"/>
      </object_component>
      <object_component id="oc-18">
         <name>.text:decompress:rle24</name>
         <load_address>0x2192</load_address>
         <run_address>0x2192</run_address>
         <size>0x6</size>
         <input_file_ref idref="fl-c0"/>
      </object_component>
      <object_component id="oc-59">
         <name>.text</name>
         <load_address>0x2198</load_address>
         <run_address>0x2198</run_address>
         <size>0x4</size>
         <input_file_ref idref="fl-c6"/>
      </object_component>
      <object_component id="oc-ec">
         <name>.const:psi_inv_rev</name>
         <load_address>0x140</load_address>
         <run_address>0x140</run_address>
         <size>0x800</size>
         <input_file_ref idref="fl-2"/>
      </object_component>
      <object_component id="oc-e9">
         <name>.const:psi_rev</name>
         <load_address>0x940</load_address>
         <run_address>0x940</run_address>
         <size>0x800</size>
         <input_file_ref idref="fl-2"/>
      </object_component>
      <object_component id="oc-e3">
         <name>.const:_p32_t</name>
         <load_address>0x1140</load_address>
         <run_address>0x1140</run_address>
         <size>0x200</size>
         <input_file_ref idref="fl-2"/>
      </object_component>
      <object_component id="oc-e0">
         <name>.const:.string:_hw</name>
         <load_address>0x1340</load_address>
         <run_address>0x1340</run_address>
         <size>0x80</size>
         <input_file_ref idref="fl-2"/>
      </object_component>
      <object_component id="oc-e6">
         <name>.const:.string:_p8_t</name>
         <load_address>0x13c0</load_address>
         <run_address>0x13c0</run_address>
         <size>0x80</size>
         <input_file_ref idref="fl-2"/>
      </object_component>
      <object_component id="oc-1ad">
         <name>.cinit..data.load</name>
         <load_address>0x21a0</load_address>
         <run_address>0x21a0</run_address>
         <size>0x1d</size>
      </object_component>
      <object_component id="oc-1ae">
         <name>.cinit..bss.load</name>
         <load_address>0x21c0</load_address>
         <run_address>0x21c0</run_address>
         <size>0xb</size>
      </object_component>
      <object_component id="oc-1ab">
         <name>__TI_handler_table</name>
         <load_address>0x21cc</load_address>
         <run_address>0x21cc</run_address>
         <size>0x8</size>
      </object_component>
      <object_component id="oc-1ac">
         <name>__TI_cinit_table</name>
         <load_address>0x21d4</load_address>
         <run_address>0x21d4</run_address>
         <size>0x10</size>
      </object_component>
      <object_component id="oc-18a">
         <name>.binit</name>
         <load_address>0x0</load_address>
         <run_address>0x0</run_address>
         <size>0x0</size>
      </object_component>
      <object_component id="oc-10a">
         <name>.data</name>
         <load_address>0x20000344</load_address>
         <run_address>0x20000344</run_address>
         <size>0x4</size>
         <input_file_ref idref="fl-4"/>
      </object_component>
      <object_component id="oc-ae">
         <name>.data:$O1$$</name>
         <load_address>0x20000328</load_address>
         <run_address>0x20000328</run_address>
         <size>0xc</size>
         <input_file_ref idref="fl-c2"/>
      </object_component>
      <object_component id="oc-115">
         <name>.data</name>
         <load_address>0x2000033c</load_address>
         <run_address>0x2000033c</run_address>
         <size>0x4</size>
         <input_file_ref idref="fl-c7"/>
      </object_component>
      <object_component id="oc-71">
         <name>.data</name>
         <load_address>0x20000340</load_address>
         <run_address>0x20000340</run_address>
         <size>0x4</size>
         <input_file_ref idref="fl-c8"/>
      </object_component>
      <object_component id="oc-b1">
         <name>.data:$O1$$</name>
         <load_address>0x20000334</load_address>
         <run_address>0x20000334</run_address>
         <size>0x8</size>
         <input_file_ref idref="fl-cc"/>
      </object_component>
      <object_component id="oc-15d">
         <name>.bss:parmbuf</name>
         <uninitialized>true</uninitialized>
         <run_address>0x20000320</run_address>
         <size>0x8</size>
         <input_file_ref idref="fl-ca"/>
      </object_component>
      <object_component id="oc-16e">
         <name>.bss:_CIOBUF_</name>
         <uninitialized>true</uninitialized>
         <run_address>0x20000200</run_address>
         <size>0x120</size>
         <input_file_ref idref="fl-cb"/>
      </object_component>
      <object_component id="oc-dd">
         <name>.common:randomBits</name>
         <uninitialized>true</uninitialized>
         <run_address>0x20000000</run_address>
         <size>0x200</size>
      </object_component>
      <object_component id="oc-2d">
         <name>.stack</name>
         <uninitialized>true</uninitialized>
         <run_address>0x2000fe00</run_address>
         <size>0x0</size>
         <input_file_ref idref="fl-be"/>
      </object_component>
      <object_component id="oc-1af">
         <name>.stack</name>
         <uninitialized>true</uninitialized>
         <run_address>0x2000fe00</run_address>
         <size>0x0</size>
      </object_component>
      <object_component id="oc-de">
         <name>.debug_info</name>
         <load_address>0x0</load_address>
         <run_address>0x0</run_address>
         <size>0x49f</size>
         <input_file_ref idref="fl-2"/>
      </object_component>
      <object_component id="oc-e4">
         <name>.debug_info</name>
         <load_address>0x49f</load_address>
         <run_address>0x49f</run_address>
         <size>0xd3</size>
         <input_file_ref idref="fl-2"/>
      </object_component>
      <object_component id="oc-e7">
         <name>.debug_info</name>
         <load_address>0x572</load_address>
         <run_address>0x572</run_address>
         <size>0xd1</size>
         <input_file_ref idref="fl-2"/>
      </object_component>
      <object_component id="oc-e1">
         <name>.debug_info</name>
         <load_address>0x643</load_address>
         <run_address>0x643</run_address>
         <size>0xcd</size>
         <input_file_ref idref="fl-2"/>
      </object_component>
      <object_component id="oc-ea">
         <name>.debug_info</name>
         <load_address>0x710</load_address>
         <run_address>0x710</run_address>
         <size>0xd5</size>
         <input_file_ref idref="fl-2"/>
      </object_component>
      <object_component id="oc-ed">
         <name>.debug_info</name>
         <load_address>0x7e5</load_address>
         <run_address>0x7e5</run_address>
         <size>0xdd</size>
         <input_file_ref idref="fl-2"/>
      </object_component>
      <object_component id="oc-a7">
         <name>.debug_info</name>
         <load_address>0x8c2</load_address>
         <run_address>0x8c2</run_address>
         <size>0x7c2</size>
         <input_file_ref idref="fl-2"/>
      </object_component>
      <object_component id="oc-12e">
         <name>.debug_info</name>
         <load_address>0x1084</load_address>
         <run_address>0x1084</run_address>
         <size>0x103e</size>
         <input_file_ref idref="fl-2"/>
      </object_component>
      <object_component id="oc-129">
         <name>.debug_info</name>
         <load_address>0x20c2</load_address>
         <run_address>0x20c2</run_address>
         <size>0x36f2</size>
         <input_file_ref idref="fl-2"/>
      </object_component>
      <object_component id="oc-133">
         <name>.debug_info</name>
         <load_address>0x57b4</load_address>
         <run_address>0x57b4</run_address>
         <size>0x17c</size>
         <input_file_ref idref="fl-2"/>
      </object_component>
      <object_component id="oc-86">
         <name>.debug_info</name>
         <load_address>0x5930</load_address>
         <run_address>0x5930</run_address>
         <size>0x84</size>
         <input_file_ref idref="fl-2"/>
      </object_component>
      <object_component id="oc-f0">
         <name>.debug_info</name>
         <load_address>0x59b4</load_address>
         <run_address>0x59b4</run_address>
         <size>0x18b</size>
         <input_file_ref idref="fl-2"/>
      </object_component>
      <object_component id="oc-7d">
         <name>.debug_info</name>
         <load_address>0x5b3f</load_address>
         <run_address>0x5b3f</run_address>
         <size>0x123</size>
         <input_file_ref idref="fl-3"/>
      </object_component>
      <object_component id="oc-2b">
         <name>.debug_info</name>
         <load_address>0x5c62</load_address>
         <run_address>0x5c62</run_address>
         <size>0xfa</size>
         <input_file_ref idref="fl-3"/>
      </object_component>
      <object_component id="oc-76">
         <name>.debug_info</name>
         <load_address>0x5d5c</load_address>
         <run_address>0x5d5c</run_address>
         <size>0x261</size>
         <input_file_ref idref="fl-3"/>
      </object_component>
      <object_component id="oc-10b">
         <name>.debug_info</name>
         <load_address>0x5fbd</load_address>
         <run_address>0x5fbd</run_address>
         <size>0xf3</size>
         <input_file_ref idref="fl-4"/>
      </object_component>
      <object_component id="oc-ba">
         <name>.debug_info</name>
         <load_address>0x60b0</load_address>
         <run_address>0x60b0</run_address>
         <size>0x25f</size>
         <input_file_ref idref="fl-4"/>
      </object_component>
      <object_component id="oc-25">
         <name>.debug_info</name>
         <load_address>0x630f</load_address>
         <run_address>0x630f</run_address>
         <size>0x17c</size>
         <input_file_ref idref="fl-be"/>
      </object_component>
      <object_component id="oc-39">
         <name>.debug_info</name>
         <load_address>0x648b</load_address>
         <run_address>0x648b</run_address>
         <size>0x15c</size>
         <input_file_ref idref="fl-bf"/>
      </object_component>
      <object_component id="oc-15">
         <name>.debug_info</name>
         <load_address>0x65e7</load_address>
         <run_address>0x65e7</run_address>
         <size>0x1fb</size>
         <input_file_ref idref="fl-bf"/>
      </object_component>
      <object_component id="oc-34">
         <name>.debug_info</name>
         <load_address>0x67e2</load_address>
         <run_address>0x67e2</run_address>
         <size>0x46</size>
         <input_file_ref idref="fl-bf"/>
      </object_component>
      <object_component id="oc-7f">
         <name>.debug_info</name>
         <load_address>0x6828</load_address>
         <run_address>0x6828</run_address>
         <size>0x2c</size>
         <input_file_ref idref="fl-bf"/>
      </object_component>
      <object_component id="oc-41">
         <name>.debug_info</name>
         <load_address>0x6854</load_address>
         <run_address>0x6854</run_address>
         <size>0x150</size>
         <input_file_ref idref="fl-c0"/>
      </object_component>
      <object_component id="oc-3b">
         <name>.debug_info</name>
         <load_address>0x69a4</load_address>
         <run_address>0x69a4</run_address>
         <size>0x263</size>
         <input_file_ref idref="fl-c0"/>
      </object_component>
      <object_component id="oc-19">
         <name>.debug_info</name>
         <load_address>0x6c07</load_address>
         <run_address>0x6c07</run_address>
         <size>0x1cd</size>
         <input_file_ref idref="fl-c0"/>
      </object_component>
      <object_component id="oc-42">
         <name>.debug_info</name>
         <load_address>0x6dd4</load_address>
         <run_address>0x6dd4</run_address>
         <size>0x39</size>
         <input_file_ref idref="fl-c0"/>
      </object_component>
      <object_component id="oc-8e">
         <name>.debug_info</name>
         <load_address>0x6e0d</load_address>
         <run_address>0x6e0d</run_address>
         <size>0x2c</size>
         <input_file_ref idref="fl-c0"/>
      </object_component>
      <object_component id="oc-b5">
         <name>.debug_info</name>
         <load_address>0x6e39</load_address>
         <run_address>0x6e39</run_address>
         <size>0x250</size>
         <input_file_ref idref="fl-c2"/>
      </object_component>
      <object_component id="oc-af">
         <name>.debug_info</name>
         <load_address>0x7089</load_address>
         <run_address>0x7089</run_address>
         <size>0x1a1</size>
         <input_file_ref idref="fl-c2"/>
      </object_component>
      <object_component id="oc-6c">
         <name>.debug_info</name>
         <load_address>0x722a</load_address>
         <run_address>0x722a</run_address>
         <size>0x230</size>
         <input_file_ref idref="fl-c2"/>
      </object_component>
      <object_component id="oc-2f">
         <name>.debug_info</name>
         <load_address>0x745a</load_address>
         <run_address>0x745a</run_address>
         <size>0x12d</size>
         <input_file_ref idref="fl-c3"/>
      </object_component>
      <object_component id="oc-48">
         <name>.debug_info</name>
         <load_address>0x7587</load_address>
         <run_address>0x7587</run_address>
         <size>0x15b</size>
         <input_file_ref idref="fl-c4"/>
      </object_component>
      <object_component id="oc-54">
         <name>.debug_info</name>
         <load_address>0x76e2</load_address>
         <run_address>0x76e2</run_address>
         <size>0x154</size>
         <input_file_ref idref="fl-c5"/>
      </object_component>
      <object_component id="oc-5a">
         <name>.debug_info</name>
         <load_address>0x7836</load_address>
         <run_address>0x7836</run_address>
         <size>0x164</size>
         <input_file_ref idref="fl-c6"/>
      </object_component>
      <object_component id="oc-119">
         <name>.debug_info</name>
         <load_address>0x799a</load_address>
         <run_address>0x799a</run_address>
         <size>0x131</size>
         <input_file_ref idref="fl-c7"/>
      </object_component>
      <object_component id="oc-116">
         <name>.debug_info</name>
         <load_address>0x7acb</load_address>
         <run_address>0x7acb</run_address>
         <size>0x10c</size>
         <input_file_ref idref="fl-c7"/>
      </object_component>
      <object_component id="oc-d2">
         <name>.debug_info</name>
         <load_address>0x7bd7</load_address>
         <run_address>0x7bd7</run_address>
         <size>0x1c0</size>
         <input_file_ref idref="fl-c7"/>
      </object_component>
      <object_component id="oc-72">
         <name>.debug_info</name>
         <load_address>0x7d97</load_address>
         <run_address>0x7d97</run_address>
         <size>0x125</size>
         <input_file_ref idref="fl-c8"/>
      </object_component>
      <object_component id="oc-126">
         <name>.debug_info</name>
         <load_address>0x7ebc</load_address>
         <run_address>0x7ebc</run_address>
         <size>0x11b</size>
         <input_file_ref idref="fl-c9"/>
      </object_component>
      <object_component id="oc-d8">
         <name>.debug_info</name>
         <load_address>0x7fd7</load_address>
         <run_address>0x7fd7</run_address>
         <size>0x192</size>
         <input_file_ref idref="fl-c9"/>
      </object_component>
      <object_component id="oc-121">
         <name>.debug_info</name>
         <load_address>0x8169</load_address>
         <run_address>0x8169</run_address>
         <size>0x39</size>
         <input_file_ref idref="fl-c9"/>
      </object_component>
      <object_component id="oc-161">
         <name>.debug_info</name>
         <load_address>0x81a2</load_address>
         <run_address>0x81a2</run_address>
         <size>0x26b</size>
         <input_file_ref idref="fl-ca"/>
      </object_component>
      <object_component id="oc-15e">
         <name>.debug_info</name>
         <load_address>0x840d</load_address>
         <run_address>0x840d</run_address>
         <size>0x114</size>
         <input_file_ref idref="fl-ca"/>
      </object_component>
      <object_component id="oc-11b">
         <name>.debug_info</name>
         <load_address>0x8521</load_address>
         <run_address>0x8521</run_address>
         <size>0xad5</size>
         <input_file_ref idref="fl-ca"/>
      </object_component>
      <object_component id="oc-167">
         <name>.debug_info</name>
         <load_address>0x8ff6</load_address>
         <run_address>0x8ff6</run_address>
         <size>0x53</size>
         <input_file_ref idref="fl-ca"/>
      </object_component>
      <object_component id="oc-17b">
         <name>.debug_info</name>
         <load_address>0x9049</load_address>
         <run_address>0x9049</run_address>
         <size>0x2c</size>
         <input_file_ref idref="fl-ca"/>
      </object_component>
      <object_component id="oc-162">
         <name>.debug_info</name>
         <load_address>0x9075</load_address>
         <run_address>0x9075</run_address>
         <size>0x2c</size>
         <input_file_ref idref="fl-ca"/>
      </object_component>
      <object_component id="oc-172">
         <name>.debug_info</name>
         <load_address>0x90a1</load_address>
         <run_address>0x90a1</run_address>
         <size>0x132</size>
         <input_file_ref idref="fl-cb"/>
      </object_component>
      <object_component id="oc-16f">
         <name>.debug_info</name>
         <load_address>0x91d3</load_address>
         <run_address>0x91d3</run_address>
         <size>0x119</size>
         <input_file_ref idref="fl-cb"/>
      </object_component>
      <object_component id="oc-14c">
         <name>.debug_info</name>
         <load_address>0x92ec</load_address>
         <run_address>0x92ec</run_address>
         <size>0x29d</size>
         <input_file_ref idref="fl-cb"/>
      </object_component>
      <object_component id="oc-106">
         <name>.debug_info</name>
         <load_address>0x9589</load_address>
         <run_address>0x9589</run_address>
         <size>0x140</size>
         <input_file_ref idref="fl-cc"/>
      </object_component>
      <object_component id="oc-b2">
         <name>.debug_info</name>
         <load_address>0x96c9</load_address>
         <run_address>0x96c9</run_address>
         <size>0x12f</size>
         <input_file_ref idref="fl-cc"/>
      </object_component>
      <object_component id="oc-ff">
         <name>.debug_info</name>
         <load_address>0x97f8</load_address>
         <run_address>0x97f8</run_address>
         <size>0x23b</size>
         <input_file_ref idref="fl-cc"/>
      </object_component>
      <object_component id="oc-ad">
         <name>.debug_info</name>
         <load_address>0x9a33</load_address>
         <run_address>0x9a33</run_address>
         <size>0x182</size>
         <input_file_ref idref="fl-cd"/>
      </object_component>
      <object_component id="oc-66">
         <name>.debug_info</name>
         <load_address>0x9bb5</load_address>
         <run_address>0x9bb5</run_address>
         <size>0x183</size>
         <input_file_ref idref="fl-cd"/>
      </object_component>
      <object_component id="oc-f7">
         <name>.debug_info</name>
         <load_address>0x9d38</load_address>
         <run_address>0x9d38</run_address>
         <size>0x5e</size>
         <input_file_ref idref="fl-cd"/>
      </object_component>
      <object_component id="oc-a5">
         <name>.debug_info</name>
         <load_address>0x9d96</load_address>
         <run_address>0x9d96</run_address>
         <size>0x305</size>
         <input_file_ref idref="fl-ce"/>
      </object_component>
      <object_component id="oc-60">
         <name>.debug_info</name>
         <load_address>0xa09b</load_address>
         <run_address>0xa09b</run_address>
         <size>0x1ac</size>
         <input_file_ref idref="fl-ce"/>
      </object_component>
      <object_component id="oc-c7">
         <name>.debug_info</name>
         <load_address>0xa247</load_address>
         <run_address>0xa247</run_address>
         <size>0x39</size>
         <input_file_ref idref="fl-ce"/>
      </object_component>
      <object_component id="oc-cc">
         <name>.debug_info</name>
         <load_address>0xa280</load_address>
         <run_address>0xa280</run_address>
         <size>0xcd</size>
         <input_file_ref idref="fl-ce"/>
      </object_component>
      <object_component id="oc-c3">
         <name>.debug_info</name>
         <load_address>0xa34d</load_address>
         <run_address>0xa34d</run_address>
         <size>0x1fc</size>
         <input_file_ref idref="fl-cf"/>
      </object_component>
      <object_component id="oc-99">
         <name>.debug_info</name>
         <load_address>0xa549</load_address>
         <run_address>0xa549</run_address>
         <size>0x19f</size>
         <input_file_ref idref="fl-cf"/>
      </object_component>
      <object_component id="oc-110">
         <name>.debug_info</name>
         <load_address>0xa6e8</load_address>
         <run_address>0xa6e8</run_address>
         <size>0x2c</size>
         <input_file_ref idref="fl-cf"/>
      </object_component>
      <object_component id="oc-9f">
         <name>.debug_info</name>
         <load_address>0xa714</load_address>
         <run_address>0xa714</run_address>
         <size>0x161</size>
         <input_file_ref idref="fl-d0"/>
      </object_component>
      <object_component id="oc-176">
         <name>.debug_info</name>
         <load_address>0xa875</load_address>
         <run_address>0xa875</run_address>
         <size>0x10c</size>
         <input_file_ref idref="fl-d1"/>
      </object_component>
      <object_component id="oc-158">
         <name>.debug_info</name>
         <load_address>0xa981</load_address>
         <run_address>0xa981</run_address>
         <size>0x283</size>
         <input_file_ref idref="fl-d1"/>
      </object_component>
      <object_component id="oc-174">
         <name>.debug_info</name>
         <load_address>0xac04</load_address>
         <run_address>0xac04</run_address>
         <size>0x106</size>
         <input_file_ref idref="fl-d2"/>
      </object_component>
      <object_component id="oc-152">
         <name>.debug_info</name>
         <load_address>0xad0a</load_address>
         <run_address>0xad0a</run_address>
         <size>0x27c</size>
         <input_file_ref idref="fl-d2"/>
      </object_component>
      <object_component id="oc-1b0">
         <name>.debug_info</name>
         <load_address>0xaf86</load_address>
         <run_address>0xaf86</run_address>
         <size>0xa9</size>
      </object_component>
      <object_component id="oc-128">
         <name>.debug_line</name>
         <load_address>0x0</load_address>
         <run_address>0x0</run_address>
         <size>0xd1</size>
         <input_file_ref idref="fl-2"/>
      </object_component>
      <object_component id="oc-13b">
         <name>.debug_line</name>
         <load_address>0xd1</load_address>
         <run_address>0xd1</run_address>
         <size>0x2d</size>
         <input_file_ref idref="fl-2"/>
      </object_component>
      <object_component id="oc-13d">
         <name>.debug_line</name>
         <load_address>0xfe</load_address>
         <run_address>0xfe</run_address>
         <size>0x2d</size>
         <input_file_ref idref="fl-2"/>
      </object_component>
      <object_component id="oc-139">
         <name>.debug_line</name>
         <load_address>0x12b</load_address>
         <run_address>0x12b</run_address>
         <size>0x2d</size>
         <input_file_ref idref="fl-2"/>
      </object_component>
      <object_component id="oc-13f">
         <name>.debug_line</name>
         <load_address>0x158</load_address>
         <run_address>0x158</run_address>
         <size>0x2d</size>
         <input_file_ref idref="fl-2"/>
      </object_component>
      <object_component id="oc-141">
         <name>.debug_line</name>
         <load_address>0x185</load_address>
         <run_address>0x185</run_address>
         <size>0x2d</size>
         <input_file_ref idref="fl-2"/>
      </object_component>
      <object_component id="oc-aa">
         <name>.debug_line</name>
         <load_address>0x1b2</load_address>
         <run_address>0x1b2</run_address>
         <size>0x1f5</size>
         <input_file_ref idref="fl-2"/>
      </object_component>
      <object_component id="oc-131">
         <name>.debug_line</name>
         <load_address>0x3a7</load_address>
         <run_address>0x3a7</run_address>
         <size>0x62</size>
         <input_file_ref idref="fl-2"/>
      </object_component>
      <object_component id="oc-12c">
         <name>.debug_line</name>
         <load_address>0x409</load_address>
         <run_address>0x409</run_address>
         <size>0x5f</size>
         <input_file_ref idref="fl-2"/>
      </object_component>
      <object_component id="oc-136">
         <name>.debug_line</name>
         <load_address>0x468</load_address>
         <run_address>0x468</run_address>
         <size>0x71</size>
         <input_file_ref idref="fl-2"/>
      </object_component>
      <object_component id="oc-89">
         <name>.debug_line</name>
         <load_address>0x4d9</load_address>
         <run_address>0x4d9</run_address>
         <size>0x20</size>
         <input_file_ref idref="fl-2"/>
      </object_component>
      <object_component id="oc-f3">
         <name>.debug_line</name>
         <load_address>0x4f9</load_address>
         <run_address>0x4f9</run_address>
         <size>0x73</size>
         <input_file_ref idref="fl-2"/>
      </object_component>
      <object_component id="oc-c1">
         <name>.debug_line</name>
         <load_address>0x56c</load_address>
         <run_address>0x56c</run_address>
         <size>0x40</size>
         <input_file_ref idref="fl-3"/>
      </object_component>
      <object_component id="oc-7c">
         <name>.debug_line</name>
         <load_address>0x5ac</load_address>
         <run_address>0x5ac</run_address>
         <size>0x40</size>
         <input_file_ref idref="fl-3"/>
      </object_component>
      <object_component id="oc-79">
         <name>.debug_line</name>
         <load_address>0x5ec</load_address>
         <run_address>0x5ec</run_address>
         <size>0xa1</size>
         <input_file_ref idref="fl-3"/>
      </object_component>
      <object_component id="oc-146">
         <name>.debug_line</name>
         <load_address>0x68d</load_address>
         <run_address>0x68d</run_address>
         <size>0x3b</size>
         <input_file_ref idref="fl-4"/>
      </object_component>
      <object_component id="oc-bd">
         <name>.debug_line</name>
         <load_address>0x6c8</load_address>
         <run_address>0x6c8</run_address>
         <size>0x144</size>
         <input_file_ref idref="fl-4"/>
      </object_component>
      <object_component id="oc-28">
         <name>.debug_line</name>
         <load_address>0x80c</load_address>
         <run_address>0x80c</run_address>
         <size>0x53</size>
         <input_file_ref idref="fl-be"/>
      </object_component>
      <object_component id="oc-85">
         <name>.debug_line</name>
         <load_address>0x85f</load_address>
         <run_address>0x85f</run_address>
         <size>0xa5</size>
         <input_file_ref idref="fl-bf"/>
      </object_component>
      <object_component id="oc-14">
         <name>.debug_line</name>
         <load_address>0x904</load_address>
         <run_address>0x904</run_address>
         <size>0x55</size>
         <input_file_ref idref="fl-bf"/>
      </object_component>
      <object_component id="oc-37">
         <name>.debug_line</name>
         <load_address>0x959</load_address>
         <run_address>0x959</run_address>
         <size>0x3a</size>
         <input_file_ref idref="fl-bf"/>
      </object_component>
      <object_component id="oc-82">
         <name>.debug_line</name>
         <load_address>0x993</load_address>
         <run_address>0x993</run_address>
         <size>0xa5</size>
         <input_file_ref idref="fl-bf"/>
      </object_component>
      <object_component id="oc-8d">
         <name>.debug_line</name>
         <load_address>0xa38</load_address>
         <run_address>0xa38</run_address>
         <size>0xa5</size>
         <input_file_ref idref="fl-c0"/>
      </object_component>
      <object_component id="oc-3e">
         <name>.debug_line</name>
         <load_address>0xadd</load_address>
         <run_address>0xadd</run_address>
         <size>0x98</size>
         <input_file_ref idref="fl-c0"/>
      </object_component>
      <object_component id="oc-1c">
         <name>.debug_line</name>
         <load_address>0xb75</load_address>
         <run_address>0xb75</run_address>
         <size>0x4b</size>
         <input_file_ref idref="fl-c0"/>
      </object_component>
      <object_component id="oc-45">
         <name>.debug_line</name>
         <load_address>0xbc0</load_address>
         <run_address>0xbc0</run_address>
         <size>0x39</size>
         <input_file_ref idref="fl-c0"/>
      </object_component>
      <object_component id="oc-91">
         <name>.debug_line</name>
         <load_address>0xbf9</load_address>
         <run_address>0xbf9</run_address>
         <size>0xa5</size>
         <input_file_ref idref="fl-c0"/>
      </object_component>
      <object_component id="oc-109">
         <name>.debug_line</name>
         <load_address>0xc9e</load_address>
         <run_address>0xc9e</run_address>
         <size>0x128</size>
         <input_file_ref idref="fl-c2"/>
      </object_component>
      <object_component id="oc-fd">
         <name>.debug_line</name>
         <load_address>0xdc6</load_address>
         <run_address>0xdc6</run_address>
         <size>0x2a</size>
         <input_file_ref idref="fl-c2"/>
      </object_component>
      <object_component id="oc-6f">
         <name>.debug_line</name>
         <load_address>0xdf0</load_address>
         <run_address>0xdf0</run_address>
         <size>0x86</size>
         <input_file_ref idref="fl-c2"/>
      </object_component>
      <object_component id="oc-32">
         <name>.debug_line</name>
         <load_address>0xe76</load_address>
         <run_address>0xe76</run_address>
         <size>0x88</size>
         <input_file_ref idref="fl-c3"/>
      </object_component>
      <object_component id="oc-4b">
         <name>.debug_line</name>
         <load_address>0xefe</load_address>
         <run_address>0xefe</run_address>
         <size>0x79</size>
         <input_file_ref idref="fl-c4"/>
      </object_component>
      <object_component id="oc-57">
         <name>.debug_line</name>
         <load_address>0xf77</load_address>
         <run_address>0xf77</run_address>
         <size>0x3d</size>
         <input_file_ref idref="fl-c5"/>
      </object_component>
      <object_component id="oc-5d">
         <name>.debug_line</name>
         <load_address>0xfb4</load_address>
         <run_address>0xfb4</run_address>
         <size>0x40</size>
         <input_file_ref idref="fl-c6"/>
      </object_component>
      <object_component id="oc-14a">
         <name>.debug_line</name>
         <load_address>0xff4</load_address>
         <run_address>0xff4</run_address>
         <size>0xa4</size>
         <input_file_ref idref="fl-c7"/>
      </object_component>
      <object_component id="oc-148">
         <name>.debug_line</name>
         <load_address>0x1098</load_address>
         <run_address>0x1098</run_address>
         <size>0x2a</size>
         <input_file_ref idref="fl-c7"/>
      </object_component>
      <object_component id="oc-d5">
         <name>.debug_line</name>
         <load_address>0x10c2</load_address>
         <run_address>0x10c2</run_address>
         <size>0x62</size>
         <input_file_ref idref="fl-c7"/>
      </object_component>
      <object_component id="oc-b8">
         <name>.debug_line</name>
         <load_address>0x1124</load_address>
         <run_address>0x1124</run_address>
         <size>0x33</size>
         <input_file_ref idref="fl-c8"/>
      </object_component>
      <object_component id="oc-16d">
         <name>.debug_line</name>
         <load_address>0x1157</load_address>
         <run_address>0x1157</run_address>
         <size>0x2a</size>
         <input_file_ref idref="fl-c9"/>
      </object_component>
      <object_component id="oc-db">
         <name>.debug_line</name>
         <load_address>0x1181</load_address>
         <run_address>0x1181</run_address>
         <size>0x3f</size>
         <input_file_ref idref="fl-c9"/>
      </object_component>
      <object_component id="oc-124">
         <name>.debug_line</name>
         <load_address>0x11c0</load_address>
         <run_address>0x11c0</run_address>
         <size>0xa3</size>
         <input_file_ref idref="fl-c9"/>
      </object_component>
      <object_component id="oc-17a">
         <name>.debug_line</name>
         <load_address>0x1263</load_address>
         <run_address>0x1263</run_address>
         <size>0x135</size>
         <input_file_ref idref="fl-ca"/>
      </object_component>
      <object_component id="oc-178">
         <name>.debug_line</name>
         <load_address>0x1398</load_address>
         <run_address>0x1398</run_address>
         <size>0x2c</size>
         <input_file_ref idref="fl-ca"/>
      </object_component>
      <object_component id="oc-11e">
         <name>.debug_line</name>
         <load_address>0x13c4</load_address>
         <run_address>0x13c4</run_address>
         <size>0x252</size>
         <input_file_ref idref="fl-ca"/>
      </object_component>
      <object_component id="oc-16a">
         <name>.debug_line</name>
         <load_address>0x1616</load_address>
         <run_address>0x1616</run_address>
         <size>0xa3</size>
         <input_file_ref idref="fl-ca"/>
      </object_component>
      <object_component id="oc-17e">
         <name>.debug_line</name>
         <load_address>0x16b9</load_address>
         <run_address>0x16b9</run_address>
         <size>0xa4</size>
         <input_file_ref idref="fl-ca"/>
      </object_component>
      <object_component id="oc-165">
         <name>.debug_line</name>
         <load_address>0x175d</load_address>
         <run_address>0x175d</run_address>
         <size>0x2a</size>
         <input_file_ref idref="fl-ca"/>
      </object_component>
      <object_component id="oc-183">
         <name>.debug_line</name>
         <load_address>0x1787</load_address>
         <run_address>0x1787</run_address>
         <size>0x20</size>
         <input_file_ref idref="fl-cb"/>
      </object_component>
      <object_component id="oc-181">
         <name>.debug_line</name>
         <load_address>0x17a7</load_address>
         <run_address>0x17a7</run_address>
         <size>0x2c</size>
         <input_file_ref idref="fl-cb"/>
      </object_component>
      <object_component id="oc-14f">
         <name>.debug_line</name>
         <load_address>0x17d3</load_address>
         <run_address>0x17d3</run_address>
         <size>0x9d</size>
         <input_file_ref idref="fl-cb"/>
      </object_component>
      <object_component id="oc-144">
         <name>.debug_line</name>
         <load_address>0x1870</load_address>
         <run_address>0x1870</run_address>
         <size>0x20</size>
         <input_file_ref idref="fl-cc"/>
      </object_component>
      <object_component id="oc-105">
         <name>.debug_line</name>
         <load_address>0x1890</load_address>
         <run_address>0x1890</run_address>
         <size>0x2b</size>
         <input_file_ref idref="fl-cc"/>
      </object_component>
      <object_component id="oc-102">
         <name>.debug_line</name>
         <load_address>0x18bb</load_address>
         <run_address>0x18bb</run_address>
         <size>0x68</size>
         <input_file_ref idref="fl-cc"/>
      </object_component>
      <object_component id="oc-f6">
         <name>.debug_line</name>
         <load_address>0x1923</load_address>
         <run_address>0x1923</run_address>
         <size>0x2b</size>
         <input_file_ref idref="fl-cd"/>
      </object_component>
      <object_component id="oc-69">
         <name>.debug_line</name>
         <load_address>0x194e</load_address>
         <run_address>0x194e</run_address>
         <size>0x50</size>
         <input_file_ref idref="fl-cd"/>
      </object_component>
      <object_component id="oc-fa">
         <name>.debug_line</name>
         <load_address>0x199e</load_address>
         <run_address>0x199e</run_address>
         <size>0x2b</size>
         <input_file_ref idref="fl-cd"/>
      </object_component>
      <object_component id="oc-c6">
         <name>.debug_line</name>
         <load_address>0x19c9</load_address>
         <run_address>0x19c9</run_address>
         <size>0xc4</size>
         <input_file_ref idref="fl-ce"/>
      </object_component>
      <object_component id="oc-63">
         <name>.debug_line</name>
         <load_address>0x1a8d</load_address>
         <run_address>0x1a8d</run_address>
         <size>0x8b</size>
         <input_file_ref idref="fl-ce"/>
      </object_component>
      <object_component id="oc-ca">
         <name>.debug_line</name>
         <load_address>0x1b18</load_address>
         <run_address>0x1b18</run_address>
         <size>0x2e</size>
         <input_file_ref idref="fl-ce"/>
      </object_component>
      <object_component id="oc-cf">
         <name>.debug_line</name>
         <load_address>0x1b46</load_address>
         <run_address>0x1b46</run_address>
         <size>0xa6</size>
         <input_file_ref idref="fl-ce"/>
      </object_component>
      <object_component id="oc-10f">
         <name>.debug_line</name>
         <load_address>0x1bec</load_address>
         <run_address>0x1bec</run_address>
         <size>0xb3</size>
         <input_file_ref idref="fl-cf"/>
      </object_component>
      <object_component id="oc-9c">
         <name>.debug_line</name>
         <load_address>0x1c9f</load_address>
         <run_address>0x1c9f</run_address>
         <size>0x68</size>
         <input_file_ref idref="fl-cf"/>
      </object_component>
      <object_component id="oc-113">
         <name>.debug_line</name>
         <load_address>0x1d07</load_address>
         <run_address>0x1d07</run_address>
         <size>0x2e</size>
         <input_file_ref idref="fl-cf"/>
      </object_component>
      <object_component id="oc-a2">
         <name>.debug_line</name>
         <load_address>0x1d35</load_address>
         <run_address>0x1d35</run_address>
         <size>0x3c</size>
         <input_file_ref idref="fl-d0"/>
      </object_component>
      <object_component id="oc-187">
         <name>.debug_line</name>
         <load_address>0x1d71</load_address>
         <run_address>0x1d71</run_address>
         <size>0x20</size>
         <input_file_ref idref="fl-d1"/>
      </object_component>
      <object_component id="oc-15b">
         <name>.debug_line</name>
         <load_address>0x1d91</load_address>
         <run_address>0x1d91</run_address>
         <size>0xbb</size>
         <input_file_ref idref="fl-d1"/>
      </object_component>
      <object_component id="oc-185">
         <name>.debug_line</name>
         <load_address>0x1e4c</load_address>
         <run_address>0x1e4c</run_address>
         <size>0x20</size>
         <input_file_ref idref="fl-d2"/>
      </object_component>
      <object_component id="oc-155">
         <name>.debug_line</name>
         <load_address>0x1e6c</load_address>
         <run_address>0x1e6c</run_address>
         <size>0xc5</size>
         <input_file_ref idref="fl-d2"/>
      </object_component>
      <object_component id="oc-ab">
         <name>.debug_frame</name>
         <load_address>0x0</load_address>
         <run_address>0x0</run_address>
         <size>0x160</size>
         <input_file_ref idref="fl-2"/>
      </object_component>
      <object_component id="oc-7a">
         <name>.debug_frame</name>
         <load_address>0x160</load_address>
         <run_address>0x160</run_address>
         <size>0xb9</size>
         <input_file_ref idref="fl-3"/>
      </object_component>
      <object_component id="oc-be">
         <name>.debug_frame</name>
         <load_address>0x219</load_address>
         <run_address>0x219</run_address>
         <size>0xa0</size>
         <input_file_ref idref="fl-4"/>
      </object_component>
      <object_component id="oc-13">
         <name>.debug_frame</name>
         <load_address>0x2b9</load_address>
         <run_address>0x2b9</run_address>
         <size>0x7f</size>
         <input_file_ref idref="fl-bf"/>
      </object_component>
      <object_component id="oc-3f">
         <name>.debug_frame</name>
         <load_address>0x338</load_address>
         <run_address>0x338</run_address>
         <size>0x8e</size>
         <input_file_ref idref="fl-c0"/>
      </object_component>
      <object_component id="oc-1d">
         <name>.debug_frame</name>
         <load_address>0x3c6</load_address>
         <run_address>0x3c6</run_address>
         <size>0x7f</size>
         <input_file_ref idref="fl-c0"/>
      </object_component>
      <object_component id="oc-70">
         <name>.debug_frame</name>
         <load_address>0x445</load_address>
         <run_address>0x445</run_address>
         <size>0xb3</size>
         <input_file_ref idref="fl-c2"/>
      </object_component>
      <object_component id="oc-58">
         <name>.debug_frame</name>
         <load_address>0x4f8</load_address>
         <run_address>0x4f8</run_address>
         <size>0x7f</size>
         <input_file_ref idref="fl-c5"/>
      </object_component>
      <object_component id="oc-5e">
         <name>.debug_frame</name>
         <load_address>0x577</load_address>
         <run_address>0x577</run_address>
         <size>0x7f</size>
         <input_file_ref idref="fl-c6"/>
      </object_component>
      <object_component id="oc-d6">
         <name>.debug_frame</name>
         <load_address>0x5f6</load_address>
         <run_address>0x5f6</run_address>
         <size>0x9e</size>
         <input_file_ref idref="fl-c7"/>
      </object_component>
      <object_component id="oc-dc">
         <name>.debug_frame</name>
         <load_address>0x694</load_address>
         <run_address>0x694</run_address>
         <size>0x86</size>
         <input_file_ref idref="fl-c9"/>
      </object_component>
      <object_component id="oc-11f">
         <name>.debug_frame</name>
         <load_address>0x71a</load_address>
         <run_address>0x71a</run_address>
         <size>0x1bc</size>
         <input_file_ref idref="fl-ca"/>
      </object_component>
      <object_component id="oc-150">
         <name>.debug_frame</name>
         <load_address>0x8d6</load_address>
         <run_address>0x8d6</run_address>
         <size>0xa6</size>
         <input_file_ref idref="fl-cb"/>
      </object_component>
      <object_component id="oc-103">
         <name>.debug_frame</name>
         <load_address>0x97c</load_address>
         <run_address>0x97c</run_address>
         <size>0xa1</size>
         <input_file_ref idref="fl-cc"/>
      </object_component>
      <object_component id="oc-6a">
         <name>.debug_frame</name>
         <load_address>0xa1d</load_address>
         <run_address>0xa1d</run_address>
         <size>0x7f</size>
         <input_file_ref idref="fl-cd"/>
      </object_component>
      <object_component id="oc-64">
         <name>.debug_frame</name>
         <load_address>0xa9c</load_address>
         <run_address>0xa9c</run_address>
         <size>0x8a</size>
         <input_file_ref idref="fl-ce"/>
      </object_component>
      <object_component id="oc-9d">
         <name>.debug_frame</name>
         <load_address>0xb26</load_address>
         <run_address>0xb26</run_address>
         <size>0x8e</size>
         <input_file_ref idref="fl-cf"/>
      </object_component>
      <object_component id="oc-a3">
         <name>.debug_frame</name>
         <load_address>0xbb4</load_address>
         <run_address>0xbb4</run_address>
         <size>0x7f</size>
         <input_file_ref idref="fl-d0"/>
      </object_component>
      <object_component id="oc-15c">
         <name>.debug_frame</name>
         <load_address>0xc33</load_address>
         <run_address>0xc33</run_address>
         <size>0x7f</size>
         <input_file_ref idref="fl-d1"/>
      </object_component>
      <object_component id="oc-156">
         <name>.debug_frame</name>
         <load_address>0xcb2</load_address>
         <run_address>0xcb2</run_address>
         <size>0x7f</size>
         <input_file_ref idref="fl-d2"/>
      </object_component>
      <object_component id="oc-127">
         <name>.debug_abbrev</name>
         <load_address>0x0</load_address>
         <run_address>0x0</run_address>
         <size>0xf6</size>
         <input_file_ref idref="fl-2"/>
      </object_component>
      <object_component id="oc-13a">
         <name>.debug_abbrev</name>
         <load_address>0xf6</load_address>
         <run_address>0xf6</run_address>
         <size>0x29</size>
         <input_file_ref idref="fl-2"/>
      </object_component>
      <object_component id="oc-13c">
         <name>.debug_abbrev</name>
         <load_address>0x11f</load_address>
         <run_address>0x11f</run_address>
         <size>0x29</size>
         <input_file_ref idref="fl-2"/>
      </object_component>
      <object_component id="oc-138">
         <name>.debug_abbrev</name>
         <load_address>0x148</load_address>
         <run_address>0x148</run_address>
         <size>0x29</size>
         <input_file_ref idref="fl-2"/>
      </object_component>
      <object_component id="oc-13e">
         <name>.debug_abbrev</name>
         <load_address>0x171</load_address>
         <run_address>0x171</run_address>
         <size>0x29</size>
         <input_file_ref idref="fl-2"/>
      </object_component>
      <object_component id="oc-140">
         <name>.debug_abbrev</name>
         <load_address>0x19a</load_address>
         <run_address>0x19a</run_address>
         <size>0x29</size>
         <input_file_ref idref="fl-2"/>
      </object_component>
      <object_component id="oc-ef">
         <name>.debug_abbrev</name>
         <load_address>0x1c3</load_address>
         <run_address>0x1c3</run_address>
         <size>0x152</size>
         <input_file_ref idref="fl-2"/>
      </object_component>
      <object_component id="oc-130">
         <name>.debug_abbrev</name>
         <load_address>0x315</load_address>
         <run_address>0x315</run_address>
         <size>0x97</size>
         <input_file_ref idref="fl-2"/>
      </object_component>
      <object_component id="oc-12b">
         <name>.debug_abbrev</name>
         <load_address>0x3ac</load_address>
         <run_address>0x3ac</run_address>
         <size>0xbd</size>
         <input_file_ref idref="fl-2"/>
      </object_component>
      <object_component id="oc-135">
         <name>.debug_abbrev</name>
         <load_address>0x469</load_address>
         <run_address>0x469</run_address>
         <size>0x6b</size>
         <input_file_ref idref="fl-2"/>
      </object_component>
      <object_component id="oc-88">
         <name>.debug_abbrev</name>
         <load_address>0x4d4</load_address>
         <run_address>0x4d4</run_address>
         <size>0x1f</size>
         <input_file_ref idref="fl-2"/>
      </object_component>
      <object_component id="oc-f2">
         <name>.debug_abbrev</name>
         <load_address>0x4f3</load_address>
         <run_address>0x4f3</run_address>
         <size>0x35</size>
         <input_file_ref idref="fl-2"/>
      </object_component>
      <object_component id="oc-c0">
         <name>.debug_abbrev</name>
         <load_address>0x528</load_address>
         <run_address>0x528</run_address>
         <size>0x68</size>
         <input_file_ref idref="fl-3"/>
      </object_component>
      <object_component id="oc-7b">
         <name>.debug_abbrev</name>
         <load_address>0x590</load_address>
         <run_address>0x590</run_address>
         <size>0x29</size>
         <input_file_ref idref="fl-3"/>
      </object_component>
      <object_component id="oc-bf">
         <name>.debug_abbrev</name>
         <load_address>0x5b9</load_address>
         <run_address>0x5b9</run_address>
         <size>0x85</size>
         <input_file_ref idref="fl-3"/>
      </object_component>
      <object_component id="oc-145">
         <name>.debug_abbrev</name>
         <load_address>0x63e</load_address>
         <run_address>0x63e</run_address>
         <size>0x29</size>
         <input_file_ref idref="fl-4"/>
      </object_component>
      <object_component id="oc-10d">
         <name>.debug_abbrev</name>
         <load_address>0x667</load_address>
         <run_address>0x667</run_address>
         <size>0x8b</size>
         <input_file_ref idref="fl-4"/>
      </object_component>
      <object_component id="oc-74">
         <name>.debug_abbrev</name>
         <load_address>0x6f2</load_address>
         <run_address>0x6f2</run_address>
         <size>0x3e</size>
         <input_file_ref idref="fl-be"/>
      </object_component>
      <object_component id="oc-84">
         <name>.debug_abbrev</name>
         <load_address>0x730</load_address>
         <run_address>0x730</run_address>
         <size>0x52</size>
         <input_file_ref idref="fl-bf"/>
      </object_component>
      <object_component id="oc-33">
         <name>.debug_abbrev</name>
         <load_address>0x782</load_address>
         <run_address>0x782</run_address>
         <size>0x74</size>
         <input_file_ref idref="fl-bf"/>
      </object_component>
      <object_component id="oc-36">
         <name>.debug_abbrev</name>
         <load_address>0x7f6</load_address>
         <run_address>0x7f6</run_address>
         <size>0x24</size>
         <input_file_ref idref="fl-bf"/>
      </object_component>
      <object_component id="oc-81">
         <name>.debug_abbrev</name>
         <load_address>0x81a</load_address>
         <run_address>0x81a</run_address>
         <size>0x24</size>
         <input_file_ref idref="fl-bf"/>
      </object_component>
      <object_component id="oc-8c">
         <name>.debug_abbrev</name>
         <load_address>0x83e</load_address>
         <run_address>0x83e</run_address>
         <size>0x52</size>
         <input_file_ref idref="fl-c0"/>
      </object_component>
      <object_component id="oc-8b">
         <name>.debug_abbrev</name>
         <load_address>0x890</load_address>
         <run_address>0x890</run_address>
         <size>0x7b</size>
         <input_file_ref idref="fl-c0"/>
      </object_component>
      <object_component id="oc-40">
         <name>.debug_abbrev</name>
         <load_address>0x90b</load_address>
         <run_address>0x90b</run_address>
         <size>0x66</size>
         <input_file_ref idref="fl-c0"/>
      </object_component>
      <object_component id="oc-44">
         <name>.debug_abbrev</name>
         <load_address>0x971</load_address>
         <run_address>0x971</run_address>
         <size>0x24</size>
         <input_file_ref idref="fl-c0"/>
      </object_component>
      <object_component id="oc-90">
         <name>.debug_abbrev</name>
         <load_address>0x995</load_address>
         <run_address>0x995</run_address>
         <size>0x24</size>
         <input_file_ref idref="fl-c0"/>
      </object_component>
      <object_component id="oc-108">
         <name>.debug_abbrev</name>
         <load_address>0x9b9</load_address>
         <run_address>0x9b9</run_address>
         <size>0xa8</size>
         <input_file_ref idref="fl-c2"/>
      </object_component>
      <object_component id="oc-fc">
         <name>.debug_abbrev</name>
         <load_address>0xa61</load_address>
         <run_address>0xa61</run_address>
         <size>0x29</size>
         <input_file_ref idref="fl-c2"/>
      </object_component>
      <object_component id="oc-b4">
         <name>.debug_abbrev</name>
         <load_address>0xa8a</load_address>
         <run_address>0xa8a</run_address>
         <size>0xba</size>
         <input_file_ref idref="fl-c2"/>
      </object_component>
      <object_component id="oc-7e">
         <name>.debug_abbrev</name>
         <load_address>0xb44</load_address>
         <run_address>0xb44</run_address>
         <size>0x3e</size>
         <input_file_ref idref="fl-c3"/>
      </object_component>
      <object_component id="oc-93">
         <name>.debug_abbrev</name>
         <load_address>0xb82</load_address>
         <run_address>0xb82</run_address>
         <size>0x4f</size>
         <input_file_ref idref="fl-c4"/>
      </object_component>
      <object_component id="oc-96">
         <name>.debug_abbrev</name>
         <load_address>0xbd1</load_address>
         <run_address>0xbd1</run_address>
         <size>0x53</size>
         <input_file_ref idref="fl-c5"/>
      </object_component>
      <object_component id="oc-97">
         <name>.debug_abbrev</name>
         <load_address>0xc24</load_address>
         <run_address>0xc24</run_address>
         <size>0x55</size>
         <input_file_ref idref="fl-c6"/>
      </object_component>
      <object_component id="oc-149">
         <name>.debug_abbrev</name>
         <load_address>0xc79</load_address>
         <run_address>0xc79</run_address>
         <size>0x40</size>
         <input_file_ref idref="fl-c7"/>
      </object_component>
      <object_component id="oc-147">
         <name>.debug_abbrev</name>
         <load_address>0xcb9</load_address>
         <run_address>0xcb9</run_address>
         <size>0x27</size>
         <input_file_ref idref="fl-c7"/>
      </object_component>
      <object_component id="oc-118">
         <name>.debug_abbrev</name>
         <load_address>0xce0</load_address>
         <run_address>0xce0</run_address>
         <size>0xb0</size>
         <input_file_ref idref="fl-c7"/>
      </object_component>
      <object_component id="oc-b7">
         <name>.debug_abbrev</name>
         <load_address>0xd90</load_address>
         <run_address>0xd90</run_address>
         <size>0x27</size>
         <input_file_ref idref="fl-c8"/>
      </object_component>
      <object_component id="oc-16c">
         <name>.debug_abbrev</name>
         <load_address>0xdb7</load_address>
         <run_address>0xdb7</run_address>
         <size>0x39</size>
         <input_file_ref idref="fl-c9"/>
      </object_component>
      <object_component id="oc-120">
         <name>.debug_abbrev</name>
         <load_address>0xdf0</load_address>
         <run_address>0xdf0</run_address>
         <size>0x7f</size>
         <input_file_ref idref="fl-c9"/>
      </object_component>
      <object_component id="oc-123">
         <name>.debug_abbrev</name>
         <load_address>0xe6f</load_address>
         <run_address>0xe6f</run_address>
         <size>0x35</size>
         <input_file_ref idref="fl-c9"/>
      </object_component>
      <object_component id="oc-179">
         <name>.debug_abbrev</name>
         <load_address>0xea4</load_address>
         <run_address>0xea4</run_address>
         <size>0xca</size>
         <input_file_ref idref="fl-ca"/>
      </object_component>
      <object_component id="oc-177">
         <name>.debug_abbrev</name>
         <load_address>0xf6e</load_address>
         <run_address>0xf6e</run_address>
         <size>0x27</size>
         <input_file_ref idref="fl-ca"/>
      </object_component>
      <object_component id="oc-160">
         <name>.debug_abbrev</name>
         <load_address>0xf95</load_address>
         <run_address>0xf95</run_address>
         <size>0xf2</size>
         <input_file_ref idref="fl-ca"/>
      </object_component>
      <object_component id="oc-169">
         <name>.debug_abbrev</name>
         <load_address>0x1087</load_address>
         <run_address>0x1087</run_address>
         <size>0x35</size>
         <input_file_ref idref="fl-ca"/>
      </object_component>
      <object_component id="oc-17d">
         <name>.debug_abbrev</name>
         <load_address>0x10bc</load_address>
         <run_address>0x10bc</run_address>
         <size>0x24</size>
         <input_file_ref idref="fl-ca"/>
      </object_component>
      <object_component id="oc-164">
         <name>.debug_abbrev</name>
         <load_address>0x10e0</load_address>
         <run_address>0x10e0</run_address>
         <size>0x24</size>
         <input_file_ref idref="fl-ca"/>
      </object_component>
      <object_component id="oc-182">
         <name>.debug_abbrev</name>
         <load_address>0x1104</load_address>
         <run_address>0x1104</run_address>
         <size>0x47</size>
         <input_file_ref idref="fl-cb"/>
      </object_component>
      <object_component id="oc-180">
         <name>.debug_abbrev</name>
         <load_address>0x114b</load_address>
         <run_address>0x114b</run_address>
         <size>0x29</size>
         <input_file_ref idref="fl-cb"/>
      </object_component>
      <object_component id="oc-171">
         <name>.debug_abbrev</name>
         <load_address>0x1174</load_address>
         <run_address>0x1174</run_address>
         <size>0x6f</size>
         <input_file_ref idref="fl-cb"/>
      </object_component>
      <object_component id="oc-143">
         <name>.debug_abbrev</name>
         <load_address>0x11e3</load_address>
         <run_address>0x11e3</run_address>
         <size>0x45</size>
         <input_file_ref idref="fl-cc"/>
      </object_component>
      <object_component id="oc-104">
         <name>.debug_abbrev</name>
         <load_address>0x1228</load_address>
         <run_address>0x1228</run_address>
         <size>0x29</size>
         <input_file_ref idref="fl-cc"/>
      </object_component>
      <object_component id="oc-142">
         <name>.debug_abbrev</name>
         <load_address>0x1251</load_address>
         <run_address>0x1251</run_address>
         <size>0x6f</size>
         <input_file_ref idref="fl-cc"/>
      </object_component>
      <object_component id="oc-f5">
         <name>.debug_abbrev</name>
         <load_address>0x12c0</load_address>
         <run_address>0x12c0</run_address>
         <size>0x8e</size>
         <input_file_ref idref="fl-cd"/>
      </object_component>
      <object_component id="oc-ac">
         <name>.debug_abbrev</name>
         <load_address>0x134e</load_address>
         <run_address>0x134e</run_address>
         <size>0x68</size>
         <input_file_ref idref="fl-cd"/>
      </object_component>
      <object_component id="oc-f9">
         <name>.debug_abbrev</name>
         <load_address>0x13b6</load_address>
         <run_address>0x13b6</run_address>
         <size>0x49</size>
         <input_file_ref idref="fl-cd"/>
      </object_component>
      <object_component id="oc-c5">
         <name>.debug_abbrev</name>
         <load_address>0x13ff</load_address>
         <run_address>0x13ff</run_address>
         <size>0xae</size>
         <input_file_ref idref="fl-ce"/>
      </object_component>
      <object_component id="oc-a4">
         <name>.debug_abbrev</name>
         <load_address>0x14ad</load_address>
         <run_address>0x14ad</run_address>
         <size>0x7e</size>
         <input_file_ref idref="fl-ce"/>
      </object_component>
      <object_component id="oc-c9">
         <name>.debug_abbrev</name>
         <load_address>0x152b</load_address>
         <run_address>0x152b</run_address>
         <size>0x24</size>
         <input_file_ref idref="fl-ce"/>
      </object_component>
      <object_component id="oc-ce">
         <name>.debug_abbrev</name>
         <load_address>0x154f</load_address>
         <run_address>0x154f</run_address>
         <size>0x4b</size>
         <input_file_ref idref="fl-ce"/>
      </object_component>
      <object_component id="oc-10e">
         <name>.debug_abbrev</name>
         <load_address>0x159a</load_address>
         <run_address>0x159a</run_address>
         <size>0x9c</size>
         <input_file_ref idref="fl-cf"/>
      </object_component>
      <object_component id="oc-c2">
         <name>.debug_abbrev</name>
         <load_address>0x1636</load_address>
         <run_address>0x1636</run_address>
         <size>0x8c</size>
         <input_file_ref idref="fl-cf"/>
      </object_component>
      <object_component id="oc-112">
         <name>.debug_abbrev</name>
         <load_address>0x16c2</load_address>
         <run_address>0x16c2</run_address>
         <size>0x24</size>
         <input_file_ref idref="fl-cf"/>
      </object_component>
      <object_component id="oc-c4">
         <name>.debug_abbrev</name>
         <load_address>0x16e6</load_address>
         <run_address>0x16e6</run_address>
         <size>0x53</size>
         <input_file_ref idref="fl-d0"/>
      </object_component>
      <object_component id="oc-186">
         <name>.debug_abbrev</name>
         <load_address>0x1739</load_address>
         <run_address>0x1739</run_address>
         <size>0x33</size>
         <input_file_ref idref="fl-d1"/>
      </object_component>
      <object_component id="oc-175">
         <name>.debug_abbrev</name>
         <load_address>0x176c</load_address>
         <run_address>0x176c</run_address>
         <size>0x71</size>
         <input_file_ref idref="fl-d1"/>
      </object_component>
      <object_component id="oc-184">
         <name>.debug_abbrev</name>
         <load_address>0x17dd</load_address>
         <run_address>0x17dd</run_address>
         <size>0x2a</size>
         <input_file_ref idref="fl-d2"/>
      </object_component>
      <object_component id="oc-173">
         <name>.debug_abbrev</name>
         <load_address>0x1807</load_address>
         <run_address>0x1807</run_address>
         <size>0x71</size>
         <input_file_ref idref="fl-d2"/>
      </object_component>
      <object_component id="oc-1b1">
         <name>.debug_abbrev</name>
         <load_address>0x1878</load_address>
         <run_address>0x1878</run_address>
         <size>0xf</size>
      </object_component>
      <object_component id="oc-132">
         <name>.debug_str</name>
         <load_address>0x0</load_address>
         <run_address>0x0</run_address>
         <size>0x484</size>
         <input_file_ref idref="fl-2"/>
      </object_component>
      <object_component id="oc-12d">
         <name>.debug_str</name>
         <load_address>0x484</load_address>
         <run_address>0x484</run_address>
         <size>0x174f</size>
         <input_file_ref idref="fl-2"/>
      </object_component>
      <object_component id="oc-137">
         <name>.debug_str</name>
         <load_address>0x1bd3</load_address>
         <run_address>0x1bd3</run_address>
         <size>0x17a</size>
         <input_file_ref idref="fl-2"/>
      </object_component>
      <object_component id="oc-8a">
         <name>.debug_str</name>
         <load_address>0x1d4d</load_address>
         <run_address>0x1d4d</run_address>
         <size>0xfd</size>
         <input_file_ref idref="fl-2"/>
      </object_component>
      <object_component id="oc-f4">
         <name>.debug_str</name>
         <load_address>0x1e4a</load_address>
         <run_address>0x1e4a</run_address>
         <size>0x22e</size>
         <input_file_ref idref="fl-2"/>
      </object_component>
      <object_component id="oc-38">
         <name>.debug_str</name>
         <load_address>0x2078</load_address>
         <run_address>0x2078</run_address>
         <size>0x11c</size>
         <input_file_ref idref="fl-bf"/>
      </object_component>
      <object_component id="oc-83">
         <name>.debug_str</name>
         <load_address>0x2194</load_address>
         <run_address>0x2194</run_address>
         <size>0x164</size>
         <input_file_ref idref="fl-bf"/>
      </object_component>
      <object_component id="oc-46">
         <name>.debug_str</name>
         <load_address>0x22f8</load_address>
         <run_address>0x22f8</run_address>
         <size>0x10e</size>
         <input_file_ref idref="fl-c0"/>
      </object_component>
      <object_component id="oc-92">
         <name>.debug_str</name>
         <load_address>0x2406</load_address>
         <run_address>0x2406</run_address>
         <size>0x164</size>
         <input_file_ref idref="fl-c0"/>
      </object_component>
      <object_component id="oc-125">
         <name>.debug_str</name>
         <load_address>0x256a</load_address>
         <run_address>0x256a</run_address>
         <size>0x16d</size>
         <input_file_ref idref="fl-c9"/>
      </object_component>
      <object_component id="oc-16b">
         <name>.debug_str</name>
         <load_address>0x26d7</load_address>
         <run_address>0x26d7</run_address>
         <size>0x180</size>
         <input_file_ref idref="fl-ca"/>
      </object_component>
      <object_component id="oc-17f">
         <name>.debug_str</name>
         <load_address>0x2857</load_address>
         <run_address>0x2857</run_address>
         <size>0x163</size>
         <input_file_ref idref="fl-ca"/>
      </object_component>
      <object_component id="oc-166">
         <name>.debug_str</name>
         <load_address>0x29ba</load_address>
         <run_address>0x29ba</run_address>
         <size>0xe8</size>
         <input_file_ref idref="fl-ca"/>
      </object_component>
      <object_component id="oc-fb">
         <name>.debug_str</name>
         <load_address>0x2aa2</load_address>
         <run_address>0x2aa2</run_address>
         <size>0xf2</size>
         <input_file_ref idref="fl-cd"/>
      </object_component>
      <object_component id="oc-cb">
         <name>.debug_str</name>
         <load_address>0x2b94</load_address>
         <run_address>0x2b94</run_address>
         <size>0xfe</size>
         <input_file_ref idref="fl-ce"/>
      </object_component>
      <object_component id="oc-d0">
         <name>.debug_str</name>
         <load_address>0x2c92</load_address>
         <run_address>0x2c92</run_address>
         <size>0x1bb</size>
         <input_file_ref idref="fl-ce"/>
      </object_component>
      <object_component id="oc-114">
         <name>.debug_str</name>
         <load_address>0x2e4d</load_address>
         <run_address>0x2e4d</run_address>
         <size>0xf3</size>
         <input_file_ref idref="fl-cf"/>
      </object_component>
      <object_component id="oc-a8">
         <name>.debug_aranges</name>
         <load_address>0x0</load_address>
         <run_address>0x0</run_address>
         <size>0x58</size>
         <input_file_ref idref="fl-2"/>
      </object_component>
      <object_component id="oc-77">
         <name>.debug_aranges</name>
         <load_address>0x58</load_address>
         <run_address>0x58</run_address>
         <size>0x38</size>
         <input_file_ref idref="fl-3"/>
      </object_component>
      <object_component id="oc-bb">
         <name>.debug_aranges</name>
         <load_address>0x90</load_address>
         <run_address>0x90</run_address>
         <size>0x28</size>
         <input_file_ref idref="fl-4"/>
      </object_component>
      <object_component id="oc-27">
         <name>.debug_aranges</name>
         <load_address>0xb8</load_address>
         <run_address>0xb8</run_address>
         <size>0x20</size>
         <input_file_ref idref="fl-be"/>
      </object_component>
      <object_component id="oc-16">
         <name>.debug_aranges</name>
         <load_address>0xd8</load_address>
         <run_address>0xd8</run_address>
         <size>0x20</size>
         <input_file_ref idref="fl-bf"/>
      </object_component>
      <object_component id="oc-3c">
         <name>.debug_aranges</name>
         <load_address>0xf8</load_address>
         <run_address>0xf8</run_address>
         <size>0x20</size>
         <input_file_ref idref="fl-c0"/>
      </object_component>
      <object_component id="oc-1a">
         <name>.debug_aranges</name>
         <load_address>0x118</load_address>
[...]
            <object_component_ref idref="oc-80"/>
            <object_component_ref idref="oc-43"/>
            <object_component_ref idref="oc-8f"/>
            <object_component_ref idref="oc-b6"/>
            <object_component_ref idref="oc-122"/>
            <object_component_ref idref="oc-168"/>
            <object_component_ref idref="oc-17c"/>
            <object_component_ref idref="oc-163"/>
            <object_component_ref idref="oc-107"/>
            <object_component_ref idref="oc-f8"/>
            <object_component_ref idref="oc-c8"/>
            <object_component_ref idref="oc-cd"/>
            <object_component_ref idref="oc-111"/>
         </contents>
      </logical_group>
      <load_segment id="lg-1b4" display="no" color="cyan">
         <name>SEGMENT_0</name>
         <load_address>0x0</load_address>
         <run_address>0x0</run_address>
         <size>0x21e4</size>
         <flags>0x5</flags>
         <contents>
            <logical_group_ref idref="lg-3"/>
            <logical_group_ref idref="lg-5"/>
            <logical_group_ref idref="lg-4"/>
            <logical_group_ref idref="lg-6"/>
         </contents>
      </load_segment>
      <load_segment id="lg-1b5" display="no" color="cyan">
         <name>SEGMENT_1</name>
         <run_address>0x20000000</run_address>
         <size>0x348</size>
         <flags>0x6</flags>
         <contents>
            <logical_group_ref idref="lg-d"/>
            <logical_group_ref idref="lg-c"/>
         </contents>
      </load_segment>
      <load_segment id="lg-1b6" display="no" color="cyan">
         <name>SEGMENT_2</name>
         <run_address>0x2000fe00</run_address>
         <size>0x200</size>
         <flags>0x6</flags>
         <contents>
            <logical_group_ref idref="lg-f"/>
         </contents>
      </load_segment>
   </logical_group_list>
   <placement_map>
      <memory_area display="yes" color="green">
         <name>MAIN</name>
         <page_id>0x0</page_id>
         <origin>0x0</origin>
         <length>0x40000</length>
         <used_space>0x21e0</used_space>
         <unused_space>0x3de20</unused_space>
         <attributes>RX</attributes>
         <usage_details>
            <allocated_space>
               <start_address>0x0</start_address>
               <size>0x0</size>
               <logical_group_ref idref="lg-9"/>
            </allocated_space>
            <allocated_space>
               <start_address>0x0</start_address>
               <size>0x140</size>
               <logical_group_ref idref="lg-3"/>
            </allocated_space>
            <allocated_space>
               <start_address>0x140</start_address>
               <size>0x1300</size>
               <logical_group_ref idref="lg-5"/>
            </allocated_space>
            <allocated_space>
               <start_address>0x1440</start_address>
               <size>0xd5c</size>
               <logical_group_ref idref="lg-4"/>
            </allocated_space>
            <available_space>
               <start_address>0x219c</start_address>
               <size>0x4</size>
            </available_space>
            <allocated_space>
               <start_address>0x21a0</start_address>
               <size>0x44</size>
               <logical_group_ref idref="lg-6"/>
            </allocated_space>
            <available_space>
               <start_address>0x21e4</start_address>
               <size>0x3de1c</size>
            </available_space>
         </usage_details>
      </memory_area>
      <memory_area display="yes" color="green">
         <name>INFO</name>
         <page_id>0x0</page_id>
         <origin>0x200000</origin>
         <length>0x4000</length>
         <used_space>0x0</used_space>
         <unused_space>0x4000</unused_space>
         <attributes>RX</attributes>
         <usage_details>
         </usage_details>
      </memory_area>
      <memory_area display="yes" color="green">
         <name>SRAM_CODE</name>
         <page_id>0x0</page_id>
         <origin>0x1000000</origin>
         <length>0x10000</length>
         <used_space>0x548</used_space>
         <unused_space>0xfab8</unused_space>
         <attributes>RWX</attributes>
         <usage_details>
            <allocated_space>
               <start_address>0x1000000</start_address>
               <size>0x328</size>
               <logical_group_ref idref="lg-d"/>
            </allocated_space>
            <allocated_space>
               <start_address>0x1000328</start_address>
               <size>0x20</size>
               <logical_group_ref idref="lg-c"/>
            </allocated_space>
            <available_space>
               <start_address>0x1000348</start_address>
               <size>0xfab8</size>
            </available_space>
            <allocated_space>
               <start_address>0x100fe00</start_address>
               <size>0x200</size>
               <logical_group_ref idref="lg-f"/>
            </allocated_space>
         </usage_details>
      </memory_area>
      <memory_area display="yes" color="green">
         <name>SRAM_DATA</name>
         <page_id>0x0</page_id>
         <origin>0x20000000</origin>
         <length>0x10000</length>
         <used_space>0x548</used_space>
         <unused_space>0xfab8</unused_space>
         <attributes>RW</attributes>
         <usage_details>
            <allocated_space>
               <start_address>0x20000000</start_address>
               <size>0x328</size>
               <logical_group_ref idref="lg-d"/>
            </allocated_space>
            <allocated_space>
               <start_address>0x20000328</start_address>
               <size>0x20</size>
               <logical_group_ref idref="lg-c"/>
            </allocated_space>
            <available_space>
               <start_address>0x20000348</start_address>
               <size>0xfab8</size>
            </available_space>
            <allocated_space>
               <start_address>0x2000fe00</start_address>
               <size>0x200</size>
               <logical_group_ref idref="lg-f"/>
            </allocated_space>
         </usage_details>
      </memory_area>
   </placement_map>
   <cptbl_list>
      <cptbl>
         <name>__TI_cinit_table</name>
         <cprec>
            <name>.data</name>
            <load_address>0x21a0</load_address>
            <load_size>0x1d</load_size>
            <run_address>0x20000328</run_address>
            <run_size>0x20</run_size>
            <compression>rle</compression>
         </cprec>
         <cprec>
            <name>.bss</name>
            <load_address>0x21c0</load_address>
            <load_size>0xb</load_size>
            <run_address>0x20000000</run_address>
            <run_size>0x328</run_size>
            <compression>rle</compression>
         </cprec>
      </cptbl>
   </cptbl_list>
   <handler_table>
      <handler_table_name>__TI_handler_table</handler_table_name>
      <handler>
         <index>0x0</index>
         <name>__TI_decompress_rle24</name>
      </handler>
      <handler>
         <index>0x1</index>
         <name>__TI_decompress_none</name>
      </handler>
   </handler_table>
   <symbol_table>
      <symbol id="sm-1">
         <name>WDTCTL_SYM</name>
         <value>0x4000480c</value>
      </symbol>
      <symbol id="sm-2">
         <name>__TI_CINIT_Base</name>
         <value>0x21d4</value>
      </symbol>
      <symbol id="sm-3">
         <name>__TI_CINIT_Limit</name>
         <value>0x21e4</value>
      </symbol>
      <symbol id="sm-4">
         <name>__TI_Handler_Table_Base</name>
         <value>0x21cc</value>
      </symbol>
      <symbol id="sm-5">
         <name>__TI_Handler_Table_Limit</name>
         <value>0x21d4</value>
      </symbol>
      <symbol id="sm-6">
         <name>binit</name>
         <value>0xffffffff</value>
      </symbol>
      <symbol id="sm-7">
         <name>__binit__</name>
         <value>0xffffffff</value>
      </symbol>
      <symbol id="sm-8">
         <name>__STACK_SIZE</name>
         <value>0x200</value>
      </symbol>
      <symbol id="sm-9">
         <name>__STACK_END</name>
         <value>0x20010000</value>
      </symbol>
      <symbol id="sm-a">
         <name>__c_args__</name>
         <value>0xffffffff</value>
      </symbol>
      <symbol id="sm-b">
         <name>__TI_pprof_out_hndl</name>
         <value>0xffffffff</value>
      </symbol>
      <symbol id="sm-c">
         <name>__TI_prof_data_start</name>
         <value>0xffffffff</value>
      </symbol>
      <symbol id="sm-d">
         <name>__TI_prof_data_size</name>
         <value>0xffffffff</value>
      </symbol>
      <symbol id="sm-a1">
         <name>randomBits</name>
         <value>0x20000000</value>
      </symbol>
      <symbol id="sm-a2">
         <name>_p8_t</name>
         <value>0x13c0</value>
         <object_component_ref idref="oc-e6"/>
      </symbol>
      <symbol id="sm-a3">
         <name>psi_inv_rev</name>
         <value>0x140</value>
         <object_component_ref idref="oc-ec"/>
      </symbol>
      <symbol id="sm-a4">
         <name>_p32_t</name>
         <value>0x1140</value>
         <object_component_ref idref="oc-e3"/>
      </symbol>
      <symbol id="sm-a5">
         <name>select</name>
         <value>0x1451</value>
         <object_component_ref idref="oc-a6"/>
      </symbol>
      <symbol id="sm-a6">
         <name>main</name>
         <value>0x176b</value>
         <object_component_ref idref="oc-a6"/>
      </symbol>
      <symbol id="sm-a7">
         <name>mod</name>
         <value>0x15dd</value>
         <object_component_ref idref="oc-a6"/>
      </symbol>
      <symbol id="sm-a8">
         <name>_hw</name>
         <value>0x1340</value>
         <object_component_ref idref="oc-e0"/>
      </symbol>
      <symbol id="sm-a9">
         <name>psi_rev</name>
         <value>0x940</value>
         <object_component_ref idref="oc-e9"/>
      </symbol>
      <symbol id="sm-aa">
         <name>Mult</name>
         <value>0x173f</value>
         <object_component_ref idref="oc-a6"/>
      </symbol>
      <symbol id="sm-ab">
         <name>INTT</name>
         <value>0x1681</value>
         <object_component_ref idref="oc-a6"/>
      </symbol>
      <symbol id="sm-ac">
         <name>NTT</name>
         <value>0x15f7</value>
         <object_component_ref idref="oc-a6"/>
      </symbol>
      <symbol id="sm-ad">
         <name>knuth_yao_ct_fast_32</name>
         <value>0x145b</value>
         <object_component_ref idref="oc-a6"/>
      </symbol>
      <symbol id="sm-ca">
         <name>interruptVectors</name>
         <value>0x0</value>
         <object_component_ref idref="oc-2a"/>
      </symbol>
      <symbol id="sm-104">
         <name>SystemInit</name>
         <value>0x1cdf</value>
         <object_component_ref idref="oc-b9"/>
      </symbol>
      <symbol id="sm-105">
         <name>SystemCoreClockUpdate</name>
         <value>0x1aed</value>
         <object_component_ref idref="oc-b9"/>
      </symbol>
      <symbol id="sm-106">
         <name>SystemCoreClock</name>
         <value>0x20000344</value>
         <object_component_ref idref="oc-10a"/>
      </symbol>
      <symbol id="sm-117">
         <name>_c_int00</name>
         <value>0x1fd1</value>
         <object_component_ref idref="oc-24"/>
      </symbol>
      <symbol id="sm-118">
         <name>__stack</name>
         <value>0x2000fe00</value>
         <object_component_ref idref="oc-2d"/>
      </symbol>
      <symbol id="sm-12f">
         <name>__TI_decompress_none</name>
         <value>0x2177</value>
         <object_component_ref idref="oc-12"/>
      </symbol>
      <symbol id="sm-157">
         <name>__TI_decompress_rle24</name>
         <value>0x2193</value>
         <object_component_ref idref="oc-18"/>
      </symbol>
      <symbol id="sm-179">
         <name>C$$EXIT</name>
         <value>0x2025</value>
         <object_component_ref idref="oc-6b"/>
      </symbol>
      <symbol id="sm-17a">
         <name>abort</name>
         <value>0x2029</value>
         <object_component_ref idref="oc-6b"/>
      </symbol>
      <symbol id="sm-17b">
         <name>exit</name>
         <value>0x2031</value>
         <object_component_ref idref="oc-6b"/>
      </symbol>
      <symbol id="sm-17c">
         <name>__TI_dtors_ptr</name>
         <value>0x2000032c</value>
         <object_component_ref idref="oc-ae"/>
      </symbol>
      <symbol id="sm-17d">
         <name>__TI_cleanup_ptr</name>
         <value>0x20000328</value>
         <object_component_ref idref="oc-ae"/>
      </symbol>
      <symbol id="sm-17e">
         <name>__TI_enable_exit_profile_output</name>
         <value>0x20000330</value>
         <object_component_ref idref="oc-ae"/>
      </symbol>
      <symbol id="sm-199">
         <name>memcpy</name>
         <value>0x1d75</value>
         <object_component_ref idref="oc-2e"/>
      </symbol>
      <symbol id="sm-19a">
         <name>__aeabi_memcpy</name>
         <value>0x1d75</value>
         <object_component_ref idref="oc-2e"/>
      </symbol>
      <symbol id="sm-19b">
         <name>__aeabi_memcpy8</name>
         <value>0x1d75</value>
         <object_component_ref idref="oc-2e"/>
      </symbol>
      <symbol id="sm-19c">
         <name>__aeabi_memcpy4</name>
         <value>0x1d75</value>
         <object_component_ref idref="oc-2e"/>
      </symbol>
      <symbol id="sm-1ab">
         <name>__aeabi_memset</name>
         <value>0x1e13</value>
         <object_component_ref idref="oc-47"/>
      </symbol>
      <symbol id="sm-1ac">
         <name>memset</name>
         <value>0x1e19</value>
         <object_component_ref idref="oc-47"/>
      </symbol>
      <symbol id="sm-1ad">
         <name>__aeabi_memset8</name>
         <value>0x1e13</value>
         <object_component_ref idref="oc-47"/>
      </symbol>
      <symbol id="sm-1ae">
         <name>__aeabi_memset4</name>
         <value>0x1e13</value>
         <object_component_ref idref="oc-47"/>
      </symbol>
      <symbol id="sm-1af">
         <name>__aeabi_memclr8</name>
         <value>0x1e11</value>
         <object_component_ref idref="oc-47"/>
      </symbol>
      <symbol id="sm-1b0">
         <name>__aeabi_memclr4</name>
         <value>0x1e11</value>
         <object_component_ref idref="oc-47"/>
      </symbol>
      <symbol id="sm-1b1">
         <name>__aeabi_memclr</name>
         <value>0x1e11</value>
         <object_component_ref idref="oc-47"/>
      </symbol>
      <symbol id="sm-1bb">
         <name>__mpu_init</name>
         <value>0x1e8b</value>
         <object_component_ref idref="oc-53"/>
      </symbol>
      <symbol id="sm-1c5">
         <name>_system_pre_init</name>
         <value>0x2199</value>
         <object_component_ref idref="oc-59"/>
      </symbol>
      <symbol id="sm-1df">
         <name>rand</name>
         <value>0x20db</value>
         <object_component_ref idref="oc-d1"/>
      </symbol>
      <symbol id="sm-1e0">
         <name>srand</name>
         <value>0x20c5</value>
         <object_component_ref idref="oc-d1"/>
      </symbol>
      <symbol id="sm-1e8">
         <name>main_func_sp</name>
         <value>0x20000340</value>
         <object_component_ref idref="oc-71"/>
      </symbol>
      <symbol id="sm-1fb">
         <name>__time32</name>
         <value>0x2185</value>
         <object_component_ref idref="oc-d7"/>
      </symbol>
      <symbol id="sm-1fc">
         <name>time</name>
         <value>0x2185</value>
         <object_component_ref idref="oc-d7"/>
      </symbol>
      <symbol id="sm-22e">
         <name>HOSTgetenv</name>
         <value>0x1a29</value>
         <object_component_ref idref="oc-11a"/>
      </symbol>
      <symbol id="sm-22f">
         <name>HOSTrename</name>
         <value>0x18d1</value>
         <object_component_ref idref="oc-11a"/>
      </symbol>
      <symbol id="sm-230">
         <name>HOSTclose</name>
         <value>0x1a67</value>
         <object_component_ref idref="oc-11a"/>
      </symbol>
      <symbol id="sm-231">
         <name>HOSTtime64</name>
         <value>0x184d</value>
         <object_component_ref idref="oc-11a"/>
      </symbol>
      <symbol id="sm-232">
         <name>HOSTunlink</name>
         <value>0x1815</value>
         <object_component_ref idref="oc-11a"/>
      </symbol>
      <symbol id="sm-233">
         <name>HOSTlseek</name>
         <value>0x19cd</value>
         <object_component_ref idref="oc-11a"/>
      </symbol>
      <symbol id="sm-234">
         <name>HOSTopen</name>
         <value>0x197b</value>
         <object_component_ref idref="oc-11a"/>
      </symbol>
      <symbol id="sm-235">
         <name>HOSTclock</name>
         <value>0x1a9f</value>
         <object_component_ref idref="oc-11a"/>
      </symbol>
      <symbol id="sm-236">
         <name>HOSTwrite</name>
         <value>0x17c9</value>
         <object_component_ref idref="oc-11a"/>
      </symbol>
      <symbol id="sm-237">
         <name>HOSTread</name>
         <value>0x192f</value>
         <object_component_ref idref="oc-11a"/>
      </symbol>
      <symbol id="sm-238">
         <name>HOSTtime</name>
         <value>0x1897</value>
         <object_component_ref idref="oc-11a"/>
      </symbol>
      <symbol id="sm-253">
         <name>__TI_readmsg</name>
         <value>0x1f9b</value>
         <object_component_ref idref="oc-14b"/>
      </symbol>
      <symbol id="sm-254">
         <name>C$$IO$$</name>
         <value>0x1f97</value>
         <object_component_ref idref="oc-14b"/>
      </symbol>
      <symbol id="sm-255">
         <name>__CIOBUF_</name>
         <value>0x20000200</value>
         <object_component_ref idref="oc-16e"/>
      </symbol>
      <symbol id="sm-256">
         <name>__TI_writemsg</name>
         <value>0x1f69</value>
         <object_component_ref idref="oc-14b"/>
      </symbol>
      <symbol id="sm-26f">
         <name>_nop</name>
         <value>0x2137</value>
         <object_component_ref idref="oc-fe"/>
      </symbol>
      <symbol id="sm-270">
         <name>_lock</name>
         <value>0x20000334</value>
         <object_component_ref idref="oc-b1"/>
      </symbol>
      <symbol id="sm-271">
         <name>_unlock</name>
         <value>0x20000338</value>
         <object_component_ref idref="oc-b1"/>
      </symbol>
      <symbol id="sm-272">
         <name>_register_lock</name>
         <value>0x212f</value>
         <object_component_ref idref="oc-fe"/>
      </symbol>
      <symbol id="sm-273">
         <name>_register_unlock</name>
         <value>0x2129</value>
         <object_component_ref idref="oc-fe"/>
      </symbol>
      <symbol id="sm-287">
         <name>_args_main</name>
         <value>0x2111</value>
         <object_component_ref idref="oc-65"/>
      </symbol>
      <symbol id="sm-2ac">
         <name>__TI_auto_init</name>
         <value>0x1e8d</value>
         <object_component_ref idref="oc-5f"/>
      </symbol>
      <symbol id="sm-2c6">
         <name>copy_in</name>
         <value>0x2079</value>
         <object_component_ref idref="oc-98"/>
      </symbol>
      <symbol id="sm-2d0">
         <name>_system_post_cinit</name>
         <value>0x1f67</value>
         <object_component_ref idref="oc-9e"/>
      </symbol>
      <symbol id="sm-2de">
         <name>strcpy</name>
         <value>0x213d</value>
         <object_component_ref idref="oc-157"/>
      </symbol>
      <symbol id="sm-2ec">
         <name>strlen</name>
         <value>0x2151</value>
         <object_component_ref idref="oc-151"/>
      </symbol>
      <symbol id="sm-2ed">
         <name>__TI_static_base__</name>
         <value>0x0</value>
      </symbol>
      <symbol id="sm-2f0">
         <name>SHT$$INIT_ARRAY$$Limit</name>
         <value>0x0</value>
      </symbol>
      <symbol id="sm-2f1">
         <name>SHT$$INIT_ARRAY$$Base</name>
         <value>0x0</value>
      </symbol>
   </symbol_table>
   <title>Link successful</title>
</link_info>
