******************************************************************************
                  TI ARM Linker Unix v15.12.1                  
******************************************************************************
>> Linked Mon Jun 20 12:22:03 2016

OUTPUT FILE NAME:   <RLWE.out>
ENTRY POINT SYMBOL: "_c_int00"  address: 000012e5


MEMORY CONFIGURATION

         name            origin    length      used     unused   attr    fill
----------------------  --------  ---------  --------  --------  ----  --------
  MAIN                  00000000   00040000  00002836  0003d7ca  R  X
  INFO                  00200000   00004000  00000000  00004000  R  X
  SRAM_CODE             01000000   00010000  00000548  0000fab8  RW X
  SRAM_DATA             20000000   00010000  00000548  0000fab8  RW  


SEGMENT ALLOCATION MAP

run origin  load origin   length   init length attrs members
----------  ----------- ---------- ----------- ----- -------
00000000    00000000    0000283c   0000283c    r-x
  00000000    00000000    00000140   00000140    r-- .intvecs
  00000140    00000140    000013b2   000013b2    r-x .text
  000014f4    000014f4    00001300   00001300    r-- .const
  000027f8    000027f8    00000044   00000044    r-- .cinit
20000000    20000000    00000348   00000000    rw-
  20000000    20000000    00000328   00000000    rw- .bss
  20000328    20000328    00000020   00000000    rw- .data
2000fe00    2000fe00    00000200   00000000    rw-
  2000fe00    2000fe00    00000200   00000000    rw- .stack


SECTION ALLOCATION MAP

 output                                  attributes/
section   page    origin      length       input sections
--------  ----  ----------  ----------   ----------------
.intvecs   0    00000000    00000140     
                  00000000    00000140     startup_msp432p401r_ccs.obj (.intvecs:retain)

.text      0    00000140    000013b2     
                  00000140    000008fc     main.obj (.text)
                  00000a3c    00000328     system_msp432p401r.obj (.text)
                  00000d64    00000324     rtsv7M4_T_le_v4SPD16_eabi.lib : trgdrv.obj (.text)
                  00001088    0000009c                                   : memcpy_t2.obj (.text)
                  00001124    0000007a                                   : memset_t2.obj (.text)
                  0000119e    00000002                                   : i_div0.obj (.text)
                  000011a0    00000070                                   : autoinit.obj (.text)
                  00001210    0000006a                                   : copy_decompress_rle.obj (.text)
                  0000127a    00000002                                   : mpu_init.obj (.text)
                  0000127c    00000068                                   : trgmsg.obj (.text)
                  000012e4    00000054                                   : boot.obj (.text)
                  00001338    00000054                                   : exit.obj (.text)
                  0000138c    0000004c                                   : cpy_tbl.obj (.text)
                  000013d8    0000004c                                   : rand.obj (.text)
                  00001424    00000040                                   : u_divt2.obj (.text)
                  00001464    00000018                                   : args_main.obj (.text)
                  0000147c    00000014                                   : _lock.obj (.text)
                  00001490    00000014                                   : strcpy.obj (.text)
                  000014a4    00000014                                   : strlen.obj (.text)
                  000014b8    00000012     startup_msp432p401r_ccs.obj (.text)
                  000014ca    0000000e     rtsv7M4_T_le_v4SPD16_eabi.lib : copy_decompress_none.obj (.text:decompress:none)
                  000014d8    0000000e                                   : time.obj (.text)
                  000014e6    00000006                                   : copy_decompress_rle.obj (.text:decompress:rle24)
                  000014ec    00000004                                   : pre_init.obj (.text)
                  000014f0    00000002                                   : startup.obj (.text)

.const     0    000014f4    00001300     
                  000014f4    00000800     main.obj (.const:psi_inv_rev)
                  00001cf4    00000800     main.obj (.const:psi_rev)
                  000024f4    00000200     main.obj (.const:_p32_t)
                  000026f4    00000080     main.obj (.const:.string:_hw)
                  00002774    00000080     main.obj (.const:.string:_p8_t)

.cinit     0    000027f8    00000044     
                  000027f8    0000001d     (.cinit..data.load) [load image, compression = rle]
                  00002815    00000003     --HOLE-- [fill = 0]
                  00002818    0000000b     (.cinit..bss.load) [load image, compression = rle]
                  00002823    00000001     --HOLE-- [fill = 0]
                  00002824    00000008     (__TI_handler_table)
                  0000282c    00000010     (__TI_cinit_table)

.init_array 
*          0    00000000    00000000     UNINITIALIZED

.binit     0    00000000    00000000     

.bss       0    20000000    00000328     UNINITIALIZED
                  20000000    00000200     (.common:randomBits)
                  20000200    00000120     rtsv7M4_T_le_v4SPD16_eabi.lib : trgmsg.obj (.bss:_CIOBUF_)
                  20000320    00000008                                   : trgdrv.obj (.bss:parmbuf)

.data      0    20000328    00000020     UNINITIALIZED
                  20000328    0000000c     rtsv7M4_T_le_v4SPD16_eabi.lib : exit.obj (.data:$O1$$)
                  20000334    00000008                                   : _lock.obj (.data:$O1$$)
                  2000033c    00000004                                   : rand.obj (.data)
                  20000340    00000004                                   : stkdepth_vars.obj (.data)
                  20000344    00000004     system_msp432p401r.obj (.data)

.stack     0    2000fe00    00000200     UNINITIALIZED
                  2000fe00    00000200     --HOLE--

MODULE SUMMARY

       Module                        code   ro data   rw data
       ------                        ----   -------   -------
    ./
       main.obj                      2300   4864      1024   
       system_msp432p401r.obj        808    0         8      
       startup_msp432p401r_ccs.obj   18     320       0      
    +--+-----------------------------+------+---------+---------+
       Total:                        3126   5184      1032   
                                                             
    /home/jnortiz/ti_0/ccsv6/tools/compiler/ti-cgt-arm_15.12.1.LTS/lib/rtsv7M4_T_le_v4SPD16_eabi.lib
       trgdrv.obj                    804    0         16     
       trgmsg.obj                    104    0         576    
       memcpy_t2.obj                 156    0         0      
       memset_t2.obj                 122    0         0      
       autoinit.obj                  112    0         0      
       copy_decompress_rle.obj       112    0         0      
       exit.obj                      84     0         24     
       boot.obj                      84     0         0      
       rand.obj                      76     0         8      
       cpy_tbl.obj                   76     0         0      
       u_divt2.obj                   64     0         0      
       _lock.obj                     20     0         16     
       args_main.obj                 24     0         0      
       strcpy.obj                    20     0         0      
       strlen.obj                    20     0         0      
       copy_decompress_none.obj      14     0         0      
       time.obj                      14     0         0      
       stkdepth_vars.obj             0      0         8      
       pre_init.obj                  4      0         0      
       i_div0.obj                    2      0         0      
       mpu_init.obj                  2      0         0      
       startup.obj                   2      0         0      
    +--+-----------------------------+------+---------+---------+
       Total:                        1916   0         648    
                                                             
       Stack:                        0      0         1024   
       Linker Generated:             0      64        0      
    +--+-----------------------------+------+---------+---------+
       Grand Total:                  5042   5248      2704   


LINKER GENERATED COPY TABLES

__TI_cinit_table @ 0000282c records: 2, size/record: 8, table size: 16
	.data: load addr=000027f8, load size=0000001d bytes, run addr=20000328, run size=00000020 bytes, compression=rle
	.bss: load addr=00002818, load size=0000000b bytes, run addr=20000000, run size=00000328 bytes, compression=rle


LINKER GENERATED HANDLER TABLE

__TI_handler_table @ 00002824 records: 2, size/record: 4, table size: 8
	index: 0, handler: __TI_decompress_rle24
	index: 1, handler: __TI_decompress_none


GLOBAL SYMBOLS: SORTED ALPHABETICALLY BY Name 

address   name                           
-------   ----                           
000006e1  Add                            
00001339  C$$EXIT                        
000012ab  C$$IO$$                        
00000963  Decode                         
000008cd  Decryption                     
00000927  Encode                         
000007b1  Encryption                     
0000103b  HOSTclock                      
00001003  HOSTclose                      
00000fc5  HOSTgetenv                     
00000f69  HOSTlseek                      
00000f17  HOSTopen                       
00000ecb  HOSTread                       
00000e6d  HOSTrename                     
00000e33  HOSTtime                       
00000de9  HOSTtime64                     
00000db1  HOSTunlink                     
00000d65  HOSTwrite                      
00000525  INTT                           
0000072d  KeyGeneration                  
00000637  Mult                           
00000449  NTT                            
0000067f  PolySampling                   
000006ad  RandomPoly                     
UNDEFED   SHT$$INIT_ARRAY$$Base          
UNDEFED   SHT$$INIT_ARRAY$$Limit         
00000161  Select                         
20000344  SystemCoreClock                
00000a3d  SystemCoreClockUpdate          
00000cb1  SystemInit                     
4000480c  WDTCTL_SYM                     
20000200  __CIOBUF_                      
20010000  __STACK_END                    
00000200  __STACK_SIZE                   
0000282c  __TI_CINIT_Base                
0000283c  __TI_CINIT_Limit               
00002824  __TI_Handler_Table_Base        
0000282c  __TI_Handler_Table_Limit       
000011a1  __TI_auto_init                 
20000328  __TI_cleanup_ptr               
000014cb  __TI_decompress_none           
000014e7  __TI_decompress_rle24          
2000032c  __TI_dtors_ptr                 
20000330  __TI_enable_exit_profile_output
ffffffff  __TI_pprof_out_hndl            
ffffffff  __TI_prof_data_size            
ffffffff  __TI_prof_data_start           
000012af  __TI_readmsg                   
00000000  __TI_static_base__             
0000127d  __TI_writemsg                  
0000119f  __aeabi_idiv0                  
00001125  __aeabi_memclr                 
00001125  __aeabi_memclr4                
00001125  __aeabi_memclr8                
00001089  __aeabi_memcpy                 
00001089  __aeabi_memcpy4                
00001089  __aeabi_memcpy8                
00001127  __aeabi_memset                 
00001127  __aeabi_memset4                
00001127  __aeabi_memset8                
00001425  __aeabi_uidiv                  
00001425  __aeabi_uidivmod               
ffffffff  __binit__                      
ffffffff  __c_args__                     
0000127b  __mpu_init                     
2000fe00  __stack                        
000014d9  __time32                       
00001465  _args_main                     
000012e5  _c_int00                       
000026f4  _hw                            
20000334  _lock                          
0000148b  _nop                           
000024f4  _p32_t                         
00002774  _p8_t                          
00001483  _register_lock                 
0000147d  _register_unlock               
000014f1  _system_post_cinit             
000014ed  _system_pre_init               
20000338  _unlock                        
0000133d  abort                          
ffffffff  binit                          
0000138d  copy_in                        
00001345  exit                           
00000000  interruptVectors               
00000183  knuth_yao_ct_fast_32           
000009c5  main                           
20000340  main_func_sp                   
00001089  memcpy                         
0000112d  memset                         
00000407  mod                            
000014f4  psi_inv_rev                    
00001cf4  psi_rev                        
000013ef  rand                           
20000000  randomBits                     
000013d9  srand                          
00001491  strcpy                         
000014a5  strlen                         
000014d9  time                           


GLOBAL SYMBOLS: SORTED BY Symbol Address 

address   name                           
-------   ----                           
00000000  __TI_static_base__             
00000000  interruptVectors               
00000161  Select                         
00000183  knuth_yao_ct_fast_32           
00000200  __STACK_SIZE                   
00000407  mod                            
00000449  NTT                            
00000525  INTT                           
00000637  Mult                           
0000067f  PolySampling                   
000006ad  RandomPoly                     
000006e1  Add                            
0000072d  KeyGeneration                  
000007b1  Encryption                     
000008cd  Decryption                     
00000927  Encode                         
00000963  Decode                         
000009c5  main                           
00000a3d  SystemCoreClockUpdate          
00000cb1  SystemInit                     
00000d65  HOSTwrite                      
00000db1  HOSTunlink                     
00000de9  HOSTtime64                     
00000e33  HOSTtime                       
00000e6d  HOSTrename                     
00000ecb  HOSTread                       
00000f17  HOSTopen                       
00000f69  HOSTlseek                      
00000fc5  HOSTgetenv                     
00001003  HOSTclose                      
0000103b  HOSTclock                      
00001089  __aeabi_memcpy                 
00001089  __aeabi_memcpy4                
00001089  __aeabi_memcpy8                
00001089  memcpy                         
00001125  __aeabi_memclr                 
00001125  __aeabi_memclr4                
00001125  __aeabi_memclr8                
00001127  __aeabi_memset                 
00001127  __aeabi_memset4                
00001127  __aeabi_memset8                
0000112d  memset                         
0000119f  __aeabi_idiv0                  
000011a1  __TI_auto_init                 
0000127b  __mpu_init                     
0000127d  __TI_writemsg                  
000012ab  C$$IO$$                        
000012af  __TI_readmsg                   
000012e5  _c_int00                       
00001339  C$$EXIT                        
0000133d  abort                          
00001345  exit                           
0000138d  copy_in                        
000013d9  srand                          
000013ef  rand                           
00001425  __aeabi_uidiv                  
00001425  __aeabi_uidivmod               
00001465  _args_main                     
0000147d  _register_unlock               
00001483  _register_lock                 
0000148b  _nop                           
00001491  strcpy                         
000014a5  strlen                         
000014cb  __TI_decompress_none           
000014d9  __time32                       
000014d9  time                           
000014e7  __TI_decompress_rle24          
000014ed  _system_pre_init               
000014f1  _system_post_cinit             
000014f4  psi_inv_rev                    
00001cf4  psi_rev                        
000024f4  _p32_t                         
000026f4  _hw                            
00002774  _p8_t                          
00002824  __TI_Handler_Table_Base        
0000282c  __TI_CINIT_Base                
0000282c  __TI_Handler_Table_Limit       
0000283c  __TI_CINIT_Limit               
20000000  randomBits                     
20000200  __CIOBUF_                      
20000328  __TI_cleanup_ptr               
2000032c  __TI_dtors_ptr                 
20000330  __TI_enable_exit_profile_output
20000334  _lock                          
20000338  _unlock                        
20000340  main_func_sp                   
20000344  SystemCoreClock                
2000fe00  __stack                        
20010000  __STACK_END                    
4000480c  WDTCTL_SYM                     
ffffffff  __TI_pprof_out_hndl            
ffffffff  __TI_prof_data_size            
ffffffff  __TI_prof_data_start           
ffffffff  __binit__                      
ffffffff  __c_args__                     
ffffffff  binit                          
UNDEFED   SHT$$INIT_ARRAY$$Base          
UNDEFED   SHT$$INIT_ARRAY$$Limit         

[98 symbols]
