******************************************************************************
                  TI ARM Linker Unix v15.12.1                  
******************************************************************************
>> Linked Mon Jun 20 10:07:38 2016

OUTPUT FILE NAME:   <RLWE.out>
ENTRY POINT SYMBOL: "_c_int00"  address: 00001c11


MEMORY CONFIGURATION

         name            origin    length      used     unused   attr    fill
----------------------  --------  ---------  --------  --------  ----  --------
  MAIN                  00000000   00040000  000031aa  0003ce56  R  X
  INFO                  00200000   00004000  00000000  00004000  R  X
  SRAM_CODE             01000000   00010000  00000bb4  0000f44c  RW X
  SRAM_DATA             20000000   00010000  00000bb4  0000f44c  RW  


SEGMENT ALLOCATION MAP

run origin  load origin   length   init length attrs members
----------  ----------- ---------- ----------- ----- -------
00000000    00000000    000031ac   000031ac    r-x
  00000000    00000000    00000140   00000140    r-- .intvecs
  00000140    00000140    00001cd6   00001cd6    r-x .text
  00001e18    00001e18    00001300   00001300    r-- .const
  00003118    00003118    00000094   00000094    r-- .cinit
20000000    20000000    000009b4   00000000    rw-
  20000000    20000000    00000400   00000000    rw- .sysmem
  20000400    20000400    00000328   00000000    rw- .bss
  20000728    20000728    0000028c   00000000    rw- .data
2000fe00    2000fe00    00000200   00000000    rw-
  2000fe00    2000fe00    00000200   00000000    rw- .stack


SECTION ALLOCATION MAP

 output                                  attributes/
section   page    origin      length       input sections
--------  ----  ----------  ----------   ----------------
.intvecs   0    00000000    00000140     
                  00000000    00000140     startup_msp432p401r_ccs.obj (.intvecs:retain)

.text      0    00000140    00001cd6     
                  00000140    00000bfa     main.obj (.text)
                  00000d3a    00000002     rtsv7M4_T_le_v4SPD16_eabi.lib : _lock.obj (.text)
                  00000d3c    000003a8                                   : memory.obj (.text)
                  000010e4    000002d0                                   : fopen.obj (.text)
                  000013b4    00000254                                   : trgdrv.obj (.text)
                  00001608    00000130                                   : _io_perm.obj (.text)
                  00001738    00000124                                   : fputs.obj (.text)
                  0000185c    000000f4                                   : lowlev.obj (.text)
                  00001950    0000009c                                   : memcpy_t2.obj (.text)
                  000019ec    0000007a                                   : memset_t2.obj (.text)
                  00001a66    00000002                                   : mpu_init.obj (.text)
                  00001a68    00000070                                   : autoinit.obj (.text)
                  00001ad8    00000070     system_msp432p401r.obj (.text)
                  00001b48    00000068     rtsv7M4_T_le_v4SPD16_eabi.lib : trgmsg.obj (.text)
                  00001bb0    0000005e                                   : copy_decompress_rle.obj (.text:decompress:rle24)
                  00001c0e    00000002                                   : startup.obj (.text)
                  00001c10    00000054                                   : boot.obj (.text)
                  00001c64    00000054                                   : exit.obj (.text)
                  00001cb8    00000050                                   : time.obj (.text)
                  00001d08    0000004c                                   : cpy_tbl.obj (.text)
                  00001d54    0000004c                                   : fflush.obj (.text)
                  00001da0    00000028                                   : assert.obj (.text)
                  00001dc8    00000022     startup_msp432p401r_ccs.obj (.text)
                  00001dea    00000002     --HOLE-- [fill = 0]
                  00001dec    00000018     rtsv7M4_T_le_v4SPD16_eabi.lib : args_main.obj (.text)
                  00001e04    0000000e                                   : copy_decompress_none.obj (.text:decompress:none)
                  00001e12    00000004                                   : pre_init.obj (.text)

.const     0    00001e18    00001300     
                  00001e18    00001300     main.obj (.const:$O1$$)

.cinit     0    00003118    00000094     
                  00003118    0000006d     (.cinit..data.load) [load image, compression = rle]
                  00003185    00000003     --HOLE-- [fill = 0]
                  00003188    0000000b     (.cinit..bss.load) [load image, compression = rle]
                  00003193    00000001     --HOLE-- [fill = 0]
                  00003194    00000008     (__TI_handler_table)
                  0000319c    00000010     (__TI_cinit_table)

.init_array 
*          0    00000000    00000000     UNINITIALIZED

.binit     0    00000000    00000000     

.sysmem    0    20000000    00000400     UNINITIALIZED
                  20000000    00000008     rtsv7M4_T_le_v4SPD16_eabi.lib : memory.obj (.sysmem)
                  20000008    000003f8     --HOLE--

.bss       0    20000400    00000328     UNINITIALIZED
                  20000400    00000200     (.common:randomBits)
                  20000600    00000120     rtsv7M4_T_le_v4SPD16_eabi.lib : trgmsg.obj (.bss:_CIOBUF_)
                  20000720    00000008                                   : trgdrv.obj (.bss:parmbuf$21)

.data      0    20000728    0000028c     UNINITIALIZED
                  20000728    00000194     rtsv7M4_T_le_v4SPD16_eabi.lib : defs.obj (.data:$O2$$)
                  200008bc    000000d0                                   : lowlev.obj (.data:$O3$$)
                  2000098c    0000000c                                   : exit.obj (.data:$O1$$)
                  20000998    0000000c                                   : memory.obj (.data:$O5$$)
                  200009a4    00000008                                   : _lock.obj (.data:$O4$$)
                  200009ac    00000004                                   : rand.obj (.data)
                  200009b0    00000004                                   : stkdepth_vars.obj (.data)

.stack     0    2000fe00    00000200     UNINITIALIZED
                  2000fe00    00000200     --HOLE--

MODULE SUMMARY

       Module                        code   ro data   rw data
       ------                        ----   -------   -------
    ./
       main.obj                      3066   4864      0      
       startup_msp432p401r_ccs.obj   34     320       0      
       system_msp432p401r.obj        112    0         0      
    +--+-----------------------------+------+---------+---------+
       Total:                        3212   5184      0      
                                                             
    /tmp/
       07413d61gWr                   0      0         1024   
    +--+-----------------------------+------+---------+---------+
       Total:                        0      0         1024   
                                                             
    /home/jnortiz/ti_0/ccsv6/tools/compiler/ti-cgt-arm_15.12.1.LTS/lib/rtsv7M4_T_le_v4SPD16_eabi.lib
       memory.obj                    936    0         24     
       defs.obj                      0      0         808    
       fopen.obj                     720    0         0      
       trgmsg.obj                    104    0         576    
       lowlev.obj                    244    0         416    
       trgdrv.obj                    596    0         16     
       _io_perm.obj                  304    0         0      
       fputs.obj                     292    0         0      
       memcpy_t2.obj                 156    0         0      
       memset_t2.obj                 122    0         0      
       autoinit.obj                  112    0         0      
       exit.obj                      84     0         24     
       copy_decompress_rle.obj       94     0         0      
       boot.obj                      84     0         0      
       time.obj                      80     0         0      
       cpy_tbl.obj                   76     0         0      
       fflush.obj                    76     0         0      
       assert.obj                    40     0         0      
       args_main.obj                 24     0         0      
       _lock.obj                     2      0         16     
       copy_decompress_none.obj      14     0         0      
       rand.obj                      0      0         8      
       stkdepth_vars.obj             0      0         8      
       pre_init.obj                  4      0         0      
       mpu_init.obj                  2      0         0      
       startup.obj                   2      0         0      
    +--+-----------------------------+------+---------+---------+
       Total:                        4168   0         1896   
                                                             
       Heap:                         0      0         2048   
       Stack:                        0      0         1024   
       Linker Generated:             0      144       0      
    +--+-----------------------------+------+---------+---------+
       Grand Total:                  7380   5328      5992   


LINKER GENERATED COPY TABLES

__TI_cinit_table @ 0000319c records: 2, size/record: 8, table size: 16
	.data: load addr=00003118, load size=0000006d bytes, run addr=20000728, run size=0000028c bytes, compression=rle
	.bss: load addr=00003188, load size=0000000b bytes, run addr=20000400, run size=00000328 bytes, compression=rle


LINKER GENERATED HANDLER TABLE

__TI_handler_table @ 00003194 records: 2, size/record: 4, table size: 8
	index: 0, handler: __TI_decompress_rle24
	index: 1, handler: __TI_decompress_none


GLOBAL SYMBOLS: SORTED ALPHABETICALLY BY Name 

address   name                           
-------   ----                           
00001c65  C$$EXIT                        
00001b77  C$$IO$$                        
000007d9  Encryption                     
00001413  HOSTclose                      
000014e1  HOSTlseek                      
000013b5  HOSTopen                       
00001449  HOSTread                       
0000157f  HOSTrename                     
0000153f  HOSTunlink                     
00001497  HOSTwrite                      
000008c9  INTT                           
00000751  KeyGeneration                  
00000169  NTT                            
UNDEFED   SHT$$INIT_ARRAY$$Base          
UNDEFED   SHT$$INIT_ARRAY$$Limit         
00001ad9  SystemInit                     
4000480c  WDTCTL_SYM                     
20000600  __CIOBUF_                      
20010000  __STACK_END                    
00000200  __STACK_SIZE                   
00000400  __SYSMEM_SIZE                  
0000319c  __TI_CINIT_Base                
000031ac  __TI_CINIT_Limit               
00003194  __TI_Handler_Table_Base        
0000319c  __TI_Handler_Table_Limit       
00001a69  __TI_auto_init                 
000010e5  __TI_cleanup                   
2000098c  __TI_cleanup_ptr               
00001e05  __TI_decompress_none           
00001bb1  __TI_decompress_rle24          
00001d55  __TI_doflush                   
20000990  __TI_dtors_ptr                 
20000994  __TI_enable_exit_profile_output
20000728  __TI_ft_end                    
ffffffff  __TI_pprof_out_hndl            
ffffffff  __TI_prof_data_size            
ffffffff  __TI_prof_data_start           
00001b7b  __TI_readmsg                   
00000000  __TI_static_base__             
2000072c  __TI_tmpnams                   
00001b49  __TI_writemsg                  
00001609  __TI_wrt_ok                    
000019ed  __aeabi_memclr                 
000019ed  __aeabi_memclr4                
000019ed  __aeabi_memclr8                
00001951  __aeabi_memcpy                 
00001951  __aeabi_memcpy4                
00001951  __aeabi_memcpy8                
000019ef  __aeabi_memset                 
000019ef  __aeabi_memset4                
000019ef  __aeabi_memset8                
ffffffff  __binit__                      
ffffffff  __c_args__                     
00001a67  __mpu_init                     
2000fe00  __stack                        
00001cb9  __time32                       
00001da1  _abort_msg                     
00001ded  _args_main                     
00001c11  _c_int00                       
200007cc  _ftable                        
00001e98  _hw                            
200009a4  _lock                          
00000d3b  _nop                           
00001f18  _p32_t                         
00001e18  _p8_t                          
20000000  _sys_memory                    
00001c0f  _system_post_cinit             
00001e13  _system_pre_init               
200009a8  _unlock                        
00001c69  abort                          
ffffffff  binit                          
00001d09  copy_in                        
00001c71  exit                           
00001739  fputs                          
00000dc9  free                           
00000000  interruptVectors               
00000209  knuth_yao_ct_fast_32           
00000999  main                           
200009b0  main_func_sp                   
00000fed  malloc                         
00001951  memcpy                         
000019f5  memset                         
00000d3d  minit                          
00000141  mod                            
00002918  psi_inv_rev                    
00002118  psi_rev                        
20000400  randomBits                     
00001cb9  time                           
0000185d  write                          


GLOBAL SYMBOLS: SORTED BY Symbol Address 

address   name                           
-------   ----                           
00000000  __TI_static_base__             
00000000  interruptVectors               
00000141  mod                            
00000169  NTT                            
00000200  __STACK_SIZE                   
00000209  knuth_yao_ct_fast_32           
00000400  __SYSMEM_SIZE                  
00000751  KeyGeneration                  
000007d9  Encryption                     
000008c9  INTT                           
00000999  main                           
00000d3b  _nop                           
00000d3d  minit                          
00000dc9  free                           
00000fed  malloc                         
000010e5  __TI_cleanup                   
000013b5  HOSTopen                       
00001413  HOSTclose                      
00001449  HOSTread                       
00001497  HOSTwrite                      
000014e1  HOSTlseek                      
0000153f  HOSTunlink                     
0000157f  HOSTrename                     
00001609  __TI_wrt_ok                    
00001739  fputs                          
0000185d  write                          
00001951  __aeabi_memcpy                 
00001951  __aeabi_memcpy4                
00001951  __aeabi_memcpy8                
00001951  memcpy                         
000019ed  __aeabi_memclr                 
000019ed  __aeabi_memclr4                
000019ed  __aeabi_memclr8                
000019ef  __aeabi_memset                 
000019ef  __aeabi_memset4                
000019ef  __aeabi_memset8                
000019f5  memset                         
00001a67  __mpu_init                     
00001a69  __TI_auto_init                 
00001ad9  SystemInit                     
00001b49  __TI_writemsg                  
00001b77  C$$IO$$                        
00001b7b  __TI_readmsg                   
00001bb1  __TI_decompress_rle24          
00001c0f  _system_post_cinit             
00001c11  _c_int00                       
00001c65  C$$EXIT                        
00001c69  abort                          
00001c71  exit                           
00001cb9  __time32                       
00001cb9  time                           
00001d09  copy_in                        
00001d55  __TI_doflush                   
00001da1  _abort_msg                     
00001ded  _args_main                     
00001e05  __TI_decompress_none           
00001e13  _system_pre_init               
00001e18  _p8_t                          
00001e98  _hw                            
00001f18  _p32_t                         
00002118  psi_rev                        
00002918  psi_inv_rev                    
00003194  __TI_Handler_Table_Base        
0000319c  __TI_CINIT_Base                
0000319c  __TI_Handler_Table_Limit       
000031ac  __TI_CINIT_Limit               
20000000  _sys_memory                    
20000400  randomBits                     
20000600  __CIOBUF_                      
20000728  __TI_ft_end                    
2000072c  __TI_tmpnams                   
200007cc  _ftable                        
2000098c  __TI_cleanup_ptr               
20000990  __TI_dtors_ptr                 
20000994  __TI_enable_exit_profile_output
200009a4  _lock                          
200009a8  _unlock                        
200009b0  main_func_sp                   
2000fe00  __stack                        
20010000  __STACK_END                    
4000480c  WDTCTL_SYM                     
ffffffff  __TI_pprof_out_hndl            
ffffffff  __TI_prof_data_size            
ffffffff  __TI_prof_data_start           
ffffffff  __binit__                      
ffffffff  __c_args__                     
ffffffff  binit                          
UNDEFED   SHT$$INIT_ARRAY$$Base          
UNDEFED   SHT$$INIT_ARRAY$$Limit         

[89 symbols]
