******************************************************************************
                  TI ARM Linker Unix v15.12.1                  
******************************************************************************
>> Linked Wed Jun 15 17:11:41 2016

OUTPUT FILE NAME:   <RLWE.out>
ENTRY POINT SYMBOL: "_c_int00"  address: 00002415


MEMORY CONFIGURATION

         name            origin    length      used     unused   attr    fill
----------------------  --------  ---------  --------  --------  ----  --------
  MAIN                  00000000   00040000  00002676  0003d98a  R  X
  INFO                  00200000   00004000  00000000  00004000  R  X
  SRAM_CODE             01000000   00010000  00000548  0000fab8  RW X
  SRAM_DATA             20000000   00010000  00000548  0000fab8  RW  


SEGMENT ALLOCATION MAP

run origin  load origin   length   init length attrs members
----------  ----------- ---------- ----------- ----- -------
00000000    00000000    0000267c   0000267c    r-x
  00000000    00000000    00000140   00000140    r-- .intvecs
  00000140    00000140    00001300   00001300    r-- .const
  00001440    00001440    000011f2   000011f2    r-x .text
  00002638    00002638    00000044   00000044    r-- .cinit
20000000    20000000    00000348   00000000    rw-
  20000000    20000000    00000328   00000000    rw- .bss
  20000328    20000328    00000020   00000000    rw- .data
2000fe00    2000fe00    00000200   00000000    rw-
  2000fe00    2000fe00    00000200   00000000    rw- .stack


SECTION ALLOCATION MAP

 output                                  attributes/
section   page    origin      length       input sections
--------  ----  ----------  ----------   ----------------
.intvecs   0    00000000    00000140     
                  00000000    00000140     startup_msp432p401r_ccs.obj (.intvecs:retain)

.const     0    00000140    00001300     
                  00000140    00000800     main.obj (.const:psi_inv_rev)
                  00000940    00000800     main.obj (.const:psi_rev)
                  00001140    00000200     main.obj (.const:_p32_t)
                  00001340    00000080     main.obj (.const:.string:_hw)
                  000013c0    00000080     main.obj (.const:.string:_p8_t)

.text      0    00001440    000011f2     
                  00001440    00000606     main.obj (.text)
                  00001a46    00000002     rtsv7M4_T_le_v4SPD16_eabi.lib : i_div0.obj (.text)
                  00001a48    0000044a     system_msp432p401r.obj (.text)
                  00001e92    00000002     rtsv7M4_T_le_v4SPD16_eabi.lib : mpu_init.obj (.text)
                  00001e94    00000324                                   : trgdrv.obj (.text)
                  000021b8    0000009c                                   : memcpy_t2.obj (.text)
                  00002254    0000007a                                   : memset_t2.obj (.text)
                  000022ce    00000002                                   : startup.obj (.text)
                  000022d0    00000070                                   : autoinit.obj (.text)
                  00002340    0000006a                                   : copy_decompress_rle.obj (.text)
                  000023aa    00000002     --HOLE-- [fill = 0]
                  000023ac    00000068                                   : trgmsg.obj (.text)
                  00002414    00000054                                   : boot.obj (.text)
                  00002468    00000054                                   : exit.obj (.text)
                  000024bc    0000004c                                   : cpy_tbl.obj (.text)
                  00002508    0000004c                                   : rand.obj (.text)
                  00002554    00000040                                   : u_divt2.obj (.text)
                  00002594    00000004                                   : pre_init.obj (.text)
                  00002598    00000022     startup_msp432p401r_ccs.obj (.text)
                  000025ba    00000002     --HOLE-- [fill = 0]
                  000025bc    00000018     rtsv7M4_T_le_v4SPD16_eabi.lib : args_main.obj (.text)
                  000025d4    00000014                                   : _lock.obj (.text)
                  000025e8    00000014                                   : strcpy.obj (.text)
                  000025fc    00000014                                   : strlen.obj (.text)
                  00002610    0000000e                                   : copy_decompress_none.obj (.text:decompress:none)
                  0000261e    0000000e                                   : time.obj (.text)
                  0000262c    00000006                                   : copy_decompress_rle.obj (.text:decompress:rle24)

.cinit     0    00002638    00000044     
                  00002638    0000001d     (.cinit..data.load) [load image, compression = rle]
                  00002655    00000003     --HOLE-- [fill = 0]
                  00002658    0000000b     (.cinit..bss.load) [load image, compression = rle]
                  00002663    00000001     --HOLE-- [fill = 0]
                  00002664    00000008     (__TI_handler_table)
                  0000266c    00000010     (__TI_cinit_table)

.init_array 
*          0    00000000    00000000     UNINITIALIZED

.binit     0    00000000    00000000     

.bss       0    20000000    00000328     UNINITIALIZED
                  20000000    00000200     (.common:randomBits)
                  20000200    00000120     rtsv7M4_T_le_v4SPD16_eabi.lib : trgmsg.obj (.bss:_CIOBUF_)
                  20000320    00000008                                   : trgdrv.obj (.bss:parmbuf)

.data      0    20000328    00000020     UNINITIALIZED
                  20000328    0000000c     rtsv7M4_T_le_v4SPD16_eabi.lib : exit.obj (.data:$O1$$)
                  20000334    00000008                                   : _lock.obj (.data:$O1$$)
                  2000033c    00000004                                   : rand.obj (.data)
                  20000340    00000004                                   : stkdepth_vars.obj (.data)
                  20000344    00000004     system_msp432p401r.obj (.data)

.stack     0    2000fe00    00000200     UNINITIALIZED
                  2000fe00    00000200     --HOLE--

MODULE SUMMARY

       Module                        code   ro data   rw data
       ------                        ----   -------   -------
    ./
       main.obj                      1542   4864      1024   
       system_msp432p401r.obj        1098   0         8      
       startup_msp432p401r_ccs.obj   34     320       0      
    +--+-----------------------------+------+---------+---------+
       Total:                        2674   5184      1032   
                                                             
    /home/jnortiz/ti_0/ccsv6/tools/compiler/ti-cgt-arm_15.12.1.LTS/lib/rtsv7M4_T_le_v4SPD16_eabi.lib
       trgdrv.obj                    804    0         16     
       trgmsg.obj                    104    0         576    
       memcpy_t2.obj                 156    0         0      
       memset_t2.obj                 122    0         0      
       autoinit.obj                  112    0         0      
       copy_decompress_rle.obj       112    0         0      
       exit.obj                      84     0         24     
       boot.obj                      84     0         0      
       rand.obj                      76     0         8      
       cpy_tbl.obj                   76     0         0      
       u_divt2.obj                   64     0         0      
       _lock.obj                     20     0         16     
       args_main.obj                 24     0         0      
       strcpy.obj                    20     0         0      
       strlen.obj                    20     0         0      
       copy_decompress_none.obj      14     0         0      
       time.obj                      14     0         0      
       stkdepth_vars.obj             0      0         8      
       pre_init.obj                  4      0         0      
       i_div0.obj                    2      0         0      
       mpu_init.obj                  2      0         0      
       startup.obj                   2      0         0      
    +--+-----------------------------+------+---------+---------+
       Total:                        1916   0         648    
                                                             
       Stack:                        0      0         1024   
       Linker Generated:             0      64        0      
    +--+-----------------------------+------+---------+---------+
       Grand Total:                  4590   5248      2704   


LINKER GENERATED COPY TABLES

__TI_cinit_table @ 0000266c records: 2, size/record: 8, table size: 16
	.data: load addr=00002638, load size=0000001d bytes, run addr=20000328, run size=00000020 bytes, compression=rle
	.bss: load addr=00002658, load size=0000000b bytes, run addr=20000000, run size=00000328 bytes, compression=rle


LINKER GENERATED HANDLER TABLE

__TI_handler_table @ 00002664 records: 2, size/record: 4, table size: 8
	index: 0, handler: __TI_decompress_rle24
	index: 1, handler: __TI_decompress_none


GLOBAL SYMBOLS: SORTED ALPHABETICALLY BY Name 

address   name                           
-------   ----                           
00002469  C$$EXIT                        
000023db  C$$IO$$                        
0000216b  HOSTclock                      
00002133  HOSTclose                      
000020f5  HOSTgetenv                     
00002099  HOSTlseek                      
00002047  HOSTopen                       
00001ffb  HOSTread                       
00001f9d  HOSTrename                     
00001f63  HOSTtime                       
00001f19  HOSTtime64                     
00001ee1  HOSTunlink                     
00001e95  HOSTwrite                      
00001879  INTT                           
00001999  Mult                           
00001789  NTT                            
UNDEFED   SHT$$INIT_ARRAY$$Base          
UNDEFED   SHT$$INIT_ARRAY$$Limit         
20000344  SystemCoreClock                
00001a49  SystemCoreClockUpdate          
00001e09  SystemInit                     
4000480c  WDTCTL_SYM                     
20000200  __CIOBUF_                      
20010000  __STACK_END                    
00000200  __STACK_SIZE                   
0000266c  __TI_CINIT_Base                
0000267c  __TI_CINIT_Limit               
00002664  __TI_Handler_Table_Base        
0000266c  __TI_Handler_Table_Limit       
000022d1  __TI_auto_init                 
20000328  __TI_cleanup_ptr               
00002611  __TI_decompress_none           
0000262d  __TI_decompress_rle24          
2000032c  __TI_dtors_ptr                 
20000330  __TI_enable_exit_profile_output
ffffffff  __TI_pprof_out_hndl            
ffffffff  __TI_prof_data_size            
ffffffff  __TI_prof_data_start           
000023df  __TI_readmsg                   
00000000  __TI_static_base__             
000023ad  __TI_writemsg                  
00001a47  __aeabi_idiv0                  
00002255  __aeabi_memclr                 
00002255  __aeabi_memclr4                
00002255  __aeabi_memclr8                
000021b9  __aeabi_memcpy                 
000021b9  __aeabi_memcpy4                
000021b9  __aeabi_memcpy8                
00002257  __aeabi_memset                 
00002257  __aeabi_memset4                
00002257  __aeabi_memset8                
00002555  __aeabi_uidiv                  
00002555  __aeabi_uidivmod               
ffffffff  __binit__                      
ffffffff  __c_args__                     
00001e93  __mpu_init                     
2000fe00  __stack                        
0000261f  __time32                       
000025bd  _args_main                     
00002415  _c_int00                       
00001340  _hw                            
20000334  _lock                          
000025e3  _nop                           
00001140  _p32_t                         
000013c0  _p8_t                          
000025db  _register_lock                 
000025d5  _register_unlock               
000022cf  _system_post_cinit             
00002595  _system_pre_init               
20000338  _unlock                        
0000246d  abort                          
ffffffff  binit                          
000024bd  copy_in                        
00002475  exit                           
00000000  interruptVectors               
00001491  knuth_yao_ct_fast_32           
000019e9  main                           
20000340  main_func_sp                   
000021b9  memcpy                         
0000225d  memset                         
00001741  mod                            
00000140  psi_inv_rev                    
00000940  psi_rev                        
0000251f  rand                           
20000000  randomBits                     
00001469  select                         
00002509  srand                          
000025e9  strcpy                         
000025fd  strlen                         
0000261f  time                           


GLOBAL SYMBOLS: SORTED BY Symbol Address 

address   name                           
-------   ----                           
00000000  __TI_static_base__             
00000000  interruptVectors               
00000140  psi_inv_rev                    
00000200  __STACK_SIZE                   
00000940  psi_rev                        
00001140  _p32_t                         
00001340  _hw                            
000013c0  _p8_t                          
00001469  select                         
00001491  knuth_yao_ct_fast_32           
00001741  mod                            
00001789  NTT                            
00001879  INTT                           
00001999  Mult                           
000019e9  main                           
00001a47  __aeabi_idiv0                  
00001a49  SystemCoreClockUpdate          
00001e09  SystemInit                     
00001e93  __mpu_init                     
00001e95  HOSTwrite                      
00001ee1  HOSTunlink                     
00001f19  HOSTtime64                     
00001f63  HOSTtime                       
00001f9d  HOSTrename                     
00001ffb  HOSTread                       
00002047  HOSTopen                       
00002099  HOSTlseek                      
000020f5  HOSTgetenv                     
00002133  HOSTclose                      
0000216b  HOSTclock                      
000021b9  __aeabi_memcpy                 
000021b9  __aeabi_memcpy4                
000021b9  __aeabi_memcpy8                
000021b9  memcpy                         
00002255  __aeabi_memclr                 
00002255  __aeabi_memclr4                
00002255  __aeabi_memclr8                
00002257  __aeabi_memset                 
00002257  __aeabi_memset4                
00002257  __aeabi_memset8                
0000225d  memset                         
000022cf  _system_post_cinit             
000022d1  __TI_auto_init                 
000023ad  __TI_writemsg                  
000023db  C$$IO$$                        
000023df  __TI_readmsg                   
00002415  _c_int00                       
00002469  C$$EXIT                        
0000246d  abort                          
00002475  exit                           
000024bd  copy_in                        
00002509  srand                          
0000251f  rand                           
00002555  __aeabi_uidiv                  
00002555  __aeabi_uidivmod               
00002595  _system_pre_init               
000025bd  _args_main                     
000025d5  _register_unlock               
000025db  _register_lock                 
000025e3  _nop                           
000025e9  strcpy                         
000025fd  strlen                         
00002611  __TI_decompress_none           
0000261f  __time32                       
0000261f  time                           
0000262d  __TI_decompress_rle24          
00002664  __TI_Handler_Table_Base        
0000266c  __TI_CINIT_Base                
0000266c  __TI_Handler_Table_Limit       
0000267c  __TI_CINIT_Limit               
20000000  randomBits                     
20000200  __CIOBUF_                      
20000328  __TI_cleanup_ptr               
2000032c  __TI_dtors_ptr                 
20000330  __TI_enable_exit_profile_output
20000334  _lock                          
20000338  _unlock                        
20000340  main_func_sp                   
20000344  SystemCoreClock                
2000fe00  __stack                        
20010000  __STACK_END                    
4000480c  WDTCTL_SYM                     
ffffffff  __TI_pprof_out_hndl            
ffffffff  __TI_prof_data_size            
ffffffff  __TI_prof_data_start           
ffffffff  __binit__                      
ffffffff  __c_args__                     
ffffffff  binit                          
UNDEFED   SHT$$INIT_ARRAY$$Base          
UNDEFED   SHT$$INIT_ARRAY$$Limit         

[90 symbols]
