******************************************************************************
                  TI ARM Linker Unix v15.12.1                  
******************************************************************************
>> Linked Wed Jun 15 17:12:00 2016

OUTPUT FILE NAME:   <RLWE.out>
ENTRY POINT SYMBOL: "_c_int00"  address: 0000047d


MEMORY CONFIGURATION

         name            origin    length      used     unused   attr    fill
----------------------  --------  ---------  --------  --------  ----  --------
  MAIN                  00000000   00040000  00000678  0003f988  R  X
  INFO                  00200000   00004000  00000000  00004000  R  X
  SRAM_CODE             01000000   00010000  00000544  0000fabc  RW X
  SRAM_DATA             20000000   00010000  00000544  0000fabc  RW  


SEGMENT ALLOCATION MAP

run origin  load origin   length   init length attrs members
----------  ----------- ---------- ----------- ----- -------
00000000    00000000    0000067c   0000067c    r-x
  00000000    00000000    00000140   00000140    r-- .intvecs
  00000140    00000140    000004f4   000004f4    r-x .text
  00000638    00000638    00000044   00000044    r-- .cinit
20000000    20000000    00000344   00000000    rw-
  20000000    20000000    00000328   00000000    rw- .bss
  20000328    20000328    0000001c   00000000    rw- .data
2000fe00    2000fe00    00000200   00000000    rw-
  2000fe00    2000fe00    00000200   00000000    rw- .stack


SECTION ALLOCATION MAP

 output                                  attributes/
section   page    origin      length       input sections
--------  ----  ----------  ----------   ----------------
.intvecs   0    00000000    00000140     
                  00000000    00000140     startup_msp432p401r_ccs.obj (.intvecs:retain)

.text      0    00000140    000004f4     
                  00000140    0000009c     rtsv7M4_T_le_v4SPD16_eabi.lib : memcpy_t2.obj (.text)
                  000001dc    0000007a                                   : memset_t2.obj (.text)
                  00000256    00000002                                   : _lock.obj (.text)
                  00000258    00000078     main.obj (.text)
                  000002d0    00000070     rtsv7M4_T_le_v4SPD16_eabi.lib : autoinit.obj (.text)
                  00000340    0000006a                                   : copy_decompress_rle.obj (.text)
                  000003aa    00000002                                   : mpu_init.obj (.text)
                  000003ac    00000068                                   : trgmsg.obj (.text)
                  00000414    00000068     system_msp432p401r.obj (.text)
                  0000047c    00000054     rtsv7M4_T_le_v4SPD16_eabi.lib : boot.obj (.text)
                  000004d0    00000054                                   : exit.obj (.text)
                  00000524    00000050                                   : time.obj (.text)
                  00000574    0000004c                                   : cpy_tbl.obj (.text)
                  000005c0    00000030                                   : rand.obj (.text)
                  000005f0    00000018                                   : args_main.obj (.text)
                  00000608    00000012     startup_msp432p401r_ccs.obj (.text)
                  0000061a    0000000e     rtsv7M4_T_le_v4SPD16_eabi.lib : copy_decompress_none.obj (.text:decompress:none)
                  00000628    00000006                                   : copy_decompress_rle.obj (.text:decompress:rle24)
                  0000062e    00000004                                   : pre_init.obj (.text)
                  00000632    00000002                                   : startup.obj (.text)

.cinit     0    00000638    00000044     
                  00000638    00000019     (.cinit..data.load) [load image, compression = rle]
                  00000651    00000007     --HOLE-- [fill = 0]
                  00000658    0000000b     (.cinit..bss.load) [load image, compression = rle]
                  00000663    00000001     --HOLE-- [fill = 0]
                  00000664    00000008     (__TI_handler_table)
                  0000066c    00000010     (__TI_cinit_table)

.init_array 
*          0    00000000    00000000     UNINITIALIZED

.binit     0    00000000    00000000     

.bss       0    20000000    00000328     UNINITIALIZED
                  20000000    00000200     (.common:randomBits)
                  20000200    00000120     rtsv7M4_T_le_v4SPD16_eabi.lib : trgmsg.obj (.bss:_CIOBUF_)
                  20000320    00000008                                   : trgdrv.obj (.bss:parmbuf$10)

.data      0    20000328    0000001c     UNINITIALIZED
                  20000328    0000000c     rtsv7M4_T_le_v4SPD16_eabi.lib : exit.obj (.data:$O1$$)
                  20000334    00000008                                   : _lock.obj (.data:$O2$$)
                  2000033c    00000004                                   : rand.obj (.data)
                  20000340    00000004                                   : stkdepth_vars.obj (.data)

.stack     0    2000fe00    00000200     UNINITIALIZED
                  2000fe00    00000200     --HOLE--

MODULE SUMMARY

       Module                        code   ro data   rw data
       ------                        ----   -------   -------
    ./
       startup_msp432p401r_ccs.obj   18     320       0      
       main.obj                      120    0         0      
       system_msp432p401r.obj        104    0         0      
    +--+-----------------------------+------+---------+---------+
       Total:                        242    320       0      
                                                             
    /tmp/
       11296Ialnxe                   0      0         1024   
    +--+-----------------------------+------+---------+---------+
       Total:                        0      0         1024   
                                                             
    /home/jnortiz/ti_0/ccsv6/tools/compiler/ti-cgt-arm_15.12.1.LTS/lib/rtsv7M4_T_le_v4SPD16_eabi.lib
       trgmsg.obj                    104    0         576    
       memcpy_t2.obj                 156    0         0      
       memset_t2.obj                 122    0         0      
       autoinit.obj                  112    0         0      
       copy_decompress_rle.obj       112    0         0      
       exit.obj                      84     0         24     
       boot.obj                      84     0         0      
       time.obj                      80     0         0      
       cpy_tbl.obj                   76     0         0      
       rand.obj                      48     0         8      
       args_main.obj                 24     0         0      
       _lock.obj                     2      0         16     
       trgdrv.obj                    0      0         16     
       copy_decompress_none.obj      14     0         0      
       stkdepth_vars.obj             0      0         8      
       pre_init.obj                  4      0         0      
       mpu_init.obj                  2      0         0      
       startup.obj                   2      0         0      
    +--+-----------------------------+------+---------+---------+
       Total:                        1026   0         648    
                                                             
       Stack:                        0      0         1024   
       Linker Generated:             0      60        0      
    +--+-----------------------------+------+---------+---------+
       Grand Total:                  1268   380       2696   


LINKER GENERATED COPY TABLES

__TI_cinit_table @ 0000066c records: 2, size/record: 8, table size: 16
	.data: load addr=00000638, load size=00000019 bytes, run addr=20000328, run size=0000001c bytes, compression=rle
	.bss: load addr=00000658, load size=0000000b bytes, run addr=20000000, run size=00000328 bytes, compression=rle


LINKER GENERATED HANDLER TABLE

__TI_handler_table @ 00000664 records: 2, size/record: 4, table size: 8
	index: 0, handler: __TI_decompress_rle24
	index: 1, handler: __TI_decompress_none


GLOBAL SYMBOLS: SORTED ALPHABETICALLY BY Name 

address   name                           
-------   ----                           
000004d1  C$$EXIT                        
000003db  C$$IO$$                        
UNDEFED   SHT$$INIT_ARRAY$$Base          
UNDEFED   SHT$$INIT_ARRAY$$Limit         
00000415  SystemInit                     
4000480c  WDTCTL_SYM                     
20000200  __CIOBUF_                      
20010000  __STACK_END                    
00000200  __STACK_SIZE                   
0000066c  __TI_CINIT_Base                
0000067c  __TI_CINIT_Limit               
00000664  __TI_Handler_Table_Base        
0000066c  __TI_Handler_Table_Limit       
000002d1  __TI_auto_init                 
20000328  __TI_cleanup_ptr               
0000061b  __TI_decompress_none           
00000629  __TI_decompress_rle24          
2000032c  __TI_dtors_ptr                 
20000330  __TI_enable_exit_profile_output
ffffffff  __TI_pprof_out_hndl            
ffffffff  __TI_prof_data_size            
ffffffff  __TI_prof_data_start           
000003df  __TI_readmsg                   
00000000  __TI_static_base__             
000003ad  __TI_writemsg                  
000001dd  __aeabi_memclr                 
000001dd  __aeabi_memclr4                
000001dd  __aeabi_memclr8                
00000141  __aeabi_memcpy                 
00000141  __aeabi_memcpy4                
00000141  __aeabi_memcpy8                
000001df  __aeabi_memset                 
000001df  __aeabi_memset4                
000001df  __aeabi_memset8                
ffffffff  __binit__                      
ffffffff  __c_args__                     
000003ab  __mpu_init                     
2000fe00  __stack                        
00000525  __time32                       
000005f1  _args_main                     
0000047d  _c_int00                       
20000334  _lock                          
00000257  _nop                           
00000633  _system_post_cinit             
0000062f  _system_pre_init               
20000338  _unlock                        
000004d5  abort                          
ffffffff  binit                          
00000575  copy_in                        
000004dd  exit                           
00000000  interruptVectors               
00000259  main                           
20000340  main_func_sp                   
00000141  memcpy                         
000001e5  memset                         
000005c1  rand                           
20000000  randomBits                     
00000525  time                           


GLOBAL SYMBOLS: SORTED BY Symbol Address 

address   name                           
-------   ----                           
00000000  __TI_static_base__             
00000000  interruptVectors               
00000141  __aeabi_memcpy                 
00000141  __aeabi_memcpy4                
00000141  __aeabi_memcpy8                
00000141  memcpy                         
000001dd  __aeabi_memclr                 
000001dd  __aeabi_memclr4                
000001dd  __aeabi_memclr8                
000001df  __aeabi_memset                 
000001df  __aeabi_memset4                
000001df  __aeabi_memset8                
000001e5  memset                         
00000200  __STACK_SIZE                   
00000257  _nop                           
00000259  main                           
000002d1  __TI_auto_init                 
000003ab  __mpu_init                     
000003ad  __TI_writemsg                  
000003db  C$$IO$$                        
000003df  __TI_readmsg                   
00000415  SystemInit                     
0000047d  _c_int00                       
000004d1  C$$EXIT                        
000004d5  abort                          
000004dd  exit                           
00000525  __time32                       
00000525  time                           
00000575  copy_in                        
000005c1  rand                           
000005f1  _args_main                     
0000061b  __TI_decompress_none           
00000629  __TI_decompress_rle24          
0000062f  _system_pre_init               
00000633  _system_post_cinit             
00000664  __TI_Handler_Table_Base        
0000066c  __TI_CINIT_Base                
0000066c  __TI_Handler_Table_Limit       
0000067c  __TI_CINIT_Limit               
20000000  randomBits                     
20000200  __CIOBUF_                      
20000328  __TI_cleanup_ptr               
2000032c  __TI_dtors_ptr                 
20000330  __TI_enable_exit_profile_output
20000334  _lock                          
20000338  _unlock                        
20000340  main_func_sp                   
2000fe00  __stack                        
20010000  __STACK_END                    
4000480c  WDTCTL_SYM                     
ffffffff  __TI_pprof_out_hndl            
ffffffff  __TI_prof_data_size            
ffffffff  __TI_prof_data_start           
ffffffff  __binit__                      
ffffffff  __c_args__                     
ffffffff  binit                          
UNDEFED   SHT$$INIT_ARRAY$$Base          
UNDEFED   SHT$$INIT_ARRAY$$Limit         

[58 symbols]
