******************************************************************************
                  TI ARM Linker Unix v15.12.1                  
******************************************************************************
>> Linked Wed Jun 15 17:11:38 2016

OUTPUT FILE NAME:   <RLWE.out>
ENTRY POINT SYMBOL: "_c_int00"  address: 00002281


MEMORY CONFIGURATION

         name            origin    length      used     unused   attr    fill
----------------------  --------  ---------  --------  --------  ----  --------
  MAIN                  00000000   00040000  000024d2  0003db2e  R  X
  INFO                  00200000   00004000  00000000  00004000  R  X
  SRAM_CODE             01000000   00010000  00000548  0000fab8  RW X
  SRAM_DATA             20000000   00010000  00000548  0000fab8  RW  


SEGMENT ALLOCATION MAP

run origin  load origin   length   init length attrs members
----------  ----------- ---------- ----------- ----- -------
00000000    00000000    000024d4   000024d4    r-x
  00000000    00000000    00000140   00000140    r-- .intvecs
  00000140    00000140    00001300   00001300    r-- .const
  00001440    00001440    0000104e   0000104e    r-x .text
  00002490    00002490    00000044   00000044    r-- .cinit
20000000    20000000    00000348   00000000    rw-
  20000000    20000000    00000328   00000000    rw- .bss
  20000328    20000328    00000020   00000000    rw- .data
2000fe00    2000fe00    00000200   00000000    rw-
  2000fe00    2000fe00    00000200   00000000    rw- .stack


SECTION ALLOCATION MAP

 output                                  attributes/
section   page    origin      length       input sections
--------  ----  ----------  ----------   ----------------
.intvecs   0    00000000    00000140     
                  00000000    00000140     startup_msp432p401r_ccs.obj (.intvecs:retain)

.const     0    00000140    00001300     
                  00000140    00000800     main.obj (.const:psi_inv_rev)
                  00000940    00000800     main.obj (.const:psi_rev)
                  00001140    00000200     main.obj (.const:_p32_t)
                  00001340    00000080     main.obj (.const:.string:_hw)
                  000013c0    00000080     main.obj (.const:.string:_p8_t)

.text      0    00001440    0000104e     
                  00001440    00000598     main.obj (.text)
                  000019d8    00000328     system_msp432p401r.obj (.text)
                  00001d00    00000324     rtsv7M4_T_le_v4SPD16_eabi.lib : trgdrv.obj (.text)
                  00002024    0000009c                                   : memcpy_t2.obj (.text)
                  000020c0    0000007a                                   : memset_t2.obj (.text)
                  0000213a    00000002                                   : i_div0.obj (.text)
                  0000213c    00000070                                   : autoinit.obj (.text)
                  000021ac    0000006a                                   : copy_decompress_rle.obj (.text)
                  00002216    00000002                                   : mpu_init.obj (.text)
                  00002218    00000068                                   : trgmsg.obj (.text)
                  00002280    00000054                                   : boot.obj (.text)
                  000022d4    00000054                                   : exit.obj (.text)
                  00002328    0000004c                                   : cpy_tbl.obj (.text)
                  00002374    0000004c                                   : rand.obj (.text)
                  000023c0    00000040                                   : u_divt2.obj (.text)
                  00002400    00000018                                   : args_main.obj (.text)
                  00002418    00000014                                   : _lock.obj (.text)
                  0000242c    00000014                                   : strcpy.obj (.text)
                  00002440    00000014                                   : strlen.obj (.text)
                  00002454    00000012     startup_msp432p401r_ccs.obj (.text)
                  00002466    0000000e     rtsv7M4_T_le_v4SPD16_eabi.lib : copy_decompress_none.obj (.text:decompress:none)
                  00002474    0000000e                                   : time.obj (.text)
                  00002482    00000006                                   : copy_decompress_rle.obj (.text:decompress:rle24)
                  00002488    00000004                                   : pre_init.obj (.text)
                  0000248c    00000002                                   : startup.obj (.text)

.cinit     0    00002490    00000044     
                  00002490    0000001d     (.cinit..data.load) [load image, compression = rle]
                  000024ad    00000003     --HOLE-- [fill = 0]
                  000024b0    0000000b     (.cinit..bss.load) [load image, compression = rle]
                  000024bb    00000001     --HOLE-- [fill = 0]
                  000024bc    00000008     (__TI_handler_table)
                  000024c4    00000010     (__TI_cinit_table)

.init_array 
*          0    00000000    00000000     UNINITIALIZED

.binit     0    00000000    00000000     

.bss       0    20000000    00000328     UNINITIALIZED
                  20000000    00000200     (.common:randomBits)
                  20000200    00000120     rtsv7M4_T_le_v4SPD16_eabi.lib : trgmsg.obj (.bss:_CIOBUF_)
                  20000320    00000008                                   : trgdrv.obj (.bss:parmbuf)

.data      0    20000328    00000020     UNINITIALIZED
                  20000328    0000000c     rtsv7M4_T_le_v4SPD16_eabi.lib : exit.obj (.data:$O1$$)
                  20000334    00000008                                   : _lock.obj (.data:$O1$$)
                  2000033c    00000004                                   : rand.obj (.data)
                  20000340    00000004                                   : stkdepth_vars.obj (.data)
                  20000344    00000004     system_msp432p401r.obj (.data)

.stack     0    2000fe00    00000200     UNINITIALIZED
                  2000fe00    00000200     --HOLE--

MODULE SUMMARY

       Module                        code   ro data   rw data
       ------                        ----   -------   -------
    ./
       main.obj                      1432   4864      1024   
       system_msp432p401r.obj        808    0         8      
       startup_msp432p401r_ccs.obj   18     320       0      
    +--+-----------------------------+------+---------+---------+
       Total:                        2258   5184      1032   
                                                             
    /home/jnortiz/ti_0/ccsv6/tools/compiler/ti-cgt-arm_15.12.1.LTS/lib/rtsv7M4_T_le_v4SPD16_eabi.lib
       trgdrv.obj                    804    0         16     
       trgmsg.obj                    104    0         576    
       memcpy_t2.obj                 156    0         0      
       memset_t2.obj                 122    0         0      
       autoinit.obj                  112    0         0      
       copy_decompress_rle.obj       112    0         0      
       exit.obj                      84     0         24     
       boot.obj                      84     0         0      
       rand.obj                      76     0         8      
       cpy_tbl.obj                   76     0         0      
       u_divt2.obj                   64     0         0      
       _lock.obj                     20     0         16     
       args_main.obj                 24     0         0      
       strcpy.obj                    20     0         0      
       strlen.obj                    20     0         0      
       copy_decompress_none.obj      14     0         0      
       time.obj                      14     0         0      
       stkdepth_vars.obj             0      0         8      
       pre_init.obj                  4      0         0      
       i_div0.obj                    2      0         0      
       mpu_init.obj                  2      0         0      
       startup.obj                   2      0         0      
    +--+-----------------------------+------+---------+---------+
       Total:                        1916   0         648    
                                                             
       Stack:                        0      0         1024   
       Linker Generated:             0      64        0      
    +--+-----------------------------+------+---------+---------+
       Grand Total:                  4174   5248      2704   


LINKER GENERATED COPY TABLES

__TI_cinit_table @ 000024c4 records: 2, size/record: 8, table size: 16
	.data: load addr=00002490, load size=0000001d bytes, run addr=20000328, run size=00000020 bytes, compression=rle
	.bss: load addr=000024b0, load size=0000000b bytes, run addr=20000000, run size=00000328 bytes, compression=rle


LINKER GENERATED HANDLER TABLE

__TI_handler_table @ 000024bc records: 2, size/record: 4, table size: 8
	index: 0, handler: __TI_decompress_rle24
	index: 1, handler: __TI_decompress_none


GLOBAL SYMBOLS: SORTED ALPHABETICALLY BY Name 

address   name                           
-------   ----                           
000022d5  C$$EXIT                        
00002247  C$$IO$$                        
00001fd7  HOSTclock                      
00001f9f  HOSTclose                      
00001f61  HOSTgetenv                     
00001f05  HOSTlseek                      
00001eb3  HOSTopen                       
00001e67  HOSTread                       
00001e09  HOSTrename                     
00001dcf  HOSTtime                       
00001d85  HOSTtime64                     
00001d4d  HOSTunlink                     
00001d01  HOSTwrite                      
00001825  INTT                           
00001937  Mult                           
00001749  NTT                            
UNDEFED   SHT$$INIT_ARRAY$$Base          
UNDEFED   SHT$$INIT_ARRAY$$Limit         
20000344  SystemCoreClock                
000019d9  SystemCoreClockUpdate          
00001c4d  SystemInit                     
4000480c  WDTCTL_SYM                     
20000200  __CIOBUF_                      
20010000  __STACK_END                    
00000200  __STACK_SIZE                   
000024c4  __TI_CINIT_Base                
000024d4  __TI_CINIT_Limit               
000024bc  __TI_Handler_Table_Base        
000024c4  __TI_Handler_Table_Limit       
0000213d  __TI_auto_init                 
20000328  __TI_cleanup_ptr               
00002467  __TI_decompress_none           
00002483  __TI_decompress_rle24          
2000032c  __TI_dtors_ptr                 
20000330  __TI_enable_exit_profile_output
ffffffff  __TI_pprof_out_hndl            
ffffffff  __TI_prof_data_size            
ffffffff  __TI_prof_data_start           
0000224b  __TI_readmsg                   
00000000  __TI_static_base__             
00002219  __TI_writemsg                  
0000213b  __aeabi_idiv0                  
000020c1  __aeabi_memclr                 
000020c1  __aeabi_memclr4                
000020c1  __aeabi_memclr8                
00002025  __aeabi_memcpy                 
00002025  __aeabi_memcpy4                
00002025  __aeabi_memcpy8                
000020c3  __aeabi_memset                 
000020c3  __aeabi_memset4                
000020c3  __aeabi_memset8                
000023c1  __aeabi_uidiv                  
000023c1  __aeabi_uidivmod               
ffffffff  __binit__                      
ffffffff  __c_args__                     
00002217  __mpu_init                     
2000fe00  __stack                        
00002475  __time32                       
00002401  _args_main                     
00002281  _c_int00                       
00001340  _hw                            
20000334  _lock                          
00002427  _nop                           
00001140  _p32_t                         
000013c0  _p8_t                          
0000241f  _register_lock                 
00002419  _register_unlock               
0000248d  _system_post_cinit             
00002489  _system_pre_init               
20000338  _unlock                        
000022d9  abort                          
ffffffff  binit                          
00002329  copy_in                        
000022e1  exit                           
00000000  interruptVectors               
00001483  knuth_yao_ct_fast_32           
0000197f  main                           
20000340  main_func_sp                   
00002025  memcpy                         
000020c9  memset                         
00001707  mod                            
00000140  psi_inv_rev                    
00000940  psi_rev                        
0000238b  rand                           
20000000  randomBits                     
00001461  select                         
00002375  srand                          
0000242d  strcpy                         
00002441  strlen                         
00002475  time                           


GLOBAL SYMBOLS: SORTED BY Symbol Address 

address   name                           
-------   ----                           
00000000  __TI_static_base__             
00000000  interruptVectors               
00000140  psi_inv_rev                    
00000200  __STACK_SIZE                   
00000940  psi_rev                        
00001140  _p32_t                         
00001340  _hw                            
000013c0  _p8_t                          
00001461  select                         
00001483  knuth_yao_ct_fast_32           
00001707  mod                            
00001749  NTT                            
00001825  INTT                           
00001937  Mult                           
0000197f  main                           
000019d9  SystemCoreClockUpdate          
00001c4d  SystemInit                     
00001d01  HOSTwrite                      
00001d4d  HOSTunlink                     
00001d85  HOSTtime64                     
00001dcf  HOSTtime                       
00001e09  HOSTrename                     
00001e67  HOSTread                       
00001eb3  HOSTopen                       
00001f05  HOSTlseek                      
00001f61  HOSTgetenv                     
00001f9f  HOSTclose                      
00001fd7  HOSTclock                      
00002025  __aeabi_memcpy                 
00002025  __aeabi_memcpy4                
00002025  __aeabi_memcpy8                
00002025  memcpy                         
000020c1  __aeabi_memclr                 
000020c1  __aeabi_memclr4                
000020c1  __aeabi_memclr8                
000020c3  __aeabi_memset                 
000020c3  __aeabi_memset4                
000020c3  __aeabi_memset8                
000020c9  memset                         
0000213b  __aeabi_idiv0                  
0000213d  __TI_auto_init                 
00002217  __mpu_init                     
00002219  __TI_writemsg                  
00002247  C$$IO$$                        
0000224b  __TI_readmsg                   
00002281  _c_int00                       
000022d5  C$$EXIT                        
000022d9  abort                          
000022e1  exit                           
00002329  copy_in                        
00002375  srand                          
0000238b  rand                           
000023c1  __aeabi_uidiv                  
000023c1  __aeabi_uidivmod               
00002401  _args_main                     
00002419  _register_unlock               
0000241f  _register_lock                 
00002427  _nop                           
0000242d  strcpy                         
00002441  strlen                         
00002467  __TI_decompress_none           
00002475  __time32                       
00002475  time                           
00002483  __TI_decompress_rle24          
00002489  _system_pre_init               
0000248d  _system_post_cinit             
000024bc  __TI_Handler_Table_Base        
000024c4  __TI_CINIT_Base                
000024c4  __TI_Handler_Table_Limit       
000024d4  __TI_CINIT_Limit               
20000000  randomBits                     
20000200  __CIOBUF_                      
20000328  __TI_cleanup_ptr               
2000032c  __TI_dtors_ptr                 
20000330  __TI_enable_exit_profile_output
20000334  _lock                          
20000338  _unlock                        
20000340  main_func_sp                   
20000344  SystemCoreClock                
2000fe00  __stack                        
20010000  __STACK_END                    
4000480c  WDTCTL_SYM                     
ffffffff  __TI_pprof_out_hndl            
ffffffff  __TI_prof_data_size            
ffffffff  __TI_prof_data_start           
ffffffff  __binit__                      
ffffffff  __c_args__                     
ffffffff  binit                          
UNDEFED   SHT$$INIT_ARRAY$$Base          
UNDEFED   SHT$$INIT_ARRAY$$Limit         

[90 symbols]
