******************************************************************************
                  TI ARM Linker Unix v15.12.1                  
******************************************************************************
>> Linked Mon Jun 20 10:07:26 2016

OUTPUT FILE NAME:   <RLWE.out>
ENTRY POINT SYMBOL: "_c_int00"  address: 0000128d


MEMORY CONFIGURATION

         name            origin    length      used     unused   attr    fill
----------------------  --------  ---------  --------  --------  ----  --------
  MAIN                  00000000   00040000  000028e6  0003d71a  R  X
  INFO                  00200000   00004000  00000000  00004000  R  X
  SRAM_CODE             01000000   00010000  00000bb4  0000f44c  RW X
  SRAM_DATA             20000000   00010000  00000bb4  0000f44c  RW  


SEGMENT ALLOCATION MAP

run origin  load origin   length   init length attrs members
----------  ----------- ---------- ----------- ----- -------
00000000    00000000    000028ec   000028ec    r-x
  00000000    00000000    00000140   00000140    r-- .intvecs
  00000140    00000140    00001412   00001412    r-x .text
  00001554    00001554    00001300   00001300    r-- .const
  00002858    00002858    00000094   00000094    r-- .cinit
20000000    20000000    000009b4   00000000    rw-
  20000000    20000000    00000400   00000000    rw- .sysmem
  20000400    20000400    00000328   00000000    rw- .bss
  20000728    20000728    0000028c   00000000    rw- .data
2000fe00    2000fe00    00000200   00000000    rw-
  2000fe00    2000fe00    00000200   00000000    rw- .stack


SECTION ALLOCATION MAP

 output                                  attributes/
section   page    origin      length       input sections
--------  ----  ----------  ----------   ----------------
.intvecs   0    00000000    00000140     
                  00000000    00000140     startup_msp432p401r_ccs.obj (.intvecs:retain)

.text      0    00000140    00001412     
                  00000140    000005d0     main.obj (.text)
                  00000710    00000258     rtsv7M4_T_le_v4SPD16_eabi.lib : trgdrv.obj (.text)
                  00000968    000001d0                                   : memory.obj (.text)
                  00000b38    00000130                                   : lowlev.obj (.text)
                  00000c68    00000124                                   : fputs.obj (.text)
                  00000d8c    000000d0                                   : setvbuf.obj (.text)
                  00000e5c    000000a0                                   : fflush.obj (.text)
                  00000efc    0000009c                                   : memcpy_t2.obj (.text)
                  00000f98    0000007a                                   : memset_t2.obj (.text)
                  00001012    00000002                                   : _lock.obj (.text)
                  00001014    00000070                                   : autoinit.obj (.text)
                  00001084    0000006c                                   : fclose.obj (.text)
                  000010f0    0000006a                                   : copy_decompress_rle.obj (.text)
                  0000115a    00000002                                   : mpu_init.obj (.text)
                  0000115c    00000068                                   : trgmsg.obj (.text)
                  000011c4    00000064     system_msp432p401r.obj (.text)
                  00001228    00000062     rtsv7M4_T_le_v4SPD16_eabi.lib : _io_perm.obj (.text)
                  0000128a    00000002                                   : startup.obj (.text)
                  0000128c    00000054                                   : boot.obj (.text)
                  000012e0    00000054                                   : exit.obj (.text)
                  00001334    0000004c                                   : cpy_tbl.obj (.text)
                  00001380    0000004c                                   : fseek.obj (.text)
                  000013cc    00000044                                   : rand.obj (.text)
                  00001410    00000034                                   : fopen.obj (.text)
                  00001444    0000002e                                   : strncpy.obj (.text)
                  00001472    00000020                                   : memchr.obj (.text)
                  00001492    00000002     --HOLE-- [fill = 0]
                  00001494    0000001c                                   : assert.obj (.text)
                  000014b0    00000018                                   : args_main.obj (.text)
                  000014c8    00000018                                   : strcmp.obj (.text)
                  000014e0    00000016                                   : strchr.obj (.text)
                  000014f6    00000014                                   : strlen.obj (.text)
                  0000150a    00000012     startup_msp432p401r_ccs.obj (.text)
                  0000151c    00000010     rtsv7M4_T_le_v4SPD16_eabi.lib : strcpy.obj (.text)
                  0000152c    0000000e                                   : copy_decompress_none.obj (.text:decompress:none)
                  0000153a    0000000e                                   : time.obj (.text)
                  00001548    00000006                                   : copy_decompress_rle.obj (.text:decompress:rle24)
                  0000154e    00000004                                   : pre_init.obj (.text)

.const     0    00001554    00001300     
                  00001554    00001300     main.obj (.const:$O1$$)

.cinit     0    00002858    00000094     
                  00002858    0000006d     (.cinit..data.load) [load image, compression = rle]
                  000028c5    00000003     --HOLE-- [fill = 0]
                  000028c8    0000000b     (.cinit..bss.load) [load image, compression = rle]
                  000028d3    00000001     --HOLE-- [fill = 0]
                  000028d4    00000008     (__TI_handler_table)
                  000028dc    00000010     (__TI_cinit_table)

.init_array 
*          0    00000000    00000000     UNINITIALIZED

.binit     0    00000000    00000000     

.sysmem    0    20000000    00000400     UNINITIALIZED
                  20000000    00000008     rtsv7M4_T_le_v4SPD16_eabi.lib : memory.obj (.sysmem)
                  20000008    000003f8     --HOLE--

.bss       0    20000400    00000328     UNINITIALIZED
                  20000400    00000200     (.common:randomBits)
                  20000600    00000120     rtsv7M4_T_le_v4SPD16_eabi.lib : trgmsg.obj (.bss:_CIOBUF_)
                  20000720    00000008                                   : trgdrv.obj (.bss:parmbuf$21)

.data      0    20000728    0000028c     UNINITIALIZED
                  20000728    00000194     rtsv7M4_T_le_v4SPD16_eabi.lib : defs.obj (.data:$O2$$)
                  200008bc    000000d0                                   : lowlev.obj (.data:$O3$$)
                  2000098c    0000000c                                   : exit.obj (.data:$O1$$)
                  20000998    0000000c                                   : memory.obj (.data:$O5$$)
                  200009a4    00000008                                   : _lock.obj (.data:$O4$$)
                  200009ac    00000004                                   : rand.obj (.data)
                  200009b0    00000004                                   : stkdepth_vars.obj (.data)

.stack     0    2000fe00    00000200     UNINITIALIZED
                  2000fe00    00000200     --HOLE--

MODULE SUMMARY

       Module                        code   ro data   rw data
       ------                        ----   -------   -------
    ./
       main.obj                      1488   4864      0      
       startup_msp432p401r_ccs.obj   18     320       0      
       system_msp432p401r.obj        100    0         0      
    +--+-----------------------------+------+---------+---------+
       Total:                        1606   5184      0      
                                                             
    /tmp/
       071884pBBNq                   0      0         1024   
    +--+-----------------------------+------+---------+---------+
       Total:                        0      0         1024   
                                                             
    /home/jnortiz/ti_0/ccsv6/tools/compiler/ti-cgt-arm_15.12.1.LTS/lib/rtsv7M4_T_le_v4SPD16_eabi.lib
       defs.obj                      0      0         808    
       lowlev.obj                    304    0         416    
       trgmsg.obj                    104    0         576    
       trgdrv.obj                    600    0         16     
       memory.obj                    464    0         24     
       fputs.obj                     292    0         0      
       setvbuf.obj                   208    0         0      
       fflush.obj                    160    0         0      
       memcpy_t2.obj                 156    0         0      
       memset_t2.obj                 122    0         0      
       autoinit.obj                  112    0         0      
       copy_decompress_rle.obj       112    0         0      
       exit.obj                      84     0         24     
       fclose.obj                    108    0         0      
       _io_perm.obj                  98     0         0      
       boot.obj                      84     0         0      
       cpy_tbl.obj                   76     0         0      
       fseek.obj                     76     0         0      
       rand.obj                      68     0         8      
       fopen.obj                     52     0         0      
       strncpy.obj                   46     0         0      
       memchr.obj                    32     0         0      
       assert.obj                    28     0         0      
       args_main.obj                 24     0         0      
       strcmp.obj                    24     0         0      
       strchr.obj                    22     0         0      
       strlen.obj                    20     0         0      
       _lock.obj                     2      0         16     
       strcpy.obj                    16     0         0      
       copy_decompress_none.obj      14     0         0      
       time.obj                      14     0         0      
       stkdepth_vars.obj             0      0         8      
       pre_init.obj                  4      0         0      
       mpu_init.obj                  2      0         0      
       startup.obj                   2      0         0      
    +--+-----------------------------+------+---------+---------+
       Total:                        3530   0         1896   
                                                             
       Heap:                         0      0         2048   
       Stack:                        0      0         1024   
       Linker Generated:             0      144       0      
    +--+-----------------------------+------+---------+---------+
       Grand Total:                  5136   5328      5992   


LINKER GENERATED COPY TABLES

__TI_cinit_table @ 000028dc records: 2, size/record: 8, table size: 16
	.data: load addr=00002858, load size=0000006d bytes, run addr=20000728, run size=0000028c bytes, compression=rle
	.bss: load addr=000028c8, load size=0000000b bytes, run addr=20000400, run size=00000328 bytes, compression=rle


LINKER GENERATED HANDLER TABLE

__TI_handler_table @ 000028d4 records: 2, size/record: 4, table size: 8
	index: 0, handler: __TI_decompress_rle24
	index: 1, handler: __TI_decompress_none


GLOBAL SYMBOLS: SORTED ALPHABETICALLY BY Name 

address   name                           
-------   ----                           
000003f5  Add                            
000012e1  C$$EXIT                        
0000118b  C$$IO$$                        
00000599  Decode                         
0000055f  Decryption                     
000003d7  Encode                         
0000041d  Encryption                     
00000765  HOSTclose                      
00000833  HOSTlseek                      
00000711  HOSTopen                       
0000079b  HOSTread                       
000008c7  HOSTrename                     
00000923  HOSTtime                       
00000891  HOSTunlink                     
000007e9  HOSTwrite                      
000004bd  INTT                           
00000385  KeyGeneration                  
0000017f  NTT                            
0000036f  PolySampling                   
00000141  RandomPoly                     
UNDEFED   SHT$$INIT_ARRAY$$Base          
UNDEFED   SHT$$INIT_ARRAY$$Limit         
00000213  Select                         
000011c5  SystemInit                     
4000480c  WDTCTL_SYM                     
20000600  __CIOBUF_                      
20010000  __STACK_END                    
00000200  __STACK_SIZE                   
00000400  __SYSMEM_SIZE                  
000028dc  __TI_CINIT_Base                
000028ec  __TI_CINIT_Limit               
000028d4  __TI_Handler_Table_Base        
000028dc  __TI_Handler_Table_Limit       
00001015  __TI_auto_init                 
00001411  __TI_cleanup                   
2000098c  __TI_cleanup_ptr               
00001085  __TI_closefile                 
0000152d  __TI_decompress_none           
00001549  __TI_decompress_rle24          
00000e5d  __TI_doflush                   
20000990  __TI_dtors_ptr                 
20000994  __TI_enable_exit_profile_output
20000728  __TI_ft_end                    
ffffffff  __TI_pprof_out_hndl            
ffffffff  __TI_prof_data_size            
ffffffff  __TI_prof_data_start           
0000118f  __TI_readmsg                   
00000000  __TI_static_base__             
2000072c  __TI_tmpnams                   
0000115d  __TI_writemsg                  
00001229  __TI_wrt_ok                    
00000f99  __aeabi_memclr                 
00000f99  __aeabi_memclr4                
00000f99  __aeabi_memclr8                
00000efd  __aeabi_memcpy                 
00000efd  __aeabi_memcpy4                
00000efd  __aeabi_memcpy8                
00000f9b  __aeabi_memset                 
00000f9b  __aeabi_memset4                
00000f9b  __aeabi_memset8                
ffffffff  __binit__                      
ffffffff  __c_args__                     
0000115b  __mpu_init                     
2000fe00  __stack                        
0000153b  __time32                       
00001495  _abort_msg                     
000014b1  _args_main                     
0000128d  _c_int00                       
200007cc  _ftable                        
000015d4  _hw                            
200009a4  _lock                          
00001013  _nop                           
00001654  _p32_t                         
00001554  _p8_t                          
20000000  _sys_memory                    
0000128b  _system_post_cinit             
0000154f  _system_pre_init               
200009a8  _unlock                        
000012e5  abort                          
ffffffff  binit                          
00000b81  close                          
00001335  copy_in                        
000012ed  exit                           
00000ea9  fflush                         
00000c69  fputs                          
000009f5  free                           
00001381  fseek                          
00000000  interruptVectors               
0000021d  knuth_yao_ct_fast_32           
00000b39  lseek                          
000005c9  main                           
200009b0  main_func_sp                   
00000abf  malloc                         
00001473  memchr                         
00000efd  memcpy                         
00000fa1  memset                         
00000969  minit                          
00000167  mod                            
00002054  psi_inv_rev                    
00001854  psi_rev                        
00000d6b  puts                           
000013e1  rand                           
20000400  randomBits                     
00000c39  remove                         
00000d8d  setvbuf                        
000013cd  srand                          
000014e1  strchr                         
000014c9  strcmp                         
0000151d  strcpy                         
000014f7  strlen                         
00001445  strncpy                        
0000153b  time                           
00000c39  unlink                         
00000b5d  write                          


GLOBAL SYMBOLS: SORTED BY Symbol Address 

address   name                           
-------   ----                           
00000000  __TI_static_base__             
00000000  interruptVectors               
00000141  RandomPoly                     
00000167  mod                            
0000017f  NTT                            
00000200  __STACK_SIZE                   
00000213  Select                         
0000021d  knuth_yao_ct_fast_32           
0000036f  PolySampling                   
00000385  KeyGeneration                  
000003d7  Encode                         
000003f5  Add                            
00000400  __SYSMEM_SIZE                  
0000041d  Encryption                     
000004bd  INTT                           
0000055f  Decryption                     
00000599  Decode                         
000005c9  main                           
00000711  HOSTopen                       
00000765  HOSTclose                      
0000079b  HOSTread                       
000007e9  HOSTwrite                      
00000833  HOSTlseek                      
00000891  HOSTunlink                     
000008c7  HOSTrename                     
00000923  HOSTtime                       
00000969  minit                          
000009f5  free                           
00000abf  malloc                         
00000b39  lseek                          
00000b5d  write                          
00000b81  close                          
00000c39  remove                         
00000c39  unlink                         
00000c69  fputs                          
00000d6b  puts                           
00000d8d  setvbuf                        
00000e5d  __TI_doflush                   
00000ea9  fflush                         
00000efd  __aeabi_memcpy                 
00000efd  __aeabi_memcpy4                
00000efd  __aeabi_memcpy8                
00000efd  memcpy                         
00000f99  __aeabi_memclr                 
00000f99  __aeabi_memclr4                
00000f99  __aeabi_memclr8                
00000f9b  __aeabi_memset                 
00000f9b  __aeabi_memset4                
00000f9b  __aeabi_memset8                
00000fa1  memset                         
00001013  _nop                           
00001015  __TI_auto_init                 
00001085  __TI_closefile                 
0000115b  __mpu_init                     
0000115d  __TI_writemsg                  
0000118b  C$$IO$$                        
0000118f  __TI_readmsg                   
000011c5  SystemInit                     
00001229  __TI_wrt_ok                    
0000128b  _system_post_cinit             
0000128d  _c_int00                       
000012e1  C$$EXIT                        
000012e5  abort                          
000012ed  exit                           
00001335  copy_in                        
00001381  fseek                          
000013cd  srand                          
000013e1  rand                           
00001411  __TI_cleanup                   
00001445  strncpy                        
00001473  memchr                         
00001495  _abort_msg                     
000014b1  _args_main                     
000014c9  strcmp                         
000014e1  strchr                         
000014f7  strlen                         
0000151d  strcpy                         
0000152d  __TI_decompress_none           
0000153b  __time32                       
0000153b  time                           
00001549  __TI_decompress_rle24          
0000154f  _system_pre_init               
00001554  _p8_t                          
000015d4  _hw                            
00001654  _p32_t                         
00001854  psi_rev                        
00002054  psi_inv_rev                    
000028d4  __TI_Handler_Table_Base        
000028dc  __TI_CINIT_Base                
000028dc  __TI_Handler_Table_Limit       
000028ec  __TI_CINIT_Limit               
20000000  _sys_memory                    
20000400  randomBits                     
20000600  __CIOBUF_                      
20000728  __TI_ft_end                    
2000072c  __TI_tmpnams                   
200007cc  _ftable                        
2000098c  __TI_cleanup_ptr               
20000990  __TI_dtors_ptr                 
20000994  __TI_enable_exit_profile_output
200009a4  _lock                          
200009a8  _unlock                        
200009b0  main_func_sp                   
2000fe00  __stack                        
20010000  __STACK_END                    
4000480c  WDTCTL_SYM                     
ffffffff  __TI_pprof_out_hndl            
ffffffff  __TI_prof_data_size            
ffffffff  __TI_prof_data_start           
ffffffff  __binit__                      
ffffffff  __c_args__                     
ffffffff  binit                          
UNDEFED   SHT$$INIT_ARRAY$$Base          
UNDEFED   SHT$$INIT_ARRAY$$Limit         

[114 symbols]
