******************************************************************************
                  TI ARM Linker Unix v15.12.1                  
******************************************************************************
>> Linked Mon Jun 20 10:07:34 2016

OUTPUT FILE NAME:   <RLWE.out>
ENTRY POINT SYMBOL: "_c_int00"  address: 00001a61


MEMORY CONFIGURATION

         name            origin    length      used     unused   attr    fill
----------------------  --------  ---------  --------  --------  ----  --------
  MAIN                  00000000   00040000  0000302c  0003cfd4  R  X
  INFO                  00200000   00004000  00000000  00004000  R  X
  SRAM_CODE             01000000   00010000  00000bb4  0000f44c  RW X
  SRAM_DATA             20000000   00010000  00000bb4  0000f44c  RW  


SEGMENT ALLOCATION MAP

run origin  load origin   length   init length attrs members
----------  ----------- ---------- ----------- ----- -------
00000000    00000000    0000302c   0000302c    r-x
  00000000    00000000    00000140   00000140    r-- .intvecs
  00000140    00000140    00001b58   00001b58    r-x .text
  00001c98    00001c98    00001300   00001300    r-- .const
  00002f98    00002f98    00000094   00000094    r-- .cinit
20000000    20000000    000009b4   00000000    rw-
  20000000    20000000    00000400   00000000    rw- .sysmem
  20000400    20000400    00000328   00000000    rw- .bss
  20000728    20000728    0000028c   00000000    rw- .data
2000fe00    2000fe00    00000200   00000000    rw-
  2000fe00    2000fe00    00000200   00000000    rw- .stack


SECTION ALLOCATION MAP

 output                                  attributes/
section   page    origin      length       input sections
--------  ----  ----------  ----------   ----------------
.intvecs   0    00000000    00000140     
                  00000000    00000140     startup_msp432p401r_ccs.obj (.intvecs:retain)

.text      0    00000140    00001b58     
                  00000140    00000aea     main.obj (.text)
                  00000c2a    00000002     rtsv7M4_T_le_v4SPD16_eabi.lib : _lock.obj (.text)
                  00000c2c    00000388                                   : memory.obj (.text)
                  00000fb4    00000254                                   : trgdrv.obj (.text)
                  00001208    000001ec                                   : lowlev.obj (.text)
                  000013f4    00000124                                   : fputs.obj (.text)
                  00001518    000000d0                                   : setvbuf.obj (.text)
                  000015e8    000000a4                                   : _io_perm.obj (.text)
                  0000168c    0000009c                                   : memcpy_t2.obj (.text)
                  00001728    00000098                                   : fopen.obj (.text)
                  000017c0    0000007a                                   : memset_t2.obj (.text)
                  0000183a    00000002                                   : mpu_init.obj (.text)
                  0000183c    00000070                                   : autoinit.obj (.text)
                  000018ac    00000004                                   : pre_init.obj (.text)
                  000018b0    00000070     system_msp432p401r.obj (.text)
                  00001920    0000006c     rtsv7M4_T_le_v4SPD16_eabi.lib : fclose.obj (.text)
                  0000198c    0000006a                                   : copy_decompress_rle.obj (.text)
                  000019f6    00000002                                   : startup.obj (.text)
                  000019f8    00000068                                   : trgmsg.obj (.text)
                  00001a60    00000054                                   : boot.obj (.text)
                  00001ab4    00000054                                   : exit.obj (.text)
                  00001b08    00000050                                   : time.obj (.text)
                  00001b58    0000004c                                   : cpy_tbl.obj (.text)
                  00001ba4    0000004c                                   : fflush.obj (.text)
                  00001bf0    00000030                                   : rand.obj (.text)
                  00001c20    00000028                                   : assert.obj (.text)
                  00001c48    00000022     startup_msp432p401r_ccs.obj (.text)
                  00001c6a    00000002     --HOLE-- [fill = 0]
                  00001c6c    00000018     rtsv7M4_T_le_v4SPD16_eabi.lib : args_main.obj (.text)
                  00001c84    0000000e                                   : copy_decompress_none.obj (.text:decompress:none)
                  00001c92    00000006                                   : copy_decompress_rle.obj (.text:decompress:rle24)

.const     0    00001c98    00001300     
                  00001c98    00001300     main.obj (.const:$O1$$)

.cinit     0    00002f98    00000094     
                  00002f98    0000006d     (.cinit..data.load) [load image, compression = rle]
                  00003005    00000003     --HOLE-- [fill = 0]
                  00003008    0000000b     (.cinit..bss.load) [load image, compression = rle]
                  00003013    00000001     --HOLE-- [fill = 0]
                  00003014    00000008     (__TI_handler_table)
                  0000301c    00000010     (__TI_cinit_table)

.init_array 
*          0    00000000    00000000     UNINITIALIZED

.binit     0    00000000    00000000     

.sysmem    0    20000000    00000400     UNINITIALIZED
                  20000000    00000008     rtsv7M4_T_le_v4SPD16_eabi.lib : memory.obj (.sysmem)
                  20000008    000003f8     --HOLE--

.bss       0    20000400    00000328     UNINITIALIZED
                  20000400    00000200     (.common:randomBits)
                  20000600    00000120     rtsv7M4_T_le_v4SPD16_eabi.lib : trgmsg.obj (.bss:_CIOBUF_)
                  20000720    00000008                                   : trgdrv.obj (.bss:parmbuf$21)

.data      0    20000728    0000028c     UNINITIALIZED
                  20000728    00000194     rtsv7M4_T_le_v4SPD16_eabi.lib : defs.obj (.data:$O2$$)
                  200008bc    000000d0                                   : lowlev.obj (.data:$O3$$)
                  2000098c    0000000c                                   : exit.obj (.data:$O1$$)
                  20000998    0000000c                                   : memory.obj (.data:$O5$$)
                  200009a4    00000008                                   : _lock.obj (.data:$O4$$)
                  200009ac    00000004                                   : rand.obj (.data)
                  200009b0    00000004                                   : stkdepth_vars.obj (.data)

.stack     0    2000fe00    00000200     UNINITIALIZED
                  2000fe00    00000200     --HOLE--

MODULE SUMMARY

       Module                        code   ro data   rw data
       ------                        ----   -------   -------
    ./
       main.obj                      2794   4864      0      
       startup_msp432p401r_ccs.obj   34     320       0      
       system_msp432p401r.obj        112    0         0      
    +--+-----------------------------+------+---------+---------+
       Total:                        2940   5184      0      
                                                             
    /tmp/
       07355Keqyj7                   0      0         1024   
    +--+-----------------------------+------+---------+---------+
       Total:                        0      0         1024   
                                                             
    /home/jnortiz/ti_0/ccsv6/tools/compiler/ti-cgt-arm_15.12.1.LTS/lib/rtsv7M4_T_le_v4SPD16_eabi.lib
       memory.obj                    904    0         24     
       lowlev.obj                    492    0         416    
       defs.obj                      0      0         808    
       trgmsg.obj                    104    0         576    
       trgdrv.obj                    596    0         16     
       fputs.obj                     292    0         0      
       setvbuf.obj                   208    0         0      
       _io_perm.obj                  164    0         0      
       memcpy_t2.obj                 156    0         0      
       fopen.obj                     152    0         0      
       memset_t2.obj                 122    0         0      
       autoinit.obj                  112    0         0      
       copy_decompress_rle.obj       112    0         0      
       exit.obj                      84     0         24     
       fclose.obj                    108    0         0      
       boot.obj                      84     0         0      
       time.obj                      80     0         0      
       cpy_tbl.obj                   76     0         0      
       fflush.obj                    76     0         0      
       rand.obj                      48     0         8      
       assert.obj                    40     0         0      
       args_main.obj                 24     0         0      
       _lock.obj                     2      0         16     
       copy_decompress_none.obj      14     0         0      
       stkdepth_vars.obj             0      0         8      
       pre_init.obj                  4      0         0      
       mpu_init.obj                  2      0         0      
       startup.obj                   2      0         0      
    +--+-----------------------------+------+---------+---------+
       Total:                        4058   0         1896   
                                                             
       Heap:                         0      0         2048   
       Stack:                        0      0         1024   
       Linker Generated:             0      144       0      
    +--+-----------------------------+------+---------+---------+
       Grand Total:                  6998   5328      5992   


LINKER GENERATED COPY TABLES

__TI_cinit_table @ 0000301c records: 2, size/record: 8, table size: 16
	.data: load addr=00002f98, load size=0000006d bytes, run addr=20000728, run size=0000028c bytes, compression=rle
	.bss: load addr=00003008, load size=0000000b bytes, run addr=20000400, run size=00000328 bytes, compression=rle


LINKER GENERATED HANDLER TABLE

__TI_handler_table @ 00003014 records: 2, size/record: 4, table size: 8
	index: 0, handler: __TI_decompress_rle24
	index: 1, handler: __TI_decompress_none


GLOBAL SYMBOLS: SORTED ALPHABETICALLY BY Name 

address   name                           
-------   ----                           
00001ab5  C$$EXIT                        
00001a27  C$$IO$$                        
000007c1  Encryption                     
00001013  HOSTclose                      
000010e1  HOSTlseek                      
00000fb5  HOSTopen                       
00001049  HOSTread                       
0000117f  HOSTrename                     
0000113f  HOSTunlink                     
00001097  HOSTwrite                      
00000739  KeyGeneration                  
00000169  NTT                            
UNDEFED   SHT$$INIT_ARRAY$$Base          
UNDEFED   SHT$$INIT_ARRAY$$Limit         
000018b1  SystemInit                     
4000480c  WDTCTL_SYM                     
20000600  __CIOBUF_                      
20010000  __STACK_END                    
00000200  __STACK_SIZE                   
00000400  __SYSMEM_SIZE                  
0000301c  __TI_CINIT_Base                
0000302c  __TI_CINIT_Limit               
00003014  __TI_Handler_Table_Base        
0000301c  __TI_Handler_Table_Limit       
0000183d  __TI_auto_init                 
00001729  __TI_cleanup                   
2000098c  __TI_cleanup_ptr               
00001921  __TI_closefile                 
00001c85  __TI_decompress_none           
00001c93  __TI_decompress_rle24          
00001ba5  __TI_doflush                   
20000990  __TI_dtors_ptr                 
20000994  __TI_enable_exit_profile_output
20000728  __TI_ft_end                    
ffffffff  __TI_pprof_out_hndl            
ffffffff  __TI_prof_data_size            
ffffffff  __TI_prof_data_start           
00001a2b  __TI_readmsg                   
00000000  __TI_static_base__             
2000072c  __TI_tmpnams                   
000019f9  __TI_writemsg                  
000015e9  __TI_wrt_ok                    
000017c1  __aeabi_memclr                 
000017c1  __aeabi_memclr4                
000017c1  __aeabi_memclr8                
0000168d  __aeabi_memcpy                 
0000168d  __aeabi_memcpy4                
0000168d  __aeabi_memcpy8                
000017c3  __aeabi_memset                 
000017c3  __aeabi_memset4                
000017c3  __aeabi_memset8                
ffffffff  __binit__                      
ffffffff  __c_args__                     
0000183b  __mpu_init                     
2000fe00  __stack                        
00001b09  __time32                       
00001c21  _abort_msg                     
00001c6d  _args_main                     
00001a61  _c_int00                       
200007cc  _ftable                        
00001d18  _hw                            
200009a4  _lock                          
00000c2b  _nop                           
00001d98  _p32_t                         
00001c98  _p8_t                          
20000000  _sys_memory                    
000019f7  _system_post_cinit             
000018ad  _system_pre_init               
200009a8  _unlock                        
00001ab9  abort                          
ffffffff  binit                          
0000122d  close                          
00001b59  copy_in                        
00001ac1  exit                           
000013f5  fputs                          
00000cb9  free                           
00000000  interruptVectors               
00000209  knuth_yao_ct_fast_32           
000008b1  main                           
200009b0  main_func_sp                   
00000ebd  malloc                         
0000168d  memcpy                         
000017c9  memset                         
00000c2d  minit                          
00000141  mod                            
00002798  psi_inv_rev                    
00001f98  psi_rev                        
00001bf1  rand                           
20000400  randomBits                     
00001519  setvbuf                        
00001b09  time                           
00001341  unlink                         
00001209  write                          


GLOBAL SYMBOLS: SORTED BY Symbol Address 

address   name                           
-------   ----                           
00000000  __TI_static_base__             
00000000  interruptVectors               
00000141  mod                            
00000169  NTT                            
00000200  __STACK_SIZE                   
00000209  knuth_yao_ct_fast_32           
00000400  __SYSMEM_SIZE                  
00000739  KeyGeneration                  
000007c1  Encryption                     
000008b1  main                           
00000c2b  _nop                           
00000c2d  minit                          
00000cb9  free                           
00000ebd  malloc                         
00000fb5  HOSTopen                       
00001013  HOSTclose                      
00001049  HOSTread                       
00001097  HOSTwrite                      
000010e1  HOSTlseek                      
0000113f  HOSTunlink                     
0000117f  HOSTrename                     
00001209  write                          
0000122d  close                          
00001341  unlink                         
000013f5  fputs                          
00001519  setvbuf                        
000015e9  __TI_wrt_ok                    
0000168d  __aeabi_memcpy                 
0000168d  __aeabi_memcpy4                
0000168d  __aeabi_memcpy8                
0000168d  memcpy                         
00001729  __TI_cleanup                   
000017c1  __aeabi_memclr                 
000017c1  __aeabi_memclr4                
000017c1  __aeabi_memclr8                
000017c3  __aeabi_memset                 
000017c3  __aeabi_memset4                
000017c3  __aeabi_memset8                
000017c9  memset                         
0000183b  __mpu_init                     
0000183d  __TI_auto_init                 
000018ad  _system_pre_init               
000018b1  SystemInit                     
00001921  __TI_closefile                 
000019f7  _system_post_cinit             
000019f9  __TI_writemsg                  
00001a27  C$$IO$$                        
00001a2b  __TI_readmsg                   
00001a61  _c_int00                       
00001ab5  C$$EXIT                        
00001ab9  abort                          
00001ac1  exit                           
00001b09  __time32                       
00001b09  time                           
00001b59  copy_in                        
00001ba5  __TI_doflush                   
00001bf1  rand                           
00001c21  _abort_msg                     
00001c6d  _args_main                     
00001c85  __TI_decompress_none           
00001c93  __TI_decompress_rle24          
00001c98  _p8_t                          
00001d18  _hw                            
00001d98  _p32_t                         
00001f98  psi_rev                        
00002798  psi_inv_rev                    
00003014  __TI_Handler_Table_Base        
0000301c  __TI_CINIT_Base                
0000301c  __TI_Handler_Table_Limit       
0000302c  __TI_CINIT_Limit               
20000000  _sys_memory                    
20000400  randomBits                     
20000600  __CIOBUF_                      
20000728  __TI_ft_end                    
2000072c  __TI_tmpnams                   
200007cc  _ftable                        
2000098c  __TI_cleanup_ptr               
20000990  __TI_dtors_ptr                 
20000994  __TI_enable_exit_profile_output
200009a4  _lock                          
200009a8  _unlock                        
200009b0  main_func_sp                   
2000fe00  __stack                        
20010000  __STACK_END                    
4000480c  WDTCTL_SYM                     
ffffffff  __TI_pprof_out_hndl            
ffffffff  __TI_prof_data_size            
ffffffff  __TI_prof_data_start           
ffffffff  __binit__                      
ffffffff  __c_args__                     
ffffffff  binit                          
UNDEFED   SHT$$INIT_ARRAY$$Base          
UNDEFED   SHT$$INIT_ARRAY$$Limit         

[93 symbols]
