******************************************************************************
                  TI ARM Linker Unix v15.12.1                  
******************************************************************************
>> Linked Mon Jun 20 12:52:01 2016

OUTPUT FILE NAME:   <RLWE.out>
ENTRY POINT SYMBOL: "_c_int00"  address: 0000214d


MEMORY CONFIGURATION

         name            origin    length      used     unused   attr    fill
----------------------  --------  ---------  --------  --------  ----  --------
  MAIN                  00000000   00040000  000037b0  0003c850  R  X
  INFO                  00200000   00004000  00000000  00004000  R  X
  SRAM_CODE             01000000   00010000  00000bc8  0000f438  RW X
  SRAM_DATA             20000000   00010000  00000bc8  0000f438  RW  


SEGMENT ALLOCATION MAP

run origin  load origin   length   init length attrs members
----------  ----------- ---------- ----------- ----- -------
00000000    00000000    000037b4   000037b4    r-x
  00000000    00000000    00000140   00000140    r-- .intvecs
  00000140    00000140    000022c4   000022c4    r-x .text
  00002404    00002404    00001300   00001300    r-- .const
  00003708    00003708    000000ac   000000ac    r-- .cinit
20000000    20000000    000009c8   00000000    rw-
  20000000    20000000    00000400   00000000    rw- .sysmem
  20000400    20000400    000003c8   00000000    rw- .bss
  200007c8    200007c8    00000200   00000000    rw- .data
2000fe00    2000fe00    00000200   00000000    rw-
  2000fe00    2000fe00    00000200   00000000    rw- .stack


SECTION ALLOCATION MAP

 output                                  attributes/
section   page    origin      length       input sections
--------  ----  ----------  ----------   ----------------
.intvecs   0    00000000    00000140     
                  00000000    00000140     startup_msp432p401r_ccs.obj (.intvecs:retain)

.text      0    00000140    000022c4     
                  00000140    00000a38     main.obj (.text)
                  00000b78    000003dc     rtsv7M4_T_le_v4SPD16_eabi.lib : memory.obj (.text)
                  00000f54    00000328     system_msp432p401r.obj (.text)
                  0000127c    00000324     rtsv7M4_T_le_v4SPD16_eabi.lib : trgdrv.obj (.text)
                  000015a0    0000030c                                   : lowlev.obj (.text)
                  000018ac    000001c4                                   : fopen.obj (.text)
                  00001a70    00000134                                   : fputs.obj (.text)
                  00001ba4    000000dc                                   : setvbuf.obj (.text)
                  00001c80    000000c8                                   : fflush.obj (.text)
                  00001d48    000000ac                                   : _io_perm.obj (.text)
                  00001df4    0000009c                                   : memcpy_t2.obj (.text)
                  00001e90    00000098                                   : fclose.obj (.text)
                  00001f28    0000007a                                   : memset_t2.obj (.text)
                  00001fa2    00000002                                   : i_div0.obj (.text)
                  00001fa4    00000070                                   : autoinit.obj (.text)
                  00002014    0000006a                                   : copy_decompress_rle.obj (.text)
                  0000207e    00000002                                   : mpu_init.obj (.text)
                  00002080    00000068                                   : trgmsg.obj (.text)
                  000020e8    00000064                                   : fseek.obj (.text)
                  0000214c    00000054                                   : boot.obj (.text)
                  000021a0    00000054                                   : exit.obj (.text)
                  000021f4    0000004c                                   : cpy_tbl.obj (.text)
                  00002240    0000004c                                   : rand.obj (.text)
                  0000228c    00000040                                   : u_divt2.obj (.text)
                  000022cc    00000030                                   : strncpy.obj (.text)
                  000022fc    0000002c                                   : assert.obj (.text)
                  00002328    00000020                                   : memchr.obj (.text)
                  00002348    00000018                                   : args_main.obj (.text)
                  00002360    00000018                                   : strcmp.obj (.text)
                  00002378    00000016                                   : strchr.obj (.text)
                  0000238e    00000002                                   : startup.obj (.text)
                  00002390    00000014                                   : _lock.obj (.text)
                  000023a4    00000014                                   : strcpy.obj (.text)
                  000023b8    00000014                                   : strlen.obj (.text)
                  000023cc    00000012     startup_msp432p401r_ccs.obj (.text)
                  000023de    0000000e     rtsv7M4_T_le_v4SPD16_eabi.lib : copy_decompress_none.obj (.text:decompress:none)
                  000023ec    0000000e                                   : time.obj (.text)
                  000023fa    00000006                                   : copy_decompress_rle.obj (.text:decompress:rle24)
                  00002400    00000004                                   : pre_init.obj (.text)

.const     0    00002404    00001300     
                  00002404    00000800     main.obj (.const:psi_inv_rev)
                  00002c04    00000800     main.obj (.const:psi_rev)
                  00003404    00000200     main.obj (.const:_p32_t)
                  00003604    00000080     main.obj (.const:.string:_hw)
                  00003684    00000080     main.obj (.const:.string:_p8_t)

.cinit     0    00003708    000000ac     
                  00003708    00000084     (.cinit..data.load) [load image, compression = rle]
                  0000378c    00000004     --HOLE-- [fill = 0]
                  00003790    0000000b     (.cinit..bss.load) [load image, compression = rle]
                  0000379b    00000001     --HOLE-- [fill = 0]
                  0000379c    00000008     (__TI_handler_table)
                  000037a4    00000010     (__TI_cinit_table)

.init_array 
*          0    00000000    00000000     UNINITIALIZED

.binit     0    00000000    00000000     

.sysmem    0    20000000    00000400     UNINITIALIZED
                  20000000    00000008     rtsv7M4_T_le_v4SPD16_eabi.lib : memory.obj (.sysmem)
                  20000008    000003f8     --HOLE--

.bss       0    20000400    000003c8     UNINITIALIZED
                  20000400    00000200     (.common:randomBits)
                  20000600    00000120     rtsv7M4_T_le_v4SPD16_eabi.lib : trgmsg.obj (.bss:_CIOBUF_)
                  20000720    000000a0     (.common:__TI_tmpnams)
                  200007c0    00000008                                   : trgdrv.obj (.bss:parmbuf)

.data      0    200007c8    00000200     UNINITIALIZED
                  200007c8    000000f0     rtsv7M4_T_le_v4SPD16_eabi.lib : defs.obj (.data:_ftable)
                  200008b8    000000d0                                   : lowlev.obj (.data:$O1$$)
                  20000988    00000010                                   : defs.obj (.data)
                  20000998    0000000c                                   : exit.obj (.data:$O1$$)
                  200009a4    0000000c                                   : memory.obj (.data:$O1$$)
                  200009b0    00000008                                   : _lock.obj (.data:$O1$$)
                  200009b8    00000004                                   : fopen.obj (.data)
                  200009bc    00000004                                   : rand.obj (.data)
                  200009c0    00000004                                   : stkdepth_vars.obj (.data)
                  200009c4    00000004     system_msp432p401r.obj (.data)

.stack     0    2000fe00    00000200     UNINITIALIZED
                  2000fe00    00000200     --HOLE--

MODULE SUMMARY

       Module                        code   ro data   rw data
       ------                        ----   -------   -------
    ./
       main.obj                      2616   4864      1024   
       system_msp432p401r.obj        808    0         8      
       startup_msp432p401r_ccs.obj   18     320       0      
    +--+-----------------------------+------+---------+---------+
       Total:                        3442   5184      1032   
                                                             
    /home/jnortiz/ti_0/ccsv6/tools/compiler/ti-cgt-arm_15.12.1.LTS/lib/rtsv7M4_T_le_v4SPD16_eabi.lib
       lowlev.obj                    780    0         416    
       memory.obj                    988    0         24     
       defs.obj                      0      0         832    
       trgdrv.obj                    804    0         16     
       trgmsg.obj                    104    0         576    
       fopen.obj                     452    0         8      
       fputs.obj                     308    0         0      
       setvbuf.obj                   220    0         0      
       fflush.obj                    200    0         0      
       _io_perm.obj                  172    0         0      
       memcpy_t2.obj                 156    0         0      
       fclose.obj                    152    0         0      
       memset_t2.obj                 122    0         0      
       autoinit.obj                  112    0         0      
       copy_decompress_rle.obj       112    0         0      
       exit.obj                      84     0         24     
       fseek.obj                     100    0         0      
       boot.obj                      84     0         0      
       rand.obj                      76     0         8      
       cpy_tbl.obj                   76     0         0      
       u_divt2.obj                   64     0         0      
       strncpy.obj                   48     0         0      
       assert.obj                    44     0         0      
       _lock.obj                     20     0         16     
       memchr.obj                    32     0         0      
       args_main.obj                 24     0         0      
       strcmp.obj                    24     0         0      
       strchr.obj                    22     0         0      
       strcpy.obj                    20     0         0      
       strlen.obj                    20     0         0      
       copy_decompress_none.obj      14     0         0      
       time.obj                      14     0         0      
       stkdepth_vars.obj             0      0         8      
       pre_init.obj                  4      0         0      
       i_div0.obj                    2      0         0      
       mpu_init.obj                  2      0         0      
       startup.obj                   2      0         0      
    +--+-----------------------------+------+---------+---------+
       Total:                        5458   0         1928   
                                                             
       Heap:                         0      0         2048   
       Stack:                        0      0         1024   
       Linker Generated:             0      167       0      
    +--+-----------------------------+------+---------+---------+
       Grand Total:                  8900   5351      6032   


LINKER GENERATED COPY TABLES

__TI_cinit_table @ 000037a4 records: 2, size/record: 8, table size: 16
	.data: load addr=00003708, load size=00000084 bytes, run addr=200007c8, run size=00000200 bytes, compression=rle
	.bss: load addr=00003790, load size=0000000b bytes, run addr=20000400, run size=000003c8 bytes, compression=rle


LINKER GENERATED HANDLER TABLE

__TI_handler_table @ 0000379c records: 2, size/record: 4, table size: 8
	index: 0, handler: __TI_decompress_rle24
	index: 1, handler: __TI_decompress_none


GLOBAL SYMBOLS: SORTED ALPHABETICALLY BY Name 

address   name                           
-------   ----                           
000006e1  Add                            
000021a1  C$$EXIT                        
000020af  C$$IO$$                        
00000963  Decode                         
000008cd  Decryption                     
00000927  Encode                         
000007b1  Encryption                     
00001553  HOSTclock                      
0000151b  HOSTclose                      
000014dd  HOSTgetenv                     
00001481  HOSTlseek                      
0000142f  HOSTopen                       
000013e3  HOSTread                       
00001385  HOSTrename                     
0000134b  HOSTtime                       
00001301  HOSTtime64                     
000012c9  HOSTunlink                     
0000127d  HOSTwrite                      
00000525  INTT                           
0000072d  KeyGeneration                  
00000637  Mult                           
00000449  NTT                            
0000067f  PolySampling                   
000006ad  RandomPoly                     
UNDEFED   SHT$$INIT_ARRAY$$Base          
UNDEFED   SHT$$INIT_ARRAY$$Limit         
00000161  Select                         
200009c4  SystemCoreClock                
00000f55  SystemCoreClockUpdate          
000011c9  SystemInit                     
4000480c  WDTCTL_SYM                     
20000600  __CIOBUF_                      
20010000  __STACK_END                    
00000200  __STACK_SIZE                   
00000400  __SYSMEM_SIZE                  
000037a4  __TI_CINIT_Base                
000037b4  __TI_CINIT_Limit               
0000379c  __TI_Handler_Table_Base        
000037a4  __TI_Handler_Table_Limit       
00001fa5  __TI_auto_init                 
00001975  __TI_cleanup                   
20000998  __TI_cleanup_ptr               
00001e91  __TI_closefile                 
000023df  __TI_decompress_none           
000023fb  __TI_decompress_rle24          
00001c81  __TI_doflush                   
2000099c  __TI_dtors_ptr                 
200009a0  __TI_enable_exit_profile_output
20000988  __TI_ft_end                    
ffffffff  __TI_pprof_out_hndl            
ffffffff  __TI_prof_data_size            
ffffffff  __TI_prof_data_start           
00001dab  __TI_rd_ok                     
000020b3  __TI_readmsg                   
00000000  __TI_static_base__             
20000720  __TI_tmpnams                   
00002081  __TI_writemsg                  
00001d49  __TI_wrt_ok                    
00001fa3  __aeabi_idiv0                  
00001f29  __aeabi_memclr                 
00001f29  __aeabi_memclr4                
00001f29  __aeabi_memclr8                
00001df5  __aeabi_memcpy                 
00001df5  __aeabi_memcpy4                
00001df5  __aeabi_memcpy8                
00001f2b  __aeabi_memset                 
00001f2b  __aeabi_memset4                
00001f2b  __aeabi_memset8                
20000994  __aeabi_stderr                 
2000098c  __aeabi_stdin                  
20000990  __aeabi_stdout                 
0000228d  __aeabi_uidiv                  
0000228d  __aeabi_uidivmod               
ffffffff  __binit__                      
ffffffff  __c_args__                     
0000207f  __mpu_init                     
2000fe00  __stack                        
000023ed  __time32                       
000022ff  _abort_msg                     
00002349  _args_main                     
00002315  _assert                        
0000214d  _c_int00                       
200007c8  _ftable                        
00003604  _hw                            
200009b0  _lock                          
000022fd  _nassert                       
0000239f  _nop                           
00003404  _p32_t                         
00003684  _p8_t                          
00002397  _register_lock                 
00002391  _register_unlock               
20000000  _sys_memory                    
0000238f  _system_post_cinit             
00002401  _system_pre_init               
200009b4  _unlock                        
000021a5  abort                          
00001801  add_device                     
ffffffff  binit                          
00000f21  calloc                         
000017b1  close                          
000021f5  copy_in                        
000021ad  exit                           
00001ef7  fclose                         
00001ccd  fflush                         
000019cb  fopen                          
00001a71  fputs                          
00000c6f  free                           
000019a1  freopen                        
000020e9  fseek                          
00000000  interruptVectors               
00000183  knuth_yao_ct_fast_32           
0000178d  lseek                          
000009cd  main                           
200009c0  main_func_sp                   
00000c07  malloc                         
00000e3d  memalign                       
00002329  memchr                         
00001df5  memcpy                         
00001f31  memset                         
00000b79  minit                          
00000407  mod                            
000016df  open                           
00002404  psi_inv_rev                    
00002c04  psi_rev                        
00001b7d  puts                           
00002257  rand                           
20000400  randomBits                     
000016bb  read                           
00000d31  realloc                        
00001631  remove                         
00001693  remove_device                  
00001655  rename                         
00001ba5  setvbuf                        
00002241  srand                          
00002379  strchr                         
00002361  strcmp                         
000023a5  strcpy                         
000023b9  strlen                         
000022cd  strncpy                        
000023ed  time                           
00001631  unlink                         
000015a1  write                          


GLOBAL SYMBOLS: SORTED BY Symbol Address 

address   name                           
-------   ----                           
00000000  __TI_static_base__             
00000000  interruptVectors               
00000161  Select                         
00000183  knuth_yao_ct_fast_32           
00000200  __STACK_SIZE                   
00000400  __SYSMEM_SIZE                  
00000407  mod                            
00000449  NTT                            
00000525  INTT                           
00000637  Mult                           
0000067f  PolySampling                   
000006ad  RandomPoly                     
000006e1  Add                            
0000072d  KeyGeneration                  
000007b1  Encryption                     
000008cd  Decryption                     
00000927  Encode                         
00000963  Decode                         
000009cd  main                           
00000b79  minit                          
00000c07  malloc                         
00000c6f  free                           
00000d31  realloc                        
00000e3d  memalign                       
00000f21  calloc                         
00000f55  SystemCoreClockUpdate          
000011c9  SystemInit                     
0000127d  HOSTwrite                      
000012c9  HOSTunlink                     
00001301  HOSTtime64                     
0000134b  HOSTtime                       
00001385  HOSTrename                     
000013e3  HOSTread                       
0000142f  HOSTopen                       
00001481  HOSTlseek                      
000014dd  HOSTgetenv                     
0000151b  HOSTclose                      
00001553  HOSTclock                      
000015a1  write                          
00001631  remove                         
00001631  unlink                         
00001655  rename                         
00001693  remove_device                  
000016bb  read                           
000016df  open                           
0000178d  lseek                          
000017b1  close                          
00001801  add_device                     
00001975  __TI_cleanup                   
000019a1  freopen                        
000019cb  fopen                          
00001a71  fputs                          
00001b7d  puts                           
00001ba5  setvbuf                        
00001c81  __TI_doflush                   
00001ccd  fflush                         
00001d49  __TI_wrt_ok                    
00001dab  __TI_rd_ok                     
00001df5  __aeabi_memcpy                 
00001df5  __aeabi_memcpy4                
00001df5  __aeabi_memcpy8                
00001df5  memcpy                         
00001e91  __TI_closefile                 
00001ef7  fclose                         
00001f29  __aeabi_memclr                 
00001f29  __aeabi_memclr4                
00001f29  __aeabi_memclr8                
00001f2b  __aeabi_memset                 
00001f2b  __aeabi_memset4                
00001f2b  __aeabi_memset8                
00001f31  memset                         
00001fa3  __aeabi_idiv0                  
00001fa5  __TI_auto_init                 
0000207f  __mpu_init                     
00002081  __TI_writemsg                  
000020af  C$$IO$$                        
000020b3  __TI_readmsg                   
000020e9  fseek                          
0000214d  _c_int00                       
000021a1  C$$EXIT                        
000021a5  abort                          
000021ad  exit                           
000021f5  copy_in                        
00002241  srand                          
00002257  rand                           
0000228d  __aeabi_uidiv                  
0000228d  __aeabi_uidivmod               
000022cd  strncpy                        
000022fd  _nassert                       
000022ff  _abort_msg                     
00002315  _assert                        
00002329  memchr                         
00002349  _args_main                     
00002361  strcmp                         
00002379  strchr                         
0000238f  _system_post_cinit             
00002391  _register_unlock               
00002397  _register_lock                 
0000239f  _nop                           
000023a5  strcpy                         
000023b9  strlen                         
000023df  __TI_decompress_none           
000023ed  __time32                       
000023ed  time                           
000023fb  __TI_decompress_rle24          
00002401  _system_pre_init               
00002404  psi_inv_rev                    
00002c04  psi_rev                        
00003404  _p32_t                         
00003604  _hw                            
00003684  _p8_t                          
0000379c  __TI_Handler_Table_Base        
000037a4  __TI_CINIT_Base                
000037a4  __TI_Handler_Table_Limit       
000037b4  __TI_CINIT_Limit               
20000000  _sys_memory                    
20000400  randomBits                     
20000600  __CIOBUF_                      
20000720  __TI_tmpnams                   
200007c8  _ftable                        
20000988  __TI_ft_end                    
2000098c  __aeabi_stdin                  
20000990  __aeabi_stdout                 
20000994  __aeabi_stderr                 
20000998  __TI_cleanup_ptr               
2000099c  __TI_dtors_ptr                 
200009a0  __TI_enable_exit_profile_output
200009b0  _lock                          
200009b4  _unlock                        
200009c0  main_func_sp                   
200009c4  SystemCoreClock                
2000fe00  __stack                        
20010000  __STACK_END                    
4000480c  WDTCTL_SYM                     
ffffffff  __TI_pprof_out_hndl            
ffffffff  __TI_prof_data_size            
ffffffff  __TI_prof_data_start           
ffffffff  __binit__                      
ffffffff  __c_args__                     
ffffffff  binit                          
UNDEFED   SHT$$INIT_ARRAY$$Base          
UNDEFED   SHT$$INIT_ARRAY$$Limit         

[142 symbols]
